[0.612s] DEBUG:colcon:Command line arguments: ['/usr/bin/colcon', 'build', '--symlink-install']
[0.612s] DEBUG:colcon:Parsed command line arguments: Namespace(log_base=None, log_level=None, verb_name='build', build_base='build', install_base='install', merge_install=False, symlink_install=True, test_result_base=None, continue_on_error=False, executor='parallel', parallel_workers=4, event_handlers=None, ignore_user_meta=False, metas=['./colcon.meta'], base_paths=['.'], packages_ignore=None, packages_ignore_regex=None, paths=None, packages_up_to=None, packages_up_to_regex=None, packages_above=None, packages_above_and_dependencies=None, packages_above_depth=None, packages_select_by_dep=None, packages_skip_by_dep=None, packages_skip_up_to=None, packages_select_build_failed=False, packages_skip_build_finished=False, packages_select_test_failures=False, packages_skip_test_passed=False, packages_select=None, packages_skip=None, packages_select_regex=None, packages_skip_regex=None, packages_start=None, packages_end=None, allow_overriding=[], cmake_args=None, cmake_target=None, cmake_target_skip_unavailable=False, cmake_clean_cache=False, cmake_clean_first=False, cmake_force_configure=False, ament_cmake_args=None, catkin_cmake_args=None, catkin_skip_building_tests=False, mixin_files=None, mixin=None, verb_parser=<colcon_mixin.mixin.mixin_argument.MixinArgumentDecorator object at 0xffffadad9cf0>, verb_extension=<colcon_core.verb.build.BuildVerb object at 0xffffadc92ce0>, main=<bound method BuildVerb.main of <colcon_core.verb.build.BuildVerb object at 0xffffadc92ce0>>, mixin_verb=('build',))
[1.633s] Level 1:colcon.colcon_core.package_discovery:discover_packages(colcon_meta) check parameters
[1.634s] Level 1:colcon.colcon_core.package_discovery:discover_packages(recursive) check parameters
[1.634s] Level 1:colcon.colcon_core.package_discovery:discover_packages(ignore) check parameters
[1.634s] Level 1:colcon.colcon_core.package_discovery:discover_packages(path) check parameters
[1.635s] Level 1:colcon.colcon_core.package_discovery:discover_packages(colcon_meta) discover
[1.635s] Level 1:colcon.colcon_core.package_discovery:discover_packages(recursive) discover
[1.635s] INFO:colcon.colcon_core.package_discovery:Crawling recursively for packages in '/home/scu2u/ros2_ws'
[1.636s] Level 1:colcon.colcon_core.package_identification:_identify(.) by extensions ['ignore', 'ignore_ament_install']
[1.636s] Level 1:colcon.colcon_core.package_identification:_identify(.) by extension 'ignore'
[1.636s] Level 1:colcon.colcon_core.package_identification:_identify(.) by extension 'ignore_ament_install'
[1.637s] Level 1:colcon.colcon_core.package_identification:_identify(.) by extensions ['colcon_pkg']
[1.637s] Level 1:colcon.colcon_core.package_identification:_identify(.) by extension 'colcon_pkg'
[1.637s] Level 1:colcon.colcon_core.package_identification:_identify(.) by extensions ['colcon_meta']
[1.637s] Level 1:colcon.colcon_core.package_identification:_identify(.) by extension 'colcon_meta'
[1.637s] Level 1:colcon.colcon_core.package_identification:_identify(.) by extensions ['ros']
[1.637s] Level 1:colcon.colcon_core.package_identification:_identify(.) by extension 'ros'
[1.681s] Level 1:colcon.colcon_core.package_identification:_identify(.) by extensions ['cmake', 'python']
[1.681s] Level 1:colcon.colcon_core.package_identification:_identify(.) by extension 'cmake'
[1.682s] Level 1:colcon.colcon_core.package_identification:_identify(.) by extension 'python'
[1.682s] Level 1:colcon.colcon_core.package_identification:_identify(.) by extensions ['python_setup_py']
[1.682s] Level 1:colcon.colcon_core.package_identification:_identify(.) by extension 'python_setup_py'
[1.683s] Level 1:colcon.colcon_core.package_identification:_identify(build) by extensions ['ignore', 'ignore_ament_install']
[1.683s] Level 1:colcon.colcon_core.package_identification:_identify(build) by extension 'ignore'
[1.683s] Level 1:colcon.colcon_core.package_identification:_identify(build) ignored
[1.684s] Level 1:colcon.colcon_core.package_identification:_identify(install) by extensions ['ignore', 'ignore_ament_install']
[1.684s] Level 1:colcon.colcon_core.package_identification:_identify(install) by extension 'ignore'
[1.684s] Level 1:colcon.colcon_core.package_identification:_identify(install) ignored
[1.685s] Level 1:colcon.colcon_core.package_identification:_identify(log) by extensions ['ignore', 'ignore_ament_install']
[1.685s] Level 1:colcon.colcon_core.package_identification:_identify(log) by extension 'ignore'
[1.686s] Level 1:colcon.colcon_core.package_identification:_identify(log) ignored
[1.686s] Level 1:colcon.colcon_core.package_identification:_identify(src) by extensions ['ignore', 'ignore_ament_install']
[1.686s] Level 1:colcon.colcon_core.package_identification:_identify(src) by extension 'ignore'
[1.687s] Level 1:colcon.colcon_core.package_identification:_identify(src) by extension 'ignore_ament_install'
[1.687s] Level 1:colcon.colcon_core.package_identification:_identify(src) by extensions ['colcon_pkg']
[1.687s] Level 1:colcon.colcon_core.package_identification:_identify(src) by extension 'colcon_pkg'
[1.688s] Level 1:colcon.colcon_core.package_identification:_identify(src) by extensions ['colcon_meta']
[1.688s] Level 1:colcon.colcon_core.package_identification:_identify(src) by extension 'colcon_meta'
[1.688s] Level 1:colcon.colcon_core.package_identification:_identify(src) by extensions ['ros']
[1.689s] Level 1:colcon.colcon_core.package_identification:_identify(src) by extension 'ros'
[1.689s] Level 1:colcon.colcon_core.package_identification:_identify(src) by extensions ['cmake', 'python']
[1.689s] Level 1:colcon.colcon_core.package_identification:_identify(src) by extension 'cmake'
[1.690s] Level 1:colcon.colcon_core.package_identification:_identify(src) by extension 'python'
[1.690s] Level 1:colcon.colcon_core.package_identification:_identify(src) by extensions ['python_setup_py']
[1.690s] Level 1:colcon.colcon_core.package_identification:_identify(src) by extension 'python_setup_py'
[1.691s] Level 1:colcon.colcon_core.package_identification:_identify(src/python_package) by extensions ['ignore', 'ignore_ament_install']
[1.691s] Level 1:colcon.colcon_core.package_identification:_identify(src/python_package) by extension 'ignore'
[1.691s] Level 1:colcon.colcon_core.package_identification:_identify(src/python_package) by extension 'ignore_ament_install'
[1.691s] Level 1:colcon.colcon_core.package_identification:_identify(src/python_package) by extensions ['colcon_pkg']
[1.692s] Level 1:colcon.colcon_core.package_identification:_identify(src/python_package) by extension 'colcon_pkg'
[1.692s] Level 1:colcon.colcon_core.package_identification:_identify(src/python_package) by extensions ['colcon_meta']
[1.692s] Level 1:colcon.colcon_core.package_identification:_identify(src/python_package) by extension 'colcon_meta'
[1.692s] Level 1:colcon.colcon_core.package_identification:_identify(src/python_package) by extensions ['ros']
[1.692s] Level 1:colcon.colcon_core.package_identification:_identify(src/python_package) by extension 'ros'
[1.701s] DEBUG:colcon.colcon_core.package_identification:Package 'src/python_package' with type 'ros.ament_python' and name 'python_package'
[1.702s] Level 1:colcon.colcon_core.package_identification:_identify(src/scu2u_sim) by extensions ['ignore', 'ignore_ament_install']
[1.702s] Level 1:colcon.colcon_core.package_identification:_identify(src/scu2u_sim) by extension 'ignore'
[1.702s] Level 1:colcon.colcon_core.package_identification:_identify(src/scu2u_sim) by extension 'ignore_ament_install'
[1.703s] Level 1:colcon.colcon_core.package_identification:_identify(src/scu2u_sim) by extensions ['colcon_pkg']
[1.703s] Level 1:colcon.colcon_core.package_identification:_identify(src/scu2u_sim) by extension 'colcon_pkg'
[1.703s] Level 1:colcon.colcon_core.package_identification:_identify(src/scu2u_sim) by extensions ['colcon_meta']
[1.703s] Level 1:colcon.colcon_core.package_identification:_identify(src/scu2u_sim) by extension 'colcon_meta'
[1.703s] Level 1:colcon.colcon_core.package_identification:_identify(src/scu2u_sim) by extensions ['ros']
[1.704s] Level 1:colcon.colcon_core.package_identification:_identify(src/scu2u_sim) by extension 'ros'
[1.706s] DEBUG:colcon.colcon_core.package_identification:Package 'src/scu2u_sim' with type 'ros.ament_cmake' and name 'scu2u_sim'
[1.706s] Level 1:colcon.colcon_core.package_discovery:discover_packages(recursive) using defaults
[1.706s] Level 1:colcon.colcon_core.package_discovery:discover_packages(ignore) discover
[1.706s] Level 1:colcon.colcon_core.package_discovery:discover_packages(ignore) using defaults
[1.707s] Level 1:colcon.colcon_core.package_discovery:discover_packages(path) discover
[1.707s] Level 1:colcon.colcon_core.package_discovery:discover_packages(path) using defaults
[1.828s] Level 1:colcon.colcon_core.package_discovery:discover_packages(prefix_path) check parameters
[1.828s] Level 1:colcon.colcon_core.package_discovery:discover_packages(prefix_path) discover
[1.949s] DEBUG:colcon.colcon_installed_package_information.package_discovery:Found 287 installed packages in /opt/ros/humble
[1.956s] Level 1:colcon.colcon_core.package_discovery:discover_packages(prefix_path) using defaults
[2.138s] Level 5:colcon.colcon_core.verb:set package 'python_package' build argument 'cmake_args' from command line to 'None'
[2.139s] Level 5:colcon.colcon_core.verb:set package 'python_package' build argument 'cmake_target' from command line to 'None'
[2.139s] Level 5:colcon.colcon_core.verb:set package 'python_package' build argument 'cmake_target_skip_unavailable' from command line to 'False'
[2.139s] Level 5:colcon.colcon_core.verb:set package 'python_package' build argument 'cmake_clean_cache' from command line to 'False'
[2.139s] Level 5:colcon.colcon_core.verb:set package 'python_package' build argument 'cmake_clean_first' from command line to 'False'
[2.139s] Level 5:colcon.colcon_core.verb:set package 'python_package' build argument 'cmake_force_configure' from command line to 'False'
[2.139s] Level 5:colcon.colcon_core.verb:set package 'python_package' build argument 'ament_cmake_args' from command line to 'None'
[2.139s] Level 5:colcon.colcon_core.verb:set package 'python_package' build argument 'catkin_cmake_args' from command line to 'None'
[2.139s] Level 5:colcon.colcon_core.verb:set package 'python_package' build argument 'catkin_skip_building_tests' from command line to 'False'
[2.140s] DEBUG:colcon.colcon_core.verb:Building package 'python_package' with the following arguments: {'ament_cmake_args': None, 'build_base': '/home/scu2u/ros2_ws/build/python_package', 'catkin_cmake_args': None, 'catkin_skip_building_tests': False, 'cmake_args': None, 'cmake_clean_cache': False, 'cmake_clean_first': False, 'cmake_force_configure': False, 'cmake_target': None, 'cmake_target_skip_unavailable': False, 'install_base': '/home/scu2u/ros2_ws/install/python_package', 'merge_install': False, 'path': '/home/scu2u/ros2_ws/src/python_package', 'symlink_install': True, 'test_result_base': None}
[2.141s] Level 5:colcon.colcon_core.verb:set package 'scu2u_sim' build argument 'cmake_args' from command line to 'None'
[2.141s] Level 5:colcon.colcon_core.verb:set package 'scu2u_sim' build argument 'cmake_target' from command line to 'None'
[2.142s] Level 5:colcon.colcon_core.verb:set package 'scu2u_sim' build argument 'cmake_target_skip_unavailable' from command line to 'False'
[2.142s] Level 5:colcon.colcon_core.verb:set package 'scu2u_sim' build argument 'cmake_clean_cache' from command line to 'False'
[2.142s] Level 5:colcon.colcon_core.verb:set package 'scu2u_sim' build argument 'cmake_clean_first' from command line to 'False'
[2.142s] Level 5:colcon.colcon_core.verb:set package 'scu2u_sim' build argument 'cmake_force_configure' from command line to 'False'
[2.142s] Level 5:colcon.colcon_core.verb:set package 'scu2u_sim' build argument 'ament_cmake_args' from command line to 'None'
[2.142s] Level 5:colcon.colcon_core.verb:set package 'scu2u_sim' build argument 'catkin_cmake_args' from command line to 'None'
[2.142s] Level 5:colcon.colcon_core.verb:set package 'scu2u_sim' build argument 'catkin_skip_building_tests' from command line to 'False'
[2.142s] DEBUG:colcon.colcon_core.verb:Building package 'scu2u_sim' with the following arguments: {'ament_cmake_args': None, 'build_base': '/home/scu2u/ros2_ws/build/scu2u_sim', 'catkin_cmake_args': None, 'catkin_skip_building_tests': False, 'cmake_args': None, 'cmake_clean_cache': False, 'cmake_clean_first': False, 'cmake_force_configure': False, 'cmake_target': None, 'cmake_target_skip_unavailable': False, 'install_base': '/home/scu2u/ros2_ws/install/scu2u_sim', 'merge_install': False, 'path': '/home/scu2u/ros2_ws/src/scu2u_sim', 'symlink_install': True, 'test_result_base': None}
[2.143s] INFO:colcon.colcon_core.executor:Executing jobs using 'parallel' executor
[2.147s] DEBUG:colcon.colcon_parallel_executor.executor.parallel:run_until_complete
[2.148s] INFO:colcon.colcon_ros.task.ament_python.build:Building ROS package in '/home/scu2u/ros2_ws/src/python_package' with build type 'ament_python'
[2.148s] Level 1:colcon.colcon_core.shell:create_environment_hook('python_package', 'ament_prefix_path')
[2.157s] INFO:colcon.colcon_core.plugin_system:Skipping extension 'colcon_core.shell.bat': Not used on non-Windows systems
[2.158s] INFO:colcon.colcon_core.shell:Creating environment hook '/home/scu2u/ros2_ws/install/python_package/share/python_package/hook/ament_prefix_path.ps1'
[2.162s] INFO:colcon.colcon_core.shell:Creating environment descriptor '/home/scu2u/ros2_ws/install/python_package/share/python_package/hook/ament_prefix_path.dsv'
[2.166s] INFO:colcon.colcon_core.shell:Creating environment hook '/home/scu2u/ros2_ws/install/python_package/share/python_package/hook/ament_prefix_path.sh'
[2.171s] INFO:colcon.colcon_core.shell:Skip shell extension 'powershell' for command environment: Not usable outside of PowerShell
[2.171s] DEBUG:colcon.colcon_core.shell:Skip shell extension 'dsv' for command environment
[2.188s] INFO:colcon.colcon_ros.task.ament_cmake.build:Building ROS package in '/home/scu2u/ros2_ws/src/scu2u_sim' with build type 'ament_cmake'
[2.189s] INFO:colcon.colcon_cmake.task.cmake.build:Building CMake package in '/home/scu2u/ros2_ws/src/scu2u_sim'
[2.190s] INFO:colcon.colcon_core.shell:Skip shell extension 'powershell' for command environment: Not usable outside of PowerShell
[2.190s] DEBUG:colcon.colcon_core.shell:Skip shell extension 'dsv' for command environment
[3.522s] INFO:colcon.colcon_core.task.python.build:Building Python package in '/home/scu2u/ros2_ws/src/python_package'
[3.523s] INFO:colcon.colcon_core.shell:Skip shell extension 'powershell' for command environment: Not usable outside of PowerShell
[3.523s] DEBUG:colcon.colcon_core.shell:Skip shell extension 'dsv' for command environment
[3.559s] DEBUG:colcon.colcon_core.event_handler.log_command:Invoking command in '/home/scu2u/ros2_ws/build/scu2u_sim': CMAKE_PREFIX_PATH=/opt/ros/humble /usr/bin/cmake /home/scu2u/ros2_ws/src/scu2u_sim -DAMENT_CMAKE_SYMLINK_INSTALL=1 -DCMAKE_INSTALL_PREFIX=/home/scu2u/ros2_ws/install/scu2u_sim
[4.876s] DEBUG:colcon.colcon_core.event_handler.log_command:Invoked command in '/home/scu2u/ros2_ws/build/scu2u_sim' returned '0': CMAKE_PREFIX_PATH=/opt/ros/humble /usr/bin/cmake /home/scu2u/ros2_ws/src/scu2u_sim -DAMENT_CMAKE_SYMLINK_INSTALL=1 -DCMAKE_INSTALL_PREFIX=/home/scu2u/ros2_ws/install/scu2u_sim
[4.886s] DEBUG:colcon.colcon_core.event_handler.log_command:Invoking command in '/home/scu2u/ros2_ws/build/scu2u_sim': CMAKE_PREFIX_PATH=/opt/ros/humble /usr/bin/cmake --build /home/scu2u/ros2_ws/build/scu2u_sim -- -j4 -l4
[5.057s] DEBUG:colcon.colcon_core.event_handler.log_command:Invoked command in '/home/scu2u/ros2_ws/build/scu2u_sim' returned '0': CMAKE_PREFIX_PATH=/opt/ros/humble /usr/bin/cmake --build /home/scu2u/ros2_ws/build/scu2u_sim -- -j4 -l4
[5.109s] DEBUG:colcon.colcon_core.event_handler.log_command:Invoking command in '/home/scu2u/ros2_ws/build/scu2u_sim': CMAKE_PREFIX_PATH=/opt/ros/humble /usr/bin/cmake --install /home/scu2u/ros2_ws/build/scu2u_sim
[5.668s] DEBUG:colcon.colcon_core.task.python.build:While undoing a previous installation files outside the Python library path are being ignored: /home/scu2u/ros2_ws/install/python_package/share/ament_index/resource_index/packages/python_package
[5.669s] DEBUG:colcon.colcon_core.task.python.build:While undoing a previous installation files outside the Python library path are being ignored: /home/scu2u/ros2_ws/install/python_package/share/python_package/package.xml
[5.670s] DEBUG:colcon.colcon_core.task.python.build:While undoing a previous installation files outside the Python library path are being ignored: /home/scu2u/ros2_ws/install/python_package/lib/python_package/log_imu_data_wifi
[5.670s] DEBUG:colcon.colcon_core.task.python.build:While undoing a previous installation files outside the Python library path are being ignored: /home/scu2u/ros2_ws/install/python_package/lib/python_package/send_commands
[5.671s] DEBUG:colcon.colcon_core.task.python.build:While undoing a previous installation files outside the Python library path are being ignored: /home/scu2u/ros2_ws/install/python_package/lib/python_package/test_pub
[5.671s] DEBUG:colcon.colcon_core.task.python.build:While undoing a previous installation files outside the Python library path are being ignored: /home/scu2u/ros2_ws/install/python_package/lib/python_package/test_sub
[5.690s] DEBUG:colcon.colcon_core.event_handler.log_command:Invoking command in '/home/scu2u/ros2_ws/build/python_package': PYTHONPATH=/home/scu2u/ros2_ws/build/python_package/prefix_override:/usr/lib/python3/dist-packages/colcon_core/task/python/colcon_distutils_commands:/home/scu2u/ros2_ws/install/python_package/lib/python3.10/site-packages:${PYTHONPATH} /usr/bin/python3 -W ignore:setup.py install is deprecated -W ignore:easy_install command is deprecated setup.py develop --editable --build-directory /home/scu2u/ros2_ws/build/python_package/build --no-deps symlink_data --force
[5.831s] Level 1:colcon.colcon_core.environment:create_environment_scripts_only(scu2u_sim)
[5.834s] DEBUG:colcon.colcon_core.event_handler.log_command:Invoked command in '/home/scu2u/ros2_ws/build/scu2u_sim' returned '0': CMAKE_PREFIX_PATH=/opt/ros/humble /usr/bin/cmake --install /home/scu2u/ros2_ws/build/scu2u_sim
[5.847s] Level 1:colcon.colcon_core.environment:checking '/home/scu2u/ros2_ws/install/scu2u_sim' for CMake module files
[5.850s] Level 1:colcon.colcon_core.environment:checking '/home/scu2u/ros2_ws/install/scu2u_sim' for CMake config files
[5.853s] Level 1:colcon.colcon_core.shell:create_environment_hook('scu2u_sim', 'cmake_prefix_path')
[5.854s] INFO:colcon.colcon_core.shell:Creating environment hook '/home/scu2u/ros2_ws/install/scu2u_sim/share/scu2u_sim/hook/cmake_prefix_path.ps1'
[5.856s] INFO:colcon.colcon_core.shell:Creating environment descriptor '/home/scu2u/ros2_ws/install/scu2u_sim/share/scu2u_sim/hook/cmake_prefix_path.dsv'
[5.859s] INFO:colcon.colcon_core.shell:Creating environment hook '/home/scu2u/ros2_ws/install/scu2u_sim/share/scu2u_sim/hook/cmake_prefix_path.sh'
[5.862s] Level 1:colcon.colcon_core.environment:checking '/home/scu2u/ros2_ws/install/scu2u_sim/bin'
[5.863s] Level 1:colcon.colcon_core.environment:checking '/home/scu2u/ros2_ws/install/scu2u_sim/lib/pkgconfig/scu2u_sim.pc'
[5.864s] Level 1:colcon.colcon_core.environment:checking '/home/scu2u/ros2_ws/install/scu2u_sim/lib/python3.10/site-packages'
[5.866s] Level 1:colcon.colcon_core.environment:checking '/home/scu2u/ros2_ws/install/scu2u_sim/bin'
[5.868s] INFO:colcon.colcon_core.shell:Creating package script '/home/scu2u/ros2_ws/install/scu2u_sim/share/scu2u_sim/package.ps1'
[5.871s] INFO:colcon.colcon_core.shell:Creating package descriptor '/home/scu2u/ros2_ws/install/scu2u_sim/share/scu2u_sim/package.dsv'
[5.875s] INFO:colcon.colcon_core.shell:Creating package script '/home/scu2u/ros2_ws/install/scu2u_sim/share/scu2u_sim/package.sh'
[5.879s] INFO:colcon.colcon_core.shell:Creating package script '/home/scu2u/ros2_ws/install/scu2u_sim/share/scu2u_sim/package.bash'
[5.884s] INFO:colcon.colcon_core.shell:Creating package script '/home/scu2u/ros2_ws/install/scu2u_sim/share/scu2u_sim/package.zsh'
[5.889s] Level 1:colcon.colcon_core.environment:create_file_with_runtime_dependencies(/home/scu2u/ros2_ws/install/scu2u_sim/share/colcon-core/packages/scu2u_sim)
[5.892s] Level 1:colcon.colcon_core.environment:create_environment_scripts_only(scu2u_sim)
[5.894s] Level 1:colcon.colcon_core.environment:checking '/home/scu2u/ros2_ws/install/scu2u_sim' for CMake module files
[5.897s] Level 1:colcon.colcon_core.environment:checking '/home/scu2u/ros2_ws/install/scu2u_sim' for CMake config files
[5.899s] Level 1:colcon.colcon_core.shell:create_environment_hook('scu2u_sim', 'cmake_prefix_path')
[5.900s] INFO:colcon.colcon_core.shell:Creating environment hook '/home/scu2u/ros2_ws/install/scu2u_sim/share/scu2u_sim/hook/cmake_prefix_path.ps1'
[5.903s] INFO:colcon.colcon_core.shell:Creating environment descriptor '/home/scu2u/ros2_ws/install/scu2u_sim/share/scu2u_sim/hook/cmake_prefix_path.dsv'
[5.907s] INFO:colcon.colcon_core.shell:Creating environment hook '/home/scu2u/ros2_ws/install/scu2u_sim/share/scu2u_sim/hook/cmake_prefix_path.sh'
[5.910s] Level 1:colcon.colcon_core.environment:checking '/home/scu2u/ros2_ws/install/scu2u_sim/bin'
[5.911s] Level 1:colcon.colcon_core.environment:checking '/home/scu2u/ros2_ws/install/scu2u_sim/lib/pkgconfig/scu2u_sim.pc'
[5.912s] Level 1:colcon.colcon_core.environment:checking '/home/scu2u/ros2_ws/install/scu2u_sim/lib/python3.10/site-packages'
[5.914s] Level 1:colcon.colcon_core.environment:checking '/home/scu2u/ros2_ws/install/scu2u_sim/bin'
[5.916s] INFO:colcon.colcon_core.shell:Creating package script '/home/scu2u/ros2_ws/install/scu2u_sim/share/scu2u_sim/package.ps1'
[5.920s] INFO:colcon.colcon_core.shell:Creating package descriptor '/home/scu2u/ros2_ws/install/scu2u_sim/share/scu2u_sim/package.dsv'
[5.923s] INFO:colcon.colcon_core.shell:Creating package script '/home/scu2u/ros2_ws/install/scu2u_sim/share/scu2u_sim/package.sh'
[5.925s] INFO:colcon.colcon_core.shell:Creating package script '/home/scu2u/ros2_ws/install/scu2u_sim/share/scu2u_sim/package.bash'
[5.929s] INFO:colcon.colcon_core.shell:Creating package script '/home/scu2u/ros2_ws/install/scu2u_sim/share/scu2u_sim/package.zsh'
[5.931s] Level 1:colcon.colcon_core.environment:create_file_with_runtime_dependencies(/home/scu2u/ros2_ws/install/scu2u_sim/share/colcon-core/packages/scu2u_sim)
[8.065s] Level 1:colcon.colcon_core.shell:create_environment_hook('python_package', 'pythonpath_develop')
[8.066s] INFO:colcon.colcon_core.shell:Creating environment hook '/home/scu2u/ros2_ws/build/python_package/share/python_package/hook/pythonpath_develop.ps1'
[8.068s] DEBUG:colcon.colcon_core.event_handler.log_command:Invoked command in '/home/scu2u/ros2_ws/build/python_package' returned '0': PYTHONPATH=/home/scu2u/ros2_ws/build/python_package/prefix_override:/usr/lib/python3/dist-packages/colcon_core/task/python/colcon_distutils_commands:/home/scu2u/ros2_ws/install/python_package/lib/python3.10/site-packages:${PYTHONPATH} /usr/bin/python3 -W ignore:setup.py install is deprecated -W ignore:easy_install command is deprecated setup.py develop --editable --build-directory /home/scu2u/ros2_ws/build/python_package/build --no-deps symlink_data --force
[8.070s] INFO:colcon.colcon_core.shell:Creating environment descriptor '/home/scu2u/ros2_ws/build/python_package/share/python_package/hook/pythonpath_develop.dsv'
[8.072s] INFO:colcon.colcon_core.shell:Creating environment hook '/home/scu2u/ros2_ws/build/python_package/share/python_package/hook/pythonpath_develop.sh'
[8.074s] Level 1:colcon.colcon_core.environment:checking '/home/scu2u/ros2_ws/install/python_package' for CMake module files
[8.077s] Level 1:colcon.colcon_core.environment:checking '/home/scu2u/ros2_ws/install/python_package' for CMake config files
[8.081s] Level 1:colcon.colcon_core.environment:checking '/home/scu2u/ros2_ws/install/python_package/lib'
[8.082s] Level 1:colcon.colcon_core.environment:checking '/home/scu2u/ros2_ws/install/python_package/bin'
[8.083s] Level 1:colcon.colcon_core.environment:checking '/home/scu2u/ros2_ws/install/python_package/lib/pkgconfig/python_package.pc'
[8.084s] Level 1:colcon.colcon_core.environment:checking '/home/scu2u/ros2_ws/install/python_package/lib/python3.10/site-packages'
[8.084s] Level 1:colcon.colcon_core.shell:create_environment_hook('python_package', 'pythonpath')
[8.085s] INFO:colcon.colcon_core.shell:Creating environment hook '/home/scu2u/ros2_ws/install/python_package/share/python_package/hook/pythonpath.ps1'
[8.088s] INFO:colcon.colcon_core.shell:Creating environment descriptor '/home/scu2u/ros2_ws/install/python_package/share/python_package/hook/pythonpath.dsv'
[8.090s] INFO:colcon.colcon_core.shell:Creating environment hook '/home/scu2u/ros2_ws/install/python_package/share/python_package/hook/pythonpath.sh'
[8.094s] Level 1:colcon.colcon_core.environment:checking '/home/scu2u/ros2_ws/install/python_package/bin'
[8.094s] Level 1:colcon.colcon_core.environment:create_environment_scripts_only(python_package)
[8.096s] INFO:colcon.colcon_core.shell:Creating package script '/home/scu2u/ros2_ws/install/python_package/share/python_package/package.ps1'
[8.099s] INFO:colcon.colcon_core.shell:Creating package descriptor '/home/scu2u/ros2_ws/install/python_package/share/python_package/package.dsv'
[8.101s] INFO:colcon.colcon_core.shell:Creating package script '/home/scu2u/ros2_ws/install/python_package/share/python_package/package.sh'
[8.104s] INFO:colcon.colcon_core.shell:Creating package script '/home/scu2u/ros2_ws/install/python_package/share/python_package/package.bash'
[8.106s] INFO:colcon.colcon_core.shell:Creating package script '/home/scu2u/ros2_ws/install/python_package/share/python_package/package.zsh'
[8.108s] Level 1:colcon.colcon_core.environment:create_file_with_runtime_dependencies(/home/scu2u/ros2_ws/install/python_package/share/colcon-core/packages/python_package)
[8.109s] DEBUG:colcon.colcon_parallel_executor.executor.parallel:closing loop
[8.111s] DEBUG:colcon.colcon_parallel_executor.executor.parallel:loop closed
[8.111s] DEBUG:colcon.colcon_parallel_executor.executor.parallel:run_until_complete finished with '0'
[8.112s] DEBUG:colcon.colcon_core.event_reactor:joining thread
[8.137s] INFO:colcon.colcon_core.plugin_system:Skipping extension 'colcon_notification.desktop_notification.terminal_notifier': Not used on non-Darwin systems
[8.137s] INFO:colcon.colcon_core.plugin_system:Skipping extension 'colcon_notification.desktop_notification.win32': Not used on non-Windows systems
[8.137s] INFO:colcon.colcon_notification.desktop_notification:Sending desktop notification using 'notify2'
[8.192s] DEBUG:colcon.colcon_core.event_reactor:joined thread
[8.194s] INFO:colcon.colcon_core.shell:Creating prefix script '/home/scu2u/ros2_ws/install/local_setup.ps1'
[8.198s] INFO:colcon.colcon_core.shell:Creating prefix util module '/home/scu2u/ros2_ws/install/_local_setup_util_ps1.py'
[8.207s] INFO:colcon.colcon_core.shell:Creating prefix chain script '/home/scu2u/ros2_ws/install/setup.ps1'
[8.212s] INFO:colcon.colcon_core.shell:Creating prefix script '/home/scu2u/ros2_ws/install/local_setup.sh'
[8.216s] INFO:colcon.colcon_core.shell:Creating prefix util module '/home/scu2u/ros2_ws/install/_local_setup_util_sh.py'
[8.220s] INFO:colcon.colcon_core.shell:Creating prefix chain script '/home/scu2u/ros2_ws/install/setup.sh'
[8.227s] INFO:colcon.colcon_core.shell:Creating prefix script '/home/scu2u/ros2_ws/install/local_setup.bash'
[8.230s] INFO:colcon.colcon_core.shell:Creating prefix chain script '/home/scu2u/ros2_ws/install/setup.bash'
[8.236s] INFO:colcon.colcon_core.shell:Creating prefix script '/home/scu2u/ros2_ws/install/local_setup.zsh'
[8.240s] INFO:colcon.colcon_core.shell:Creating prefix chain script '/home/scu2u/ros2_ws/install/setup.zsh'
