[0.254s] DEBUG:colcon:Command line arguments: ['/usr/bin/colcon', 'build', '--symlink-install']
[0.254s] DEBUG:colcon:Parsed command line arguments: Namespace(log_base=None, log_level=None, verb_name='build', build_base='build', install_base='install', merge_install=False, symlink_install=True, test_result_base=None, continue_on_error=False, executor='parallel', parallel_workers=6, event_handlers=None, ignore_user_meta=False, metas=['./colcon.meta'], base_paths=['.'], packages_ignore=None, packages_ignore_regex=None, paths=None, packages_up_to=None, packages_up_to_regex=None, packages_above=None, packages_above_and_dependencies=None, packages_above_depth=None, packages_select_by_dep=None, packages_skip_by_dep=None, packages_skip_up_to=None, packages_select_build_failed=False, packages_skip_build_finished=False, packages_select_test_failures=False, packages_skip_test_passed=False, packages_select=None, packages_skip=None, packages_select_regex=None, packages_skip_regex=None, packages_start=None, packages_end=None, allow_overriding=[], cmake_args=None, cmake_target=None, cmake_target_skip_unavailable=False, cmake_clean_cache=False, cmake_clean_first=False, cmake_force_configure=False, ament_cmake_args=None, catkin_cmake_args=None, catkin_skip_building_tests=False, verb_parser=<colcon_defaults.argument_parser.defaults.DefaultArgumentsDecorator object at 0xffffa250b310>, verb_extension=<colcon_core.verb.build.BuildVerb object at 0xffffa250ad70>, main=<bound method BuildVerb.main of <colcon_core.verb.build.BuildVerb object at 0xffffa250ad70>>)
[0.646s] Level 1:colcon.colcon_core.package_discovery:discover_packages(colcon_meta) check parameters
[0.647s] Level 1:colcon.colcon_core.package_discovery:discover_packages(recursive) check parameters
[0.647s] Level 1:colcon.colcon_core.package_discovery:discover_packages(ignore) check parameters
[0.647s] Level 1:colcon.colcon_core.package_discovery:discover_packages(path) check parameters
[0.647s] Level 1:colcon.colcon_core.package_discovery:discover_packages(colcon_meta) discover
[0.647s] Level 1:colcon.colcon_core.package_discovery:discover_packages(recursive) discover
[0.648s] INFO:colcon.colcon_core.package_discovery:Crawling recursively for packages in '/home/scu2u/senior_design/senior_design/ros2_ws'
[0.648s] Level 1:colcon.colcon_core.package_identification:_identify(.) by extensions ['ignore', 'ignore_ament_install']
[0.648s] Level 1:colcon.colcon_core.package_identification:_identify(.) by extension 'ignore'
[0.648s] Level 1:colcon.colcon_core.package_identification:_identify(.) by extension 'ignore_ament_install'
[0.649s] Level 1:colcon.colcon_core.package_identification:_identify(.) by extensions ['colcon_pkg']
[0.649s] Level 1:colcon.colcon_core.package_identification:_identify(.) by extension 'colcon_pkg'
[0.649s] Level 1:colcon.colcon_core.package_identification:_identify(.) by extensions ['colcon_meta']
[0.649s] Level 1:colcon.colcon_core.package_identification:_identify(.) by extension 'colcon_meta'
[0.649s] Level 1:colcon.colcon_core.package_identification:_identify(.) by extensions ['ros']
[0.649s] Level 1:colcon.colcon_core.package_identification:_identify(.) by extension 'ros'
[0.680s] Level 1:colcon.colcon_core.package_identification:_identify(.) by extensions ['cmake', 'python']
[0.680s] Level 1:colcon.colcon_core.package_identification:_identify(.) by extension 'cmake'
[0.680s] Level 1:colcon.colcon_core.package_identification:_identify(.) by extension 'python'
[0.680s] Level 1:colcon.colcon_core.package_identification:_identify(.) by extensions ['python_setup_py']
[0.680s] Level 1:colcon.colcon_core.package_identification:_identify(.) by extension 'python_setup_py'
[0.681s] Level 1:colcon.colcon_core.package_identification:_identify(build) by extensions ['ignore', 'ignore_ament_install']
[0.681s] Level 1:colcon.colcon_core.package_identification:_identify(build) by extension 'ignore'
[0.681s] Level 1:colcon.colcon_core.package_identification:_identify(build) ignored
[0.681s] Level 1:colcon.colcon_core.package_identification:_identify(install) by extensions ['ignore', 'ignore_ament_install']
[0.682s] Level 1:colcon.colcon_core.package_identification:_identify(install) by extension 'ignore'
[0.682s] Level 1:colcon.colcon_core.package_identification:_identify(install) ignored
[0.682s] Level 1:colcon.colcon_core.package_identification:_identify(log) by extensions ['ignore', 'ignore_ament_install']
[0.682s] Level 1:colcon.colcon_core.package_identification:_identify(log) by extension 'ignore'
[0.682s] Level 1:colcon.colcon_core.package_identification:_identify(log) ignored
[0.683s] Level 1:colcon.colcon_core.package_identification:_identify(src) by extensions ['ignore', 'ignore_ament_install']
[0.683s] Level 1:colcon.colcon_core.package_identification:_identify(src) by extension 'ignore'
[0.683s] Level 1:colcon.colcon_core.package_identification:_identify(src) by extension 'ignore_ament_install'
[0.683s] Level 1:colcon.colcon_core.package_identification:_identify(src) by extensions ['colcon_pkg']
[0.683s] Level 1:colcon.colcon_core.package_identification:_identify(src) by extension 'colcon_pkg'
[0.683s] Level 1:colcon.colcon_core.package_identification:_identify(src) by extensions ['colcon_meta']
[0.683s] Level 1:colcon.colcon_core.package_identification:_identify(src) by extension 'colcon_meta'
[0.684s] Level 1:colcon.colcon_core.package_identification:_identify(src) by extensions ['ros']
[0.684s] Level 1:colcon.colcon_core.package_identification:_identify(src) by extension 'ros'
[0.684s] Level 1:colcon.colcon_core.package_identification:_identify(src) by extensions ['cmake', 'python']
[0.684s] Level 1:colcon.colcon_core.package_identification:_identify(src) by extension 'cmake'
[0.684s] Level 1:colcon.colcon_core.package_identification:_identify(src) by extension 'python'
[0.684s] Level 1:colcon.colcon_core.package_identification:_identify(src) by extensions ['python_setup_py']
[0.684s] Level 1:colcon.colcon_core.package_identification:_identify(src) by extension 'python_setup_py'
[0.684s] Level 1:colcon.colcon_core.package_identification:_identify(src/python_package) by extensions ['ignore', 'ignore_ament_install']
[0.685s] Level 1:colcon.colcon_core.package_identification:_identify(src/python_package) by extension 'ignore'
[0.685s] Level 1:colcon.colcon_core.package_identification:_identify(src/python_package) by extension 'ignore_ament_install'
[0.685s] Level 1:colcon.colcon_core.package_identification:_identify(src/python_package) by extensions ['colcon_pkg']
[0.685s] Level 1:colcon.colcon_core.package_identification:_identify(src/python_package) by extension 'colcon_pkg'
[0.685s] Level 1:colcon.colcon_core.package_identification:_identify(src/python_package) by extensions ['colcon_meta']
[0.685s] Level 1:colcon.colcon_core.package_identification:_identify(src/python_package) by extension 'colcon_meta'
[0.685s] Level 1:colcon.colcon_core.package_identification:_identify(src/python_package) by extensions ['ros']
[0.685s] Level 1:colcon.colcon_core.package_identification:_identify(src/python_package) by extension 'ros'
[0.691s] DEBUG:colcon.colcon_core.package_identification:Package 'src/python_package' with type 'ros.ament_python' and name 'python_package'
[0.692s] Level 1:colcon.colcon_core.package_identification:_identify(src/scu2u_sim) by extensions ['ignore', 'ignore_ament_install']
[0.692s] Level 1:colcon.colcon_core.package_identification:_identify(src/scu2u_sim) by extension 'ignore'
[0.692s] Level 1:colcon.colcon_core.package_identification:_identify(src/scu2u_sim) by extension 'ignore_ament_install'
[0.692s] Level 1:colcon.colcon_core.package_identification:_identify(src/scu2u_sim) by extensions ['colcon_pkg']
[0.692s] Level 1:colcon.colcon_core.package_identification:_identify(src/scu2u_sim) by extension 'colcon_pkg'
[0.692s] Level 1:colcon.colcon_core.package_identification:_identify(src/scu2u_sim) by extensions ['colcon_meta']
[0.692s] Level 1:colcon.colcon_core.package_identification:_identify(src/scu2u_sim) by extension 'colcon_meta'
[0.693s] Level 1:colcon.colcon_core.package_identification:_identify(src/scu2u_sim) by extensions ['ros']
[0.693s] Level 1:colcon.colcon_core.package_identification:_identify(src/scu2u_sim) by extension 'ros'
[0.694s] DEBUG:colcon.colcon_core.package_identification:Package 'src/scu2u_sim' with type 'ros.ament_cmake' and name 'scu2u_sim'
[0.694s] Level 1:colcon.colcon_core.package_identification:_identify(src/sllidar_ros2) by extensions ['ignore', 'ignore_ament_install']
[0.694s] Level 1:colcon.colcon_core.package_identification:_identify(src/sllidar_ros2) by extension 'ignore'
[0.695s] Level 1:colcon.colcon_core.package_identification:_identify(src/sllidar_ros2) by extension 'ignore_ament_install'
[0.695s] Level 1:colcon.colcon_core.package_identification:_identify(src/sllidar_ros2) by extensions ['colcon_pkg']
[0.695s] Level 1:colcon.colcon_core.package_identification:_identify(src/sllidar_ros2) by extension 'colcon_pkg'
[0.695s] Level 1:colcon.colcon_core.package_identification:_identify(src/sllidar_ros2) by extensions ['colcon_meta']
[0.695s] Level 1:colcon.colcon_core.package_identification:_identify(src/sllidar_ros2) by extension 'colcon_meta'
[0.695s] Level 1:colcon.colcon_core.package_identification:_identify(src/sllidar_ros2) by extensions ['ros']
[0.695s] Level 1:colcon.colcon_core.package_identification:_identify(src/sllidar_ros2) by extension 'ros'
[0.697s] DEBUG:colcon.colcon_core.package_identification:Package 'src/sllidar_ros2' with type 'ros.ament_cmake' and name 'sllidar_ros2'
[0.697s] Level 1:colcon.colcon_core.package_discovery:discover_packages(recursive) using defaults
[0.697s] Level 1:colcon.colcon_core.package_discovery:discover_packages(ignore) discover
[0.697s] Level 1:colcon.colcon_core.package_discovery:discover_packages(ignore) using defaults
[0.698s] Level 1:colcon.colcon_core.package_discovery:discover_packages(path) discover
[0.698s] Level 1:colcon.colcon_core.package_discovery:discover_packages(path) using defaults
[0.746s] Level 1:colcon.colcon_core.package_discovery:discover_packages(prefix_path) check parameters
[0.747s] Level 1:colcon.colcon_core.package_discovery:discover_packages(prefix_path) discover
[0.752s] DEBUG:colcon.colcon_installed_package_information.package_discovery:Found 273 installed packages in /opt/ros/humble
[0.759s] Level 1:colcon.colcon_core.package_discovery:discover_packages(prefix_path) using defaults
[0.897s] Level 5:colcon.colcon_core.verb:set package 'python_package' build argument 'cmake_args' from command line to 'None'
[0.898s] Level 5:colcon.colcon_core.verb:set package 'python_package' build argument 'cmake_target' from command line to 'None'
[0.898s] Level 5:colcon.colcon_core.verb:set package 'python_package' build argument 'cmake_target_skip_unavailable' from command line to 'False'
[0.898s] Level 5:colcon.colcon_core.verb:set package 'python_package' build argument 'cmake_clean_cache' from command line to 'False'
[0.898s] Level 5:colcon.colcon_core.verb:set package 'python_package' build argument 'cmake_clean_first' from command line to 'False'
[0.898s] Level 5:colcon.colcon_core.verb:set package 'python_package' build argument 'cmake_force_configure' from command line to 'False'
[0.898s] Level 5:colcon.colcon_core.verb:set package 'python_package' build argument 'ament_cmake_args' from command line to 'None'
[0.898s] Level 5:colcon.colcon_core.verb:set package 'python_package' build argument 'catkin_cmake_args' from command line to 'None'
[0.898s] Level 5:colcon.colcon_core.verb:set package 'python_package' build argument 'catkin_skip_building_tests' from command line to 'False'
[0.898s] DEBUG:colcon.colcon_core.verb:Building package 'python_package' with the following arguments: {'ament_cmake_args': None, 'build_base': '/home/scu2u/senior_design/senior_design/ros2_ws/build/python_package', 'catkin_cmake_args': None, 'catkin_skip_building_tests': False, 'cmake_args': None, 'cmake_clean_cache': False, 'cmake_clean_first': False, 'cmake_force_configure': False, 'cmake_target': None, 'cmake_target_skip_unavailable': False, 'install_base': '/home/scu2u/senior_design/senior_design/ros2_ws/install/python_package', 'merge_install': False, 'path': '/home/scu2u/senior_design/senior_design/ros2_ws/src/python_package', 'symlink_install': True, 'test_result_base': None}
[0.899s] Level 5:colcon.colcon_core.verb:set package 'scu2u_sim' build argument 'cmake_args' from command line to 'None'
[0.899s] Level 5:colcon.colcon_core.verb:set package 'scu2u_sim' build argument 'cmake_target' from command line to 'None'
[0.900s] Level 5:colcon.colcon_core.verb:set package 'scu2u_sim' build argument 'cmake_target_skip_unavailable' from command line to 'False'
[0.900s] Level 5:colcon.colcon_core.verb:set package 'scu2u_sim' build argument 'cmake_clean_cache' from command line to 'False'
[0.900s] Level 5:colcon.colcon_core.verb:set package 'scu2u_sim' build argument 'cmake_clean_first' from command line to 'False'
[0.900s] Level 5:colcon.colcon_core.verb:set package 'scu2u_sim' build argument 'cmake_force_configure' from command line to 'False'
[0.900s] Level 5:colcon.colcon_core.verb:set package 'scu2u_sim' build argument 'ament_cmake_args' from command line to 'None'
[0.900s] Level 5:colcon.colcon_core.verb:set package 'scu2u_sim' build argument 'catkin_cmake_args' from command line to 'None'
[0.900s] Level 5:colcon.colcon_core.verb:set package 'scu2u_sim' build argument 'catkin_skip_building_tests' from command line to 'False'
[0.900s] DEBUG:colcon.colcon_core.verb:Building package 'scu2u_sim' with the following arguments: {'ament_cmake_args': None, 'build_base': '/home/scu2u/senior_design/senior_design/ros2_ws/build/scu2u_sim', 'catkin_cmake_args': None, 'catkin_skip_building_tests': False, 'cmake_args': None, 'cmake_clean_cache': False, 'cmake_clean_first': False, 'cmake_force_configure': False, 'cmake_target': None, 'cmake_target_skip_unavailable': False, 'install_base': '/home/scu2u/senior_design/senior_design/ros2_ws/install/scu2u_sim', 'merge_install': False, 'path': '/home/scu2u/senior_design/senior_design/ros2_ws/src/scu2u_sim', 'symlink_install': True, 'test_result_base': None}
[0.901s] Level 5:colcon.colcon_core.verb:set package 'sllidar_ros2' build argument 'cmake_args' from command line to 'None'
[0.901s] Level 5:colcon.colcon_core.verb:set package 'sllidar_ros2' build argument 'cmake_target' from command line to 'None'
[0.901s] Level 5:colcon.colcon_core.verb:set package 'sllidar_ros2' build argument 'cmake_target_skip_unavailable' from command line to 'False'
[0.901s] Level 5:colcon.colcon_core.verb:set package 'sllidar_ros2' build argument 'cmake_clean_cache' from command line to 'False'
[0.901s] Level 5:colcon.colcon_core.verb:set package 'sllidar_ros2' build argument 'cmake_clean_first' from command line to 'False'
[0.901s] Level 5:colcon.colcon_core.verb:set package 'sllidar_ros2' build argument 'cmake_force_configure' from command line to 'False'
[0.901s] Level 5:colcon.colcon_core.verb:set package 'sllidar_ros2' build argument 'ament_cmake_args' from command line to 'None'
[0.901s] Level 5:colcon.colcon_core.verb:set package 'sllidar_ros2' build argument 'catkin_cmake_args' from command line to 'None'
[0.901s] Level 5:colcon.colcon_core.verb:set package 'sllidar_ros2' build argument 'catkin_skip_building_tests' from command line to 'False'
[0.901s] DEBUG:colcon.colcon_core.verb:Building package 'sllidar_ros2' with the following arguments: {'ament_cmake_args': None, 'build_base': '/home/scu2u/senior_design/senior_design/ros2_ws/build/sllidar_ros2', 'catkin_cmake_args': None, 'catkin_skip_building_tests': False, 'cmake_args': None, 'cmake_clean_cache': False, 'cmake_clean_first': False, 'cmake_force_configure': False, 'cmake_target': None, 'cmake_target_skip_unavailable': False, 'install_base': '/home/scu2u/senior_design/senior_design/ros2_ws/install/sllidar_ros2', 'merge_install': False, 'path': '/home/scu2u/senior_design/senior_design/ros2_ws/src/sllidar_ros2', 'symlink_install': True, 'test_result_base': None}
[0.901s] INFO:colcon.colcon_core.executor:Executing jobs using 'parallel' executor
[0.905s] DEBUG:colcon.colcon_parallel_executor.executor.parallel:run_until_complete
[0.906s] INFO:colcon.colcon_ros.task.ament_python.build:Building ROS package in '/home/scu2u/senior_design/senior_design/ros2_ws/src/python_package' with build type 'ament_python'
[0.906s] Level 1:colcon.colcon_core.shell:create_environment_hook('python_package', 'ament_prefix_path')
[0.912s] INFO:colcon.colcon_core.plugin_system:Skipping extension 'colcon_core.shell.bat': Not used on non-Windows systems
[0.912s] INFO:colcon.colcon_core.shell:Creating environment hook '/home/scu2u/senior_design/senior_design/ros2_ws/install/python_package/share/python_package/hook/ament_prefix_path.ps1'
[0.915s] INFO:colcon.colcon_core.shell:Creating environment descriptor '/home/scu2u/senior_design/senior_design/ros2_ws/install/python_package/share/python_package/hook/ament_prefix_path.dsv'
[0.916s] INFO:colcon.colcon_core.shell:Creating environment hook '/home/scu2u/senior_design/senior_design/ros2_ws/install/python_package/share/python_package/hook/ament_prefix_path.sh'
[0.918s] INFO:colcon.colcon_core.shell:Skip shell extension 'powershell' for command environment: Not usable outside of PowerShell
[0.918s] DEBUG:colcon.colcon_core.shell:Skip shell extension 'dsv' for command environment
[0.925s] INFO:colcon.colcon_ros.task.ament_cmake.build:Building ROS package in '/home/scu2u/senior_design/senior_design/ros2_ws/src/scu2u_sim' with build type 'ament_cmake'
[0.926s] INFO:colcon.colcon_cmake.task.cmake.build:Building CMake package in '/home/scu2u/senior_design/senior_design/ros2_ws/src/scu2u_sim'
[0.926s] INFO:colcon.colcon_core.shell:Skip shell extension 'powershell' for command environment: Not usable outside of PowerShell
[0.927s] DEBUG:colcon.colcon_core.shell:Skip shell extension 'dsv' for command environment
[0.933s] INFO:colcon.colcon_ros.task.ament_cmake.build:Building ROS package in '/home/scu2u/senior_design/senior_design/ros2_ws/src/sllidar_ros2' with build type 'ament_cmake'
[0.933s] INFO:colcon.colcon_cmake.task.cmake.build:Building CMake package in '/home/scu2u/senior_design/senior_design/ros2_ws/src/sllidar_ros2'
[0.934s] INFO:colcon.colcon_core.shell:Skip shell extension 'powershell' for command environment: Not usable outside of PowerShell
[0.934s] DEBUG:colcon.colcon_core.shell:Skip shell extension 'dsv' for command environment
[1.584s] INFO:colcon.colcon_core.task.python.build:Building Python package in '/home/scu2u/senior_design/senior_design/ros2_ws/src/python_package'
[1.585s] INFO:colcon.colcon_core.shell:Skip shell extension 'powershell' for command environment: Not usable outside of PowerShell
[1.585s] DEBUG:colcon.colcon_core.shell:Skip shell extension 'dsv' for command environment
[1.600s] DEBUG:colcon.colcon_core.event_handler.log_command:Invoking command in '/home/scu2u/senior_design/senior_design/ros2_ws/build/scu2u_sim': CMAKE_PREFIX_PATH=/opt/ros/humble /usr/bin/cmake /home/scu2u/senior_design/senior_design/ros2_ws/src/scu2u_sim -DAMENT_CMAKE_SYMLINK_INSTALL=1 -DCMAKE_INSTALL_PREFIX=/home/scu2u/senior_design/senior_design/ros2_ws/install/scu2u_sim
[1.621s] DEBUG:colcon.colcon_core.event_handler.log_command:Invoking command in '/home/scu2u/senior_design/senior_design/ros2_ws/build/sllidar_ros2': CMAKE_PREFIX_PATH=/opt/ros/humble /usr/bin/cmake /home/scu2u/senior_design/senior_design/ros2_ws/src/sllidar_ros2 -DAMENT_CMAKE_SYMLINK_INSTALL=1 -DCMAKE_INSTALL_PREFIX=/home/scu2u/senior_design/senior_design/ros2_ws/install/sllidar_ros2
[2.573s] DEBUG:colcon.colcon_core.event_handler.log_command:Invoking command in '/home/scu2u/senior_design/senior_design/ros2_ws/build/python_package': PYTHONPATH=/home/scu2u/senior_design/senior_design/ros2_ws/build/python_package/prefix_override:/usr/lib/python3/dist-packages/colcon_core/task/python/colcon_distutils_commands:/home/scu2u/senior_design/senior_design/ros2_ws/install/python_package/lib/python3.10/site-packages:${PYTHONPATH} /usr/bin/python3 -W ignore:setup.py install is deprecated -W ignore:easy_install command is deprecated setup.py develop --editable --build-directory /home/scu2u/senior_design/senior_design/ros2_ws/build/python_package/build --no-deps symlink_data
[3.307s] DEBUG:colcon.colcon_core.event_handler.log_command:Invoked command in '/home/scu2u/senior_design/senior_design/ros2_ws/build/scu2u_sim' returned '0': CMAKE_PREFIX_PATH=/opt/ros/humble /usr/bin/cmake /home/scu2u/senior_design/senior_design/ros2_ws/src/scu2u_sim -DAMENT_CMAKE_SYMLINK_INSTALL=1 -DCMAKE_INSTALL_PREFIX=/home/scu2u/senior_design/senior_design/ros2_ws/install/scu2u_sim
[3.311s] DEBUG:colcon.colcon_core.event_handler.log_command:Invoking command in '/home/scu2u/senior_design/senior_design/ros2_ws/build/scu2u_sim': CMAKE_PREFIX_PATH=/opt/ros/humble /usr/bin/cmake --build /home/scu2u/senior_design/senior_design/ros2_ws/build/scu2u_sim -- -j6 -l6
[3.452s] DEBUG:colcon.colcon_core.event_handler.log_command:Invoked command in '/home/scu2u/senior_design/senior_design/ros2_ws/build/scu2u_sim' returned '0': CMAKE_PREFIX_PATH=/opt/ros/humble /usr/bin/cmake --build /home/scu2u/senior_design/senior_design/ros2_ws/build/scu2u_sim -- -j6 -l6
[3.488s] DEBUG:colcon.colcon_core.event_handler.log_command:Invoking command in '/home/scu2u/senior_design/senior_design/ros2_ws/build/scu2u_sim': CMAKE_PREFIX_PATH=/opt/ros/humble /usr/bin/cmake --install /home/scu2u/senior_design/senior_design/ros2_ws/build/scu2u_sim
[3.844s] Level 1:colcon.colcon_core.shell:create_environment_hook('python_package', 'pythonpath_develop')
[3.846s] INFO:colcon.colcon_core.shell:Creating environment hook '/home/scu2u/senior_design/senior_design/ros2_ws/build/python_package/share/python_package/hook/pythonpath_develop.ps1'
[3.847s] DEBUG:colcon.colcon_core.event_handler.log_command:Invoked command in '/home/scu2u/senior_design/senior_design/ros2_ws/build/python_package' returned '0': PYTHONPATH=/home/scu2u/senior_design/senior_design/ros2_ws/build/python_package/prefix_override:/usr/lib/python3/dist-packages/colcon_core/task/python/colcon_distutils_commands:/home/scu2u/senior_design/senior_design/ros2_ws/install/python_package/lib/python3.10/site-packages:${PYTHONPATH} /usr/bin/python3 -W ignore:setup.py install is deprecated -W ignore:easy_install command is deprecated setup.py develop --editable --build-directory /home/scu2u/senior_design/senior_design/ros2_ws/build/python_package/build --no-deps symlink_data
[3.850s] INFO:colcon.colcon_core.shell:Creating environment descriptor '/home/scu2u/senior_design/senior_design/ros2_ws/build/python_package/share/python_package/hook/pythonpath_develop.dsv'
[3.852s] INFO:colcon.colcon_core.shell:Creating environment hook '/home/scu2u/senior_design/senior_design/ros2_ws/build/python_package/share/python_package/hook/pythonpath_develop.sh'
[3.860s] Level 1:colcon.colcon_core.environment:checking '/home/scu2u/senior_design/senior_design/ros2_ws/install/python_package' for CMake module files
[3.861s] Level 1:colcon.colcon_core.environment:checking '/home/scu2u/senior_design/senior_design/ros2_ws/install/python_package' for CMake config files
[3.863s] Level 1:colcon.colcon_core.environment:checking '/home/scu2u/senior_design/senior_design/ros2_ws/install/python_package/lib'
[3.864s] Level 1:colcon.colcon_core.environment:checking '/home/scu2u/senior_design/senior_design/ros2_ws/install/python_package/bin'
[3.864s] Level 1:colcon.colcon_core.environment:checking '/home/scu2u/senior_design/senior_design/ros2_ws/install/python_package/lib/pkgconfig/python_package.pc'
[3.865s] Level 1:colcon.colcon_core.environment:checking '/home/scu2u/senior_design/senior_design/ros2_ws/install/python_package/lib/python3.10/site-packages'
[3.865s] Level 1:colcon.colcon_core.shell:create_environment_hook('python_package', 'pythonpath')
[3.865s] INFO:colcon.colcon_core.shell:Creating environment hook '/home/scu2u/senior_design/senior_design/ros2_ws/install/python_package/share/python_package/hook/pythonpath.ps1'
[3.867s] INFO:colcon.colcon_core.shell:Creating environment descriptor '/home/scu2u/senior_design/senior_design/ros2_ws/install/python_package/share/python_package/hook/pythonpath.dsv'
[3.868s] INFO:colcon.colcon_core.shell:Creating environment hook '/home/scu2u/senior_design/senior_design/ros2_ws/install/python_package/share/python_package/hook/pythonpath.sh'
[3.870s] Level 1:colcon.colcon_core.environment:checking '/home/scu2u/senior_design/senior_design/ros2_ws/install/python_package/bin'
[3.870s] Level 1:colcon.colcon_core.environment:create_environment_scripts_only(python_package)
[3.871s] INFO:colcon.colcon_core.shell:Creating package script '/home/scu2u/senior_design/senior_design/ros2_ws/install/python_package/share/python_package/package.ps1'
[3.875s] INFO:colcon.colcon_core.shell:Creating package descriptor '/home/scu2u/senior_design/senior_design/ros2_ws/install/python_package/share/python_package/package.dsv'
[3.877s] INFO:colcon.colcon_core.shell:Creating package script '/home/scu2u/senior_design/senior_design/ros2_ws/install/python_package/share/python_package/package.sh'
[3.881s] INFO:colcon.colcon_core.shell:Creating package script '/home/scu2u/senior_design/senior_design/ros2_ws/install/python_package/share/python_package/package.bash'
[3.884s] INFO:colcon.colcon_core.shell:Creating package script '/home/scu2u/senior_design/senior_design/ros2_ws/install/python_package/share/python_package/package.zsh'
[3.886s] Level 1:colcon.colcon_core.environment:create_file_with_runtime_dependencies(/home/scu2u/senior_design/senior_design/ros2_ws/install/python_package/share/colcon-core/packages/python_package)
[4.062s] Level 1:colcon.colcon_core.environment:create_environment_scripts_only(scu2u_sim)
[4.064s] Level 1:colcon.colcon_core.environment:checking '/home/scu2u/senior_design/senior_design/ros2_ws/install/scu2u_sim' for CMake module files
[4.065s] DEBUG:colcon.colcon_core.event_handler.log_command:Invoked command in '/home/scu2u/senior_design/senior_design/ros2_ws/build/scu2u_sim' returned '0': CMAKE_PREFIX_PATH=/opt/ros/humble /usr/bin/cmake --install /home/scu2u/senior_design/senior_design/ros2_ws/build/scu2u_sim
[4.066s] Level 1:colcon.colcon_core.environment:checking '/home/scu2u/senior_design/senior_design/ros2_ws/install/scu2u_sim' for CMake config files
[4.067s] Level 1:colcon.colcon_core.shell:create_environment_hook('scu2u_sim', 'cmake_prefix_path')
[4.067s] INFO:colcon.colcon_core.shell:Creating environment hook '/home/scu2u/senior_design/senior_design/ros2_ws/install/scu2u_sim/share/scu2u_sim/hook/cmake_prefix_path.ps1'
[4.069s] INFO:colcon.colcon_core.shell:Creating environment descriptor '/home/scu2u/senior_design/senior_design/ros2_ws/install/scu2u_sim/share/scu2u_sim/hook/cmake_prefix_path.dsv'
[4.070s] INFO:colcon.colcon_core.shell:Creating environment hook '/home/scu2u/senior_design/senior_design/ros2_ws/install/scu2u_sim/share/scu2u_sim/hook/cmake_prefix_path.sh'
[4.071s] Level 1:colcon.colcon_core.environment:checking '/home/scu2u/senior_design/senior_design/ros2_ws/install/scu2u_sim/bin'
[4.072s] Level 1:colcon.colcon_core.environment:checking '/home/scu2u/senior_design/senior_design/ros2_ws/install/scu2u_sim/lib/pkgconfig/scu2u_sim.pc'
[4.072s] Level 1:colcon.colcon_core.environment:checking '/home/scu2u/senior_design/senior_design/ros2_ws/install/scu2u_sim/lib/python3.10/site-packages'
[4.073s] Level 1:colcon.colcon_core.environment:checking '/home/scu2u/senior_design/senior_design/ros2_ws/install/scu2u_sim/bin'
[4.074s] INFO:colcon.colcon_core.shell:Creating package script '/home/scu2u/senior_design/senior_design/ros2_ws/install/scu2u_sim/share/scu2u_sim/package.ps1'
[4.076s] INFO:colcon.colcon_core.shell:Creating package descriptor '/home/scu2u/senior_design/senior_design/ros2_ws/install/scu2u_sim/share/scu2u_sim/package.dsv'
[4.077s] INFO:colcon.colcon_core.shell:Creating package script '/home/scu2u/senior_design/senior_design/ros2_ws/install/scu2u_sim/share/scu2u_sim/package.sh'
[4.078s] INFO:colcon.colcon_core.shell:Creating package script '/home/scu2u/senior_design/senior_design/ros2_ws/install/scu2u_sim/share/scu2u_sim/package.bash'
[4.079s] INFO:colcon.colcon_core.shell:Creating package script '/home/scu2u/senior_design/senior_design/ros2_ws/install/scu2u_sim/share/scu2u_sim/package.zsh'
[4.080s] Level 1:colcon.colcon_core.environment:create_file_with_runtime_dependencies(/home/scu2u/senior_design/senior_design/ros2_ws/install/scu2u_sim/share/colcon-core/packages/scu2u_sim)
[4.082s] Level 1:colcon.colcon_core.environment:create_environment_scripts_only(scu2u_sim)
[4.083s] Level 1:colcon.colcon_core.environment:checking '/home/scu2u/senior_design/senior_design/ros2_ws/install/scu2u_sim' for CMake module files
[4.085s] Level 1:colcon.colcon_core.environment:checking '/home/scu2u/senior_design/senior_design/ros2_ws/install/scu2u_sim' for CMake config files
[4.086s] Level 1:colcon.colcon_core.shell:create_environment_hook('scu2u_sim', 'cmake_prefix_path')
[4.087s] INFO:colcon.colcon_core.shell:Creating environment hook '/home/scu2u/senior_design/senior_design/ros2_ws/install/scu2u_sim/share/scu2u_sim/hook/cmake_prefix_path.ps1'
[4.089s] INFO:colcon.colcon_core.shell:Creating environment descriptor '/home/scu2u/senior_design/senior_design/ros2_ws/install/scu2u_sim/share/scu2u_sim/hook/cmake_prefix_path.dsv'
[4.091s] INFO:colcon.colcon_core.shell:Creating environment hook '/home/scu2u/senior_design/senior_design/ros2_ws/install/scu2u_sim/share/scu2u_sim/hook/cmake_prefix_path.sh'
[4.095s] Level 1:colcon.colcon_core.environment:checking '/home/scu2u/senior_design/senior_design/ros2_ws/install/scu2u_sim/bin'
[4.095s] Level 1:colcon.colcon_core.environment:checking '/home/scu2u/senior_design/senior_design/ros2_ws/install/scu2u_sim/lib/pkgconfig/scu2u_sim.pc'
[4.096s] Level 1:colcon.colcon_core.environment:checking '/home/scu2u/senior_design/senior_design/ros2_ws/install/scu2u_sim/lib/python3.10/site-packages'
[4.097s] Level 1:colcon.colcon_core.environment:checking '/home/scu2u/senior_design/senior_design/ros2_ws/install/scu2u_sim/bin'
[4.097s] INFO:colcon.colcon_core.shell:Creating package script '/home/scu2u/senior_design/senior_design/ros2_ws/install/scu2u_sim/share/scu2u_sim/package.ps1'
[4.100s] INFO:colcon.colcon_core.shell:Creating package descriptor '/home/scu2u/senior_design/senior_design/ros2_ws/install/scu2u_sim/share/scu2u_sim/package.dsv'
[4.102s] INFO:colcon.colcon_core.shell:Creating package script '/home/scu2u/senior_design/senior_design/ros2_ws/install/scu2u_sim/share/scu2u_sim/package.sh'
[4.103s] INFO:colcon.colcon_core.shell:Creating package script '/home/scu2u/senior_design/senior_design/ros2_ws/install/scu2u_sim/share/scu2u_sim/package.bash'
[4.105s] INFO:colcon.colcon_core.shell:Creating package script '/home/scu2u/senior_design/senior_design/ros2_ws/install/scu2u_sim/share/scu2u_sim/package.zsh'
[4.107s] Level 1:colcon.colcon_core.environment:create_file_with_runtime_dependencies(/home/scu2u/senior_design/senior_design/ros2_ws/install/scu2u_sim/share/colcon-core/packages/scu2u_sim)
[5.125s] DEBUG:colcon.colcon_core.event_handler.log_command:Invoked command in '/home/scu2u/senior_design/senior_design/ros2_ws/build/sllidar_ros2' returned '0': CMAKE_PREFIX_PATH=/opt/ros/humble /usr/bin/cmake /home/scu2u/senior_design/senior_design/ros2_ws/src/sllidar_ros2 -DAMENT_CMAKE_SYMLINK_INSTALL=1 -DCMAKE_INSTALL_PREFIX=/home/scu2u/senior_design/senior_design/ros2_ws/install/sllidar_ros2
[5.130s] DEBUG:colcon.colcon_core.event_handler.log_command:Invoking command in '/home/scu2u/senior_design/senior_design/ros2_ws/build/sllidar_ros2': CMAKE_PREFIX_PATH=/opt/ros/humble /usr/bin/cmake --build /home/scu2u/senior_design/senior_design/ros2_ws/build/sllidar_ros2 -- -j6 -l6
[33.059s] DEBUG:colcon.colcon_core.event_handler.log_command:Invoked command in '/home/scu2u/senior_design/senior_design/ros2_ws/build/sllidar_ros2' returned '0': CMAKE_PREFIX_PATH=/opt/ros/humble /usr/bin/cmake --build /home/scu2u/senior_design/senior_design/ros2_ws/build/sllidar_ros2 -- -j6 -l6
[33.065s] DEBUG:colcon.colcon_core.event_handler.log_command:Invoking command in '/home/scu2u/senior_design/senior_design/ros2_ws/build/sllidar_ros2': CMAKE_PREFIX_PATH=/opt/ros/humble /usr/bin/cmake --install /home/scu2u/senior_design/senior_design/ros2_ws/build/sllidar_ros2
[34.074s] Level 1:colcon.colcon_core.environment:create_environment_scripts_only(sllidar_ros2)
[34.076s] Level 1:colcon.colcon_core.environment:checking '/home/scu2u/senior_design/senior_design/ros2_ws/install/sllidar_ros2' for CMake module files
[34.077s] DEBUG:colcon.colcon_core.event_handler.log_command:Invoked command in '/home/scu2u/senior_design/senior_design/ros2_ws/build/sllidar_ros2' returned '0': CMAKE_PREFIX_PATH=/opt/ros/humble /usr/bin/cmake --install /home/scu2u/senior_design/senior_design/ros2_ws/build/sllidar_ros2
[34.079s] Level 1:colcon.colcon_core.environment:checking '/home/scu2u/senior_design/senior_design/ros2_ws/install/sllidar_ros2' for CMake config files
[34.080s] Level 1:colcon.colcon_core.shell:create_environment_hook('sllidar_ros2', 'cmake_prefix_path')
[34.081s] INFO:colcon.colcon_core.shell:Creating environment hook '/home/scu2u/senior_design/senior_design/ros2_ws/install/sllidar_ros2/share/sllidar_ros2/hook/cmake_prefix_path.ps1'
[34.083s] INFO:colcon.colcon_core.shell:Creating environment descriptor '/home/scu2u/senior_design/senior_design/ros2_ws/install/sllidar_ros2/share/sllidar_ros2/hook/cmake_prefix_path.dsv'
[34.084s] INFO:colcon.colcon_core.shell:Creating environment hook '/home/scu2u/senior_design/senior_design/ros2_ws/install/sllidar_ros2/share/sllidar_ros2/hook/cmake_prefix_path.sh'
[34.086s] Level 1:colcon.colcon_core.environment:checking '/home/scu2u/senior_design/senior_design/ros2_ws/install/sllidar_ros2/lib'
[34.087s] Level 1:colcon.colcon_core.environment:checking '/home/scu2u/senior_design/senior_design/ros2_ws/install/sllidar_ros2/bin'
[34.087s] Level 1:colcon.colcon_core.environment:checking '/home/scu2u/senior_design/senior_design/ros2_ws/install/sllidar_ros2/lib/pkgconfig/sllidar_ros2.pc'
[34.088s] Level 1:colcon.colcon_core.environment:checking '/home/scu2u/senior_design/senior_design/ros2_ws/install/sllidar_ros2/lib/python3.10/site-packages'
[34.089s] Level 1:colcon.colcon_core.environment:checking '/home/scu2u/senior_design/senior_design/ros2_ws/install/sllidar_ros2/bin'
[34.090s] INFO:colcon.colcon_core.shell:Creating package script '/home/scu2u/senior_design/senior_design/ros2_ws/install/sllidar_ros2/share/sllidar_ros2/package.ps1'
[34.092s] INFO:colcon.colcon_core.shell:Creating package descriptor '/home/scu2u/senior_design/senior_design/ros2_ws/install/sllidar_ros2/share/sllidar_ros2/package.dsv'
[34.094s] INFO:colcon.colcon_core.shell:Creating package script '/home/scu2u/senior_design/senior_design/ros2_ws/install/sllidar_ros2/share/sllidar_ros2/package.sh'
[34.095s] INFO:colcon.colcon_core.shell:Creating package script '/home/scu2u/senior_design/senior_design/ros2_ws/install/sllidar_ros2/share/sllidar_ros2/package.bash'
[34.097s] INFO:colcon.colcon_core.shell:Creating package script '/home/scu2u/senior_design/senior_design/ros2_ws/install/sllidar_ros2/share/sllidar_ros2/package.zsh'
[34.098s] Level 1:colcon.colcon_core.environment:create_file_with_runtime_dependencies(/home/scu2u/senior_design/senior_design/ros2_ws/install/sllidar_ros2/share/colcon-core/packages/sllidar_ros2)
[34.100s] Level 1:colcon.colcon_core.environment:create_environment_scripts_only(sllidar_ros2)
[34.101s] Level 1:colcon.colcon_core.environment:checking '/home/scu2u/senior_design/senior_design/ros2_ws/install/sllidar_ros2' for CMake module files
[34.103s] Level 1:colcon.colcon_core.environment:checking '/home/scu2u/senior_design/senior_design/ros2_ws/install/sllidar_ros2' for CMake config files
[34.105s] Level 1:colcon.colcon_core.shell:create_environment_hook('sllidar_ros2', 'cmake_prefix_path')
[34.106s] INFO:colcon.colcon_core.shell:Creating environment hook '/home/scu2u/senior_design/senior_design/ros2_ws/install/sllidar_ros2/share/sllidar_ros2/hook/cmake_prefix_path.ps1'
[34.108s] INFO:colcon.colcon_core.shell:Creating environment descriptor '/home/scu2u/senior_design/senior_design/ros2_ws/install/sllidar_ros2/share/sllidar_ros2/hook/cmake_prefix_path.dsv'
[34.109s] INFO:colcon.colcon_core.shell:Creating environment hook '/home/scu2u/senior_design/senior_design/ros2_ws/install/sllidar_ros2/share/sllidar_ros2/hook/cmake_prefix_path.sh'
[34.111s] Level 1:colcon.colcon_core.environment:checking '/home/scu2u/senior_design/senior_design/ros2_ws/install/sllidar_ros2/lib'
[34.112s] Level 1:colcon.colcon_core.environment:checking '/home/scu2u/senior_design/senior_design/ros2_ws/install/sllidar_ros2/bin'
[34.112s] Level 1:colcon.colcon_core.environment:checking '/home/scu2u/senior_design/senior_design/ros2_ws/install/sllidar_ros2/lib/pkgconfig/sllidar_ros2.pc'
[34.113s] Level 1:colcon.colcon_core.environment:checking '/home/scu2u/senior_design/senior_design/ros2_ws/install/sllidar_ros2/lib/python3.10/site-packages'
[34.114s] Level 1:colcon.colcon_core.environment:checking '/home/scu2u/senior_design/senior_design/ros2_ws/install/sllidar_ros2/bin'
[34.115s] INFO:colcon.colcon_core.shell:Creating package script '/home/scu2u/senior_design/senior_design/ros2_ws/install/sllidar_ros2/share/sllidar_ros2/package.ps1'
[34.117s] INFO:colcon.colcon_core.shell:Creating package descriptor '/home/scu2u/senior_design/senior_design/ros2_ws/install/sllidar_ros2/share/sllidar_ros2/package.dsv'
[34.119s] INFO:colcon.colcon_core.shell:Creating package script '/home/scu2u/senior_design/senior_design/ros2_ws/install/sllidar_ros2/share/sllidar_ros2/package.sh'
[34.121s] INFO:colcon.colcon_core.shell:Creating package script '/home/scu2u/senior_design/senior_design/ros2_ws/install/sllidar_ros2/share/sllidar_ros2/package.bash'
[34.122s] INFO:colcon.colcon_core.shell:Creating package script '/home/scu2u/senior_design/senior_design/ros2_ws/install/sllidar_ros2/share/sllidar_ros2/package.zsh'
[34.124s] Level 1:colcon.colcon_core.environment:create_file_with_runtime_dependencies(/home/scu2u/senior_design/senior_design/ros2_ws/install/sllidar_ros2/share/colcon-core/packages/sllidar_ros2)
[34.125s] DEBUG:colcon.colcon_parallel_executor.executor.parallel:closing loop
[34.126s] DEBUG:colcon.colcon_parallel_executor.executor.parallel:loop closed
[34.127s] DEBUG:colcon.colcon_parallel_executor.executor.parallel:run_until_complete finished with '0'
[34.127s] DEBUG:colcon.colcon_core.event_reactor:joining thread
[34.169s] INFO:colcon.colcon_core.plugin_system:Skipping extension 'colcon_notification.desktop_notification.terminal_notifier': Not used on non-Darwin systems
[34.169s] INFO:colcon.colcon_core.plugin_system:Skipping extension 'colcon_notification.desktop_notification.win32': Not used on non-Windows systems
[34.169s] INFO:colcon.colcon_notification.desktop_notification:Sending desktop notification using 'notify2'
[34.222s] DEBUG:colcon.colcon_core.event_reactor:joined thread
[34.223s] INFO:colcon.colcon_core.shell:Creating prefix script '/home/scu2u/senior_design/senior_design/ros2_ws/install/local_setup.ps1'
[34.227s] INFO:colcon.colcon_core.shell:Creating prefix util module '/home/scu2u/senior_design/senior_design/ros2_ws/install/_local_setup_util_ps1.py'
[34.232s] INFO:colcon.colcon_core.shell:Creating prefix chain script '/home/scu2u/senior_design/senior_design/ros2_ws/install/setup.ps1'
[34.235s] INFO:colcon.colcon_core.shell:Creating prefix script '/home/scu2u/senior_design/senior_design/ros2_ws/install/local_setup.sh'
[34.237s] INFO:colcon.colcon_core.shell:Creating prefix util module '/home/scu2u/senior_design/senior_design/ros2_ws/install/_local_setup_util_sh.py'
[34.239s] INFO:colcon.colcon_core.shell:Creating prefix chain script '/home/scu2u/senior_design/senior_design/ros2_ws/install/setup.sh'
[34.241s] INFO:colcon.colcon_core.shell:Creating prefix script '/home/scu2u/senior_design/senior_design/ros2_ws/install/local_setup.bash'
[34.243s] INFO:colcon.colcon_core.shell:Creating prefix chain script '/home/scu2u/senior_design/senior_design/ros2_ws/install/setup.bash'
[34.245s] INFO:colcon.colcon_core.shell:Creating prefix script '/home/scu2u/senior_design/senior_design/ros2_ws/install/local_setup.zsh'
[34.247s] INFO:colcon.colcon_core.shell:Creating prefix chain script '/home/scu2u/senior_design/senior_design/ros2_ws/install/setup.zsh'
