[0.674s] Invoking command in '/home/scu2u/senior_design/senior_design/ros2_ws/build/scu2u_sim': CMAKE_PREFIX_PATH=/opt/ros/humble /usr/bin/cmake /home/scu2u/senior_design/senior_design/ros2_ws/src/scu2u_sim -DAMENT_CMAKE_SYMLINK_INSTALL=1 -DCMAKE_INSTALL_PREFIX=/home/scu2u/senior_design/senior_design/ros2_ws/install/scu2u_sim
[0.819s] -- The C compiler identification is GNU 11.4.0
[0.962s] -- The CXX compiler identification is GNU 11.4.0
[0.986s] -- Detecting C compiler ABI info
[1.166s] -- Detecting C compiler ABI info - done
[1.180s] -- Check for working C compiler: /usr/bin/cc - skipped
[1.181s] -- Detecting C compile features
[1.182s] -- Detecting C compile features - done
[1.189s] -- Detecting CXX compiler ABI info
[1.391s] -- Detecting CXX compiler ABI info - done
[1.417s] -- Check for working CXX compiler: /usr/bin/c++ - skipped
[1.418s] -- Detecting CXX compile features
[1.419s] -- Detecting CXX compile features - done
[1.427s] -- Found ament_cmake: 1.3.12 (/opt/ros/humble/share/ament_cmake/cmake)
[1.850s] -- Found Python3: /usr/bin/python3 (found version "3.10.12") found components: Interpreter 
[2.042s] -- Override CMake install command with custom implementation using symlinks instead of copying resources
[2.117s] -- Found ament_lint_auto: 0.12.14 (/opt/ros/humble/share/ament_lint_auto/cmake)
[2.337s] -- Added test 'flake8' to check Python code syntax and style conventions
[2.339s] -- Added test 'lint_cmake' to check CMake code style
[2.340s] -- Added test 'pep257' to check Python code against some of the docstring style conventions in PEP 257
[2.343s] -- Added test 'xmllint' to check XML markup files
[2.347s] -- Configuring done
[2.357s] -- Generating done
[2.362s] -- Build files have been written to: /home/scu2u/senior_design/senior_design/ros2_ws/build/scu2u_sim
[2.381s] Invoked command in '/home/scu2u/senior_design/senior_design/ros2_ws/build/scu2u_sim' returned '0': CMAKE_PREFIX_PATH=/opt/ros/humble /usr/bin/cmake /home/scu2u/senior_design/senior_design/ros2_ws/src/scu2u_sim -DAMENT_CMAKE_SYMLINK_INSTALL=1 -DCMAKE_INSTALL_PREFIX=/home/scu2u/senior_design/senior_design/ros2_ws/install/scu2u_sim
[2.385s] Invoking command in '/home/scu2u/senior_design/senior_design/ros2_ws/build/scu2u_sim': CMAKE_PREFIX_PATH=/opt/ros/humble /usr/bin/cmake --build /home/scu2u/senior_design/senior_design/ros2_ws/build/scu2u_sim -- -j6 -l6
[2.526s] Invoked command in '/home/scu2u/senior_design/senior_design/ros2_ws/build/scu2u_sim' returned '0': CMAKE_PREFIX_PATH=/opt/ros/humble /usr/bin/cmake --build /home/scu2u/senior_design/senior_design/ros2_ws/build/scu2u_sim -- -j6 -l6
[2.562s] Invoking command in '/home/scu2u/senior_design/senior_design/ros2_ws/build/scu2u_sim': CMAKE_PREFIX_PATH=/opt/ros/humble /usr/bin/cmake --install /home/scu2u/senior_design/senior_design/ros2_ws/build/scu2u_sim
[2.592s] -- Install configuration: ""
[2.592s] -- Execute custom install script
[2.596s] -- Symlinking: /home/scu2u/senior_design/senior_design/ros2_ws/install/scu2u_sim/share/scu2u_sim/launch/sim.launch.py
[2.629s] -- Symlinking: /home/scu2u/senior_design/senior_design/ros2_ws/install/scu2u_sim/share/scu2u_sim/worlds/campus.sdf
[2.669s] -- Symlinking: /home/scu2u/senior_design/senior_design/ros2_ws/install/scu2u_sim/share/scu2u_sim/worlds/shapes2.sdf
[2.701s] -- Symlinking: /home/scu2u/senior_design/senior_design/ros2_ws/install/scu2u_sim/share/ament_index/resource_index/package_run_dependencies/scu2u_sim
[2.734s] -- Symlinking: /home/scu2u/senior_design/senior_design/ros2_ws/install/scu2u_sim/share/ament_index/resource_index/parent_prefix_path/scu2u_sim
[2.764s] -- Symlinking: /home/scu2u/senior_design/senior_design/ros2_ws/install/scu2u_sim/share/scu2u_sim/environment/ament_prefix_path.sh
[2.794s] -- Symlinking: /home/scu2u/senior_design/senior_design/ros2_ws/install/scu2u_sim/share/scu2u_sim/environment/ament_prefix_path.dsv
[2.822s] -- Symlinking: /home/scu2u/senior_design/senior_design/ros2_ws/install/scu2u_sim/share/scu2u_sim/environment/path.sh
[2.854s] -- Symlinking: /home/scu2u/senior_design/senior_design/ros2_ws/install/scu2u_sim/share/scu2u_sim/environment/path.dsv
[2.886s] -- Symlinking: /home/scu2u/senior_design/senior_design/ros2_ws/install/scu2u_sim/share/scu2u_sim/local_setup.bash
[2.915s] -- Symlinking: /home/scu2u/senior_design/senior_design/ros2_ws/install/scu2u_sim/share/scu2u_sim/local_setup.sh
[2.948s] -- Symlinking: /home/scu2u/senior_design/senior_design/ros2_ws/install/scu2u_sim/share/scu2u_sim/local_setup.zsh
[2.976s] -- Symlinking: /home/scu2u/senior_design/senior_design/ros2_ws/install/scu2u_sim/share/scu2u_sim/local_setup.dsv
[3.004s] -- Symlinking: /home/scu2u/senior_design/senior_design/ros2_ws/install/scu2u_sim/share/scu2u_sim/package.dsv
[3.032s] -- Symlinking: /home/scu2u/senior_design/senior_design/ros2_ws/install/scu2u_sim/share/ament_index/resource_index/packages/scu2u_sim
[3.058s] -- Symlinking: /home/scu2u/senior_design/senior_design/ros2_ws/install/scu2u_sim/share/scu2u_sim/cmake/scu2u_simConfig.cmake
[3.083s] -- Symlinking: /home/scu2u/senior_design/senior_design/ros2_ws/install/scu2u_sim/share/scu2u_sim/cmake/scu2u_simConfig-version.cmake
[3.108s] -- Symlinking: /home/scu2u/senior_design/senior_design/ros2_ws/install/scu2u_sim/share/scu2u_sim/package.xml
[3.139s] Invoked command in '/home/scu2u/senior_design/senior_design/ros2_ws/build/scu2u_sim' returned '0': CMAKE_PREFIX_PATH=/opt/ros/humble /usr/bin/cmake --install /home/scu2u/senior_design/senior_design/ros2_ws/build/scu2u_sim
