[0.710s] Invoking command in '/home/scu2u/senior_design/senior_design/ros2_ws/build/sllidar_ros2': CMAKE_PREFIX_PATH=/opt/ros/humble /usr/bin/cmake --build /home/scu2u/senior_design/senior_design/ros2_ws/build/sllidar_ros2 -- -j6 -l6
[0.884s] [35m[1mConsolidate compiler generated dependencies of target sllidar_client[0m
[0.907s] [35m[1mConsolidate compiler generated dependencies of target sllidar_node[0m
[1.009s] [ 10%] Built target sllidar_client
[1.019s] [100%] Built target sllidar_node
[1.044s] Invoked command in '/home/scu2u/senior_design/senior_design/ros2_ws/build/sllidar_ros2' returned '0': CMAKE_PREFIX_PATH=/opt/ros/humble /usr/bin/cmake --build /home/scu2u/senior_design/senior_design/ros2_ws/build/sllidar_ros2 -- -j6 -l6
[1.051s] Invoking command in '/home/scu2u/senior_design/senior_design/ros2_ws/build/sllidar_ros2': CMAKE_PREFIX_PATH=/opt/ros/humble /usr/bin/cmake --install /home/scu2u/senior_design/senior_design/ros2_ws/build/sllidar_ros2
[1.067s] -- Install configuration: ""
[1.069s] -- Execute custom install script
[1.070s] -- Up-to-date symlink: /home/scu2u/senior_design/senior_design/ros2_ws/install/sllidar_ros2/share/sllidar_ros2/launch/sllidar_a1_launch.py
[1.070s] -- Up-to-date symlink: /home/scu2u/senior_design/senior_design/ros2_ws/install/sllidar_ros2/share/sllidar_ros2/launch/sllidar_a2m12_launch .py
[1.070s] -- Up-to-date symlink: /home/scu2u/senior_design/senior_design/ros2_ws/install/sllidar_ros2/share/sllidar_ros2/launch/sllidar_a2m7_launch.py
[1.071s] -- Up-to-date symlink: /home/scu2u/senior_design/senior_design/ros2_ws/install/sllidar_ros2/share/sllidar_ros2/launch/sllidar_a2m8_launch.py
[1.071s] -- Up-to-date symlink: /home/scu2u/senior_design/senior_design/ros2_ws/install/sllidar_ros2/share/sllidar_ros2/launch/sllidar_a3_launch.py
[1.071s] -- Up-to-date symlink: /home/scu2u/senior_design/senior_design/ros2_ws/install/sllidar_ros2/share/sllidar_ros2/launch/sllidar_c1_launch.py
[1.071s] -- Up-to-date symlink: /home/scu2u/senior_design/senior_design/ros2_ws/install/sllidar_ros2/share/sllidar_ros2/launch/sllidar_s1_launch.py
[1.072s] -- Up-to-date symlink: /home/scu2u/senior_design/senior_design/ros2_ws/install/sllidar_ros2/share/sllidar_ros2/launch/sllidar_s1_tcp_launch.py
[1.072s] -- Up-to-date symlink: /home/scu2u/senior_design/senior_design/ros2_ws/install/sllidar_ros2/share/sllidar_ros2/launch/sllidar_s2_launch.py
[1.072s] -- Up-to-date symlink: /home/scu2u/senior_design/senior_design/ros2_ws/install/sllidar_ros2/share/sllidar_ros2/launch/sllidar_s2e_launch.py
[1.072s] -- Up-to-date symlink: /home/scu2u/senior_design/senior_design/ros2_ws/install/sllidar_ros2/share/sllidar_ros2/launch/sllidar_s3_launch.py
[1.072s] -- Up-to-date symlink: /home/scu2u/senior_design/senior_design/ros2_ws/install/sllidar_ros2/share/sllidar_ros2/launch/sllidar_t1_launch.py
[1.073s] -- Up-to-date symlink: /home/scu2u/senior_design/senior_design/ros2_ws/install/sllidar_ros2/share/sllidar_ros2/launch/view_sllidar_a1_launch.py
[1.073s] -- Up-to-date symlink: /home/scu2u/senior_design/senior_design/ros2_ws/install/sllidar_ros2/share/sllidar_ros2/launch/view_sllidar_a2m12_launch.py
[1.073s] -- Up-to-date symlink: /home/scu2u/senior_design/senior_design/ros2_ws/install/sllidar_ros2/share/sllidar_ros2/launch/view_sllidar_a2m7_launch.py
[1.074s] -- Up-to-date symlink: /home/scu2u/senior_design/senior_design/ros2_ws/install/sllidar_ros2/share/sllidar_ros2/launch/view_sllidar_a2m8_launch.py
[1.074s] -- Up-to-date symlink: /home/scu2u/senior_design/senior_design/ros2_ws/install/sllidar_ros2/share/sllidar_ros2/launch/view_sllidar_a3_launch.py
[1.074s] -- Up-to-date symlink: /home/scu2u/senior_design/senior_design/ros2_ws/install/sllidar_ros2/share/sllidar_ros2/launch/view_sllidar_c1_launch.py
[1.074s] -- Up-to-date symlink: /home/scu2u/senior_design/senior_design/ros2_ws/install/sllidar_ros2/share/sllidar_ros2/launch/view_sllidar_s1_launch.py
[1.074s] -- Up-to-date symlink: /home/scu2u/senior_design/senior_design/ros2_ws/install/sllidar_ros2/share/sllidar_ros2/launch/view_sllidar_s1_tcp_launch.py
[1.075s] -- Up-to-date symlink: /home/scu2u/senior_design/senior_design/ros2_ws/install/sllidar_ros2/share/sllidar_ros2/launch/view_sllidar_s2_launch.py
[1.075s] -- Up-to-date symlink: /home/scu2u/senior_design/senior_design/ros2_ws/install/sllidar_ros2/share/sllidar_ros2/launch/view_sllidar_s2e_launch.py
[1.075s] -- Up-to-date symlink: /home/scu2u/senior_design/senior_design/ros2_ws/install/sllidar_ros2/share/sllidar_ros2/launch/view_sllidar_s3_launch.py
[1.075s] -- Up-to-date symlink: /home/scu2u/senior_design/senior_design/ros2_ws/install/sllidar_ros2/share/sllidar_ros2/launch/view_sllidar_t1_launch.py
[1.076s] -- Up-to-date symlink: /home/scu2u/senior_design/senior_design/ros2_ws/install/sllidar_ros2/share/sllidar_ros2/rviz/sllidar_ros2.rviz
[1.077s] -- Up-to-date symlink: /home/scu2u/senior_design/senior_design/ros2_ws/install/sllidar_ros2/lib/sllidar_ros2/sllidar_node
[1.077s] -- Up-to-date symlink: /home/scu2u/senior_design/senior_design/ros2_ws/install/sllidar_ros2/lib/sllidar_ros2/sllidar_client
[1.077s] -- Up-to-date symlink: /home/scu2u/senior_design/senior_design/ros2_ws/install/sllidar_ros2/share/ament_index/resource_index/package_run_dependencies/sllidar_ros2
[1.078s] -- Up-to-date symlink: /home/scu2u/senior_design/senior_design/ros2_ws/install/sllidar_ros2/share/ament_index/resource_index/parent_prefix_path/sllidar_ros2
[1.078s] -- Up-to-date symlink: /home/scu2u/senior_design/senior_design/ros2_ws/install/sllidar_ros2/share/sllidar_ros2/environment/ament_prefix_path.sh
[1.078s] -- Up-to-date symlink: /home/scu2u/senior_design/senior_design/ros2_ws/install/sllidar_ros2/share/sllidar_ros2/environment/ament_prefix_path.dsv
[1.079s] -- Up-to-date symlink: /home/scu2u/senior_design/senior_design/ros2_ws/install/sllidar_ros2/share/sllidar_ros2/environment/path.sh
[1.079s] -- Up-to-date symlink: /home/scu2u/senior_design/senior_design/ros2_ws/install/sllidar_ros2/share/sllidar_ros2/environment/path.dsv
[1.080s] -- Up-to-date symlink: /home/scu2u/senior_design/senior_design/ros2_ws/install/sllidar_ros2/share/sllidar_ros2/local_setup.bash
[1.080s] -- Up-to-date symlink: /home/scu2u/senior_design/senior_design/ros2_ws/install/sllidar_ros2/share/sllidar_ros2/local_setup.sh
[1.080s] -- Up-to-date symlink: /home/scu2u/senior_design/senior_design/ros2_ws/install/sllidar_ros2/share/sllidar_ros2/local_setup.zsh
[1.081s] -- Up-to-date symlink: /home/scu2u/senior_design/senior_design/ros2_ws/install/sllidar_ros2/share/sllidar_ros2/local_setup.dsv
[1.081s] -- Symlinking: /home/scu2u/senior_design/senior_design/ros2_ws/install/sllidar_ros2/share/sllidar_ros2/package.dsv
[1.099s] -- Up-to-date symlink: /home/scu2u/senior_design/senior_design/ros2_ws/install/sllidar_ros2/share/ament_index/resource_index/packages/sllidar_ros2
[1.100s] -- Up-to-date symlink: /home/scu2u/senior_design/senior_design/ros2_ws/install/sllidar_ros2/share/sllidar_ros2/cmake/ament_cmake_export_dependencies-extras.cmake
[1.100s] -- Up-to-date symlink: /home/scu2u/senior_design/senior_design/ros2_ws/install/sllidar_ros2/share/sllidar_ros2/cmake/ament_cmake_export_include_directories-extras.cmake
[1.101s] -- Up-to-date symlink: /home/scu2u/senior_design/senior_design/ros2_ws/install/sllidar_ros2/share/sllidar_ros2/cmake/sllidar_ros2Config.cmake
[1.101s] -- Up-to-date symlink: /home/scu2u/senior_design/senior_design/ros2_ws/install/sllidar_ros2/share/sllidar_ros2/cmake/sllidar_ros2Config-version.cmake
[1.101s] -- Up-to-date symlink: /home/scu2u/senior_design/senior_design/ros2_ws/install/sllidar_ros2/share/sllidar_ros2/package.xml
[1.106s] Invoked command in '/home/scu2u/senior_design/senior_design/ros2_ws/build/sllidar_ros2' returned '0': CMAKE_PREFIX_PATH=/opt/ros/humble /usr/bin/cmake --install /home/scu2u/senior_design/senior_design/ros2_ws/build/sllidar_ros2
