[1.408s] Invoking command in '/home/scu2u/senior_design/senior_design/ros2_ws/src/python_package': PYTHONPATH=/home/scu2u/senior_design/senior_design/ros2_ws/build/python_package/prefix_override:/usr/lib/python3/dist-packages/colcon_core/task/python/colcon_distutils_commands:/home/scu2u/senior_design/senior_design/ros2_ws/install/python_package/lib/python3.10/site-packages:${PYTHONPATH} /usr/bin/python3 -W ignore:setup.py install is deprecated -W ignore:easy_install command is deprecated setup.py egg_info --egg-base ../../build/python_package build --build-base /home/scu2u/senior_design/senior_design/ros2_ws/build/python_package/build install --record /home/scu2u/senior_design/senior_design/ros2_ws/build/python_package/install.log --single-version-externally-managed install_data
[1.933s] running egg_info
[1.934s] writing ../../build/python_package/python_package.egg-info/PKG-INFO
[1.935s] writing dependency_links to ../../build/python_package/python_package.egg-info/dependency_links.txt
[1.935s] writing entry points to ../../build/python_package/python_package.egg-info/entry_points.txt
[1.936s] writing requirements to ../../build/python_package/python_package.egg-info/requires.txt
[1.936s] writing top-level names to ../../build/python_package/python_package.egg-info/top_level.txt
[1.941s] reading manifest file '../../build/python_package/python_package.egg-info/SOURCES.txt'
[1.943s] writing manifest file '../../build/python_package/python_package.egg-info/SOURCES.txt'
[1.943s] running build
[1.944s] running build_py
[1.945s] running install
[1.946s] running install_lib
[1.949s] running install_data
[1.949s] running install_egg_info
[1.953s] removing '/home/scu2u/senior_design/senior_design/ros2_ws/install/python_package/lib/python3.10/site-packages/python_package-0.0.0-py3.10.egg-info' (and everything under it)
[1.954s] Copying ../../build/python_package/python_package.egg-info to /home/scu2u/senior_design/senior_design/ros2_ws/install/python_package/lib/python3.10/site-packages/python_package-0.0.0-py3.10.egg-info
[1.956s] running install_scripts
[2.002s] Installing log_imu_data_wifi script to /home/scu2u/senior_design/senior_design/ros2_ws/install/python_package/lib/python_package
[2.003s] Installing send_commands script to /home/scu2u/senior_design/senior_design/ros2_ws/install/python_package/lib/python_package
[2.003s] Installing test_pub script to /home/scu2u/senior_design/senior_design/ros2_ws/install/python_package/lib/python_package
[2.004s] Installing test_sub script to /home/scu2u/senior_design/senior_design/ros2_ws/install/python_package/lib/python_package
[2.005s] writing list of installed files to '/home/scu2u/senior_design/senior_design/ros2_ws/build/python_package/install.log'
[2.079s] Invoked command in '/home/scu2u/senior_design/senior_design/ros2_ws/src/python_package' returned '0': PYTHONPATH=/home/scu2u/senior_design/senior_design/ros2_ws/build/python_package/prefix_override:/usr/lib/python3/dist-packages/colcon_core/task/python/colcon_distutils_commands:/home/scu2u/senior_design/senior_design/ros2_ws/install/python_package/lib/python3.10/site-packages:${PYTHONPATH} /usr/bin/python3 -W ignore:setup.py install is deprecated -W ignore:easy_install command is deprecated setup.py egg_info --egg-base ../../build/python_package build --build-base /home/scu2u/senior_design/senior_design/ros2_ws/build/python_package/build install --record /home/scu2u/senior_design/senior_design/ros2_ws/build/python_package/install.log --single-version-externally-managed install_data
