[1.367s] Invoking command in '/home/scu2u/ros2_ws/build/scu2u_sim': CMAKE_PREFIX_PATH=/opt/ros/humble /usr/bin/cmake /home/scu2u/ros2_ws/src/scu2u_sim -DAMENT_CMAKE_SYMLINK_INSTALL=1 -DCMAKE_INSTALL_PREFIX=/home/scu2u/ros2_ws/install/scu2u_sim
[1.424s] -- Found ament_cmake: 1.3.12 (/opt/ros/humble/share/ament_cmake/cmake)
[2.092s] -- Override CMake install command with custom implementation using symlinks instead of copying resources
[2.181s] -- Found ament_lint_auto: 0.12.14 (/opt/ros/humble/share/ament_lint_auto/cmake)
[2.590s] -- Added test 'flake8' to check Python code syntax and style conventions
[2.595s] -- Added test 'lint_cmake' to check CMake code style
[2.599s] -- Added test 'pep257' to check Python code against some of the docstring style conventions in PEP 257
[2.613s] -- Added test 'xmllint' to check XML markup files
[2.623s] -- Configuring done
[2.663s] -- Generating done
[2.675s] -- Build files have been written to: /home/scu2u/ros2_ws/build/scu2u_sim
[2.687s] Invoked command in '/home/scu2u/ros2_ws/build/scu2u_sim' returned '0': CMAKE_PREFIX_PATH=/opt/ros/humble /usr/bin/cmake /home/scu2u/ros2_ws/src/scu2u_sim -DAMENT_CMAKE_SYMLINK_INSTALL=1 -DCMAKE_INSTALL_PREFIX=/home/scu2u/ros2_ws/install/scu2u_sim
[2.696s] Invoking command in '/home/scu2u/ros2_ws/build/scu2u_sim': CMAKE_PREFIX_PATH=/opt/ros/humble /usr/bin/cmake --build /home/scu2u/ros2_ws/build/scu2u_sim -- -j4 -l4
[2.868s] Invoked command in '/home/scu2u/ros2_ws/build/scu2u_sim' returned '0': CMAKE_PREFIX_PATH=/opt/ros/humble /usr/bin/cmake --build /home/scu2u/ros2_ws/build/scu2u_sim -- -j4 -l4
[2.919s] Invoking command in '/home/scu2u/ros2_ws/build/scu2u_sim': CMAKE_PREFIX_PATH=/opt/ros/humble /usr/bin/cmake --install /home/scu2u/ros2_ws/build/scu2u_sim
[2.947s] -- Install configuration: ""
[2.949s] -- Execute custom install script
[2.950s] -- Symlinking: /home/scu2u/ros2_ws/install/scu2u_sim/share/scu2u_sim/launch/sim.launch.py
[2.984s] -- Symlinking: /home/scu2u/ros2_ws/install/scu2u_sim/share/scu2u_sim/worlds/campus.sdf
[3.024s] -- Symlinking: /home/scu2u/ros2_ws/install/scu2u_sim/share/ament_index/resource_index/package_run_dependencies/scu2u_sim
[3.062s] -- Symlinking: /home/scu2u/ros2_ws/install/scu2u_sim/share/ament_index/resource_index/parent_prefix_path/scu2u_sim
[3.099s] -- Symlinking: /home/scu2u/ros2_ws/install/scu2u_sim/share/scu2u_sim/environment/ament_prefix_path.sh
[3.141s] -- Symlinking: /home/scu2u/ros2_ws/install/scu2u_sim/share/scu2u_sim/environment/ament_prefix_path.dsv
[3.175s] -- Symlinking: /home/scu2u/ros2_ws/install/scu2u_sim/share/scu2u_sim/environment/path.sh
[3.216s] -- Symlinking: /home/scu2u/ros2_ws/install/scu2u_sim/share/scu2u_sim/environment/path.dsv
[3.252s] -- Symlinking: /home/scu2u/ros2_ws/install/scu2u_sim/share/scu2u_sim/local_setup.bash
[3.288s] -- Symlinking: /home/scu2u/ros2_ws/install/scu2u_sim/share/scu2u_sim/local_setup.sh
[3.343s] -- Symlinking: /home/scu2u/ros2_ws/install/scu2u_sim/share/scu2u_sim/local_setup.zsh
[3.393s] -- Symlinking: /home/scu2u/ros2_ws/install/scu2u_sim/share/scu2u_sim/local_setup.dsv
[3.447s] -- Symlinking: /home/scu2u/ros2_ws/install/scu2u_sim/share/scu2u_sim/package.dsv
[3.487s] -- Symlinking: /home/scu2u/ros2_ws/install/scu2u_sim/share/ament_index/resource_index/packages/scu2u_sim
[3.527s] -- Symlinking: /home/scu2u/ros2_ws/install/scu2u_sim/share/scu2u_sim/cmake/scu2u_simConfig.cmake
[3.567s] -- Symlinking: /home/scu2u/ros2_ws/install/scu2u_sim/share/scu2u_sim/cmake/scu2u_simConfig-version.cmake
[3.602s] -- Symlinking: /home/scu2u/ros2_ws/install/scu2u_sim/share/scu2u_sim/package.xml
[3.644s] Invoked command in '/home/scu2u/ros2_ws/build/scu2u_sim' returned '0': CMAKE_PREFIX_PATH=/opt/ros/humble /usr/bin/cmake --install /home/scu2u/ros2_ws/build/scu2u_sim
