[4.355s] Invoking command in '/home/scu2u/ros2_ws/src/python_package': PYTHONPATH=/home/scu2u/ros2_ws/build/python_package/prefix_override:/usr/lib/python3/dist-packages/colcon_core/task/python/colcon_distutils_commands:/home/scu2u/ros2_ws/install/python_package/lib/python3.10/site-packages: /usr/bin/python3 -W ignore:setup.py install is deprecated -W ignore:easy_install command is deprecated setup.py egg_info --egg-base ../../build/python_package build --build-base /home/scu2u/ros2_ws/build/python_package/build install --record /home/scu2u/ros2_ws/build/python_package/install.log --single-version-externally-managed install_data
[5.669s] running egg_info
[5.671s] writing ../../build/python_package/python_package.egg-info/PKG-INFO
[5.673s] writing dependency_links to ../../build/python_package/python_package.egg-info/dependency_links.txt
[5.675s] writing entry points to ../../build/python_package/python_package.egg-info/entry_points.txt
[5.676s] writing requirements to ../../build/python_package/python_package.egg-info/requires.txt
[5.678s] writing top-level names to ../../build/python_package/python_package.egg-info/top_level.txt
[5.690s] reading manifest file '../../build/python_package/python_package.egg-info/SOURCES.txt'
[5.696s] writing manifest file '../../build/python_package/python_package.egg-info/SOURCES.txt'
[5.697s] running build
[5.698s] running build_py
[5.699s] copying python_package/send_commands.py -> /home/scu2u/ros2_ws/build/python_package/build/lib/python_package
[5.704s] running install
[5.707s] running install_lib
[5.716s] copying /home/scu2u/ros2_ws/build/python_package/build/lib/python_package/send_commands.py -> /home/scu2u/ros2_ws/install/python_package/lib/python3.10/site-packages/python_package
[5.721s] byte-compiling /home/scu2u/ros2_ws/install/python_package/lib/python3.10/site-packages/python_package/send_commands.py to send_commands.cpython-310.pyc
[5.724s] running install_data
[5.725s] running install_egg_info
[5.738s] removing '/home/scu2u/ros2_ws/install/python_package/lib/python3.10/site-packages/python_package-0.0.0-py3.10.egg-info' (and everything under it)
[5.740s] Copying ../../build/python_package/python_package.egg-info to /home/scu2u/ros2_ws/install/python_package/lib/python3.10/site-packages/python_package-0.0.0-py3.10.egg-info
[5.747s] running install_scripts
[5.848s] Installing log_imu_data_wifi script to /home/scu2u/ros2_ws/install/python_package/lib/python_package
[5.849s] Installing send_commands script to /home/scu2u/ros2_ws/install/python_package/lib/python_package
[5.849s] Installing test_pub script to /home/scu2u/ros2_ws/install/python_package/lib/python_package
[5.850s] Installing test_sub script to /home/scu2u/ros2_ws/install/python_package/lib/python_package
[5.853s] writing list of installed files to '/home/scu2u/ros2_ws/build/python_package/install.log'
[6.045s] Invoked command in '/home/scu2u/ros2_ws/src/python_package' returned '0': PYTHONPATH=/home/scu2u/ros2_ws/build/python_package/prefix_override:/usr/lib/python3/dist-packages/colcon_core/task/python/colcon_distutils_commands:/home/scu2u/ros2_ws/install/python_package/lib/python3.10/site-packages: /usr/bin/python3 -W ignore:setup.py install is deprecated -W ignore:easy_install command is deprecated setup.py egg_info --egg-base ../../build/python_package build --build-base /home/scu2u/ros2_ws/build/python_package/build install --record /home/scu2u/ros2_ws/build/python_package/install.log --single-version-externally-managed install_data
