[0.945s] DEBUG:colcon:Command line arguments: ['/usr/bin/colcon', 'build']
[0.945s] DEBUG:colcon:Parsed command line arguments: Namespace(log_base=None, log_level=None, verb_name='build', build_base='build', install_base='install', merge_install=False, symlink_install=False, test_result_base=None, continue_on_error=False, executor='parallel', parallel_workers=4, event_handlers=None, ignore_user_meta=False, metas=['./colcon.meta'], base_paths=['.'], packages_ignore=None, packages_ignore_regex=None, paths=None, packages_up_to=None, packages_up_to_regex=None, packages_above=None, packages_above_and_dependencies=None, packages_above_depth=None, packages_select_by_dep=None, packages_skip_by_dep=None, packages_skip_up_to=None, packages_select_build_failed=False, packages_skip_build_finished=False, packages_select_test_failures=False, packages_skip_test_passed=False, packages_select=None, packages_skip=None, packages_select_regex=None, packages_skip_regex=None, packages_start=None, packages_end=None, allow_overriding=[], cmake_args=None, cmake_target=None, cmake_target_skip_unavailable=False, cmake_clean_cache=False, cmake_clean_first=False, cmake_force_configure=False, ament_cmake_args=None, catkin_cmake_args=None, catkin_skip_building_tests=False, mixin_files=None, mixin=None, verb_parser=<colcon_mixin.mixin.mixin_argument.MixinArgumentDecorator object at 0xffff9dd393c0>, verb_extension=<colcon_core.verb.build.BuildVerb object at 0xffff9deee3b0>, main=<bound method BuildVerb.main of <colcon_core.verb.build.BuildVerb object at 0xffff9deee3b0>>, mixin_verb=('build',))
[2.279s] Level 1:colcon.colcon_core.package_discovery:discover_packages(colcon_meta) check parameters
[2.280s] Level 1:colcon.colcon_core.package_discovery:discover_packages(recursive) check parameters
[2.280s] Level 1:colcon.colcon_core.package_discovery:discover_packages(ignore) check parameters
[2.280s] Level 1:colcon.colcon_core.package_discovery:discover_packages(path) check parameters
[2.281s] Level 1:colcon.colcon_core.package_discovery:discover_packages(colcon_meta) discover
[2.281s] Level 1:colcon.colcon_core.package_discovery:discover_packages(recursive) discover
[2.281s] INFO:colcon.colcon_core.package_discovery:Crawling recursively for packages in '/home/scu2u/ros2_ws'
[2.282s] Level 1:colcon.colcon_core.package_identification:_identify(.) by extensions ['ignore', 'ignore_ament_install']
[2.282s] Level 1:colcon.colcon_core.package_identification:_identify(.) by extension 'ignore'
[2.283s] Level 1:colcon.colcon_core.package_identification:_identify(.) by extension 'ignore_ament_install'
[2.283s] Level 1:colcon.colcon_core.package_identification:_identify(.) by extensions ['colcon_pkg']
[2.283s] Level 1:colcon.colcon_core.package_identification:_identify(.) by extension 'colcon_pkg'
[2.283s] Level 1:colcon.colcon_core.package_identification:_identify(.) by extensions ['colcon_meta']
[2.283s] Level 1:colcon.colcon_core.package_identification:_identify(.) by extension 'colcon_meta'
[2.284s] Level 1:colcon.colcon_core.package_identification:_identify(.) by extensions ['ros']
[2.284s] Level 1:colcon.colcon_core.package_identification:_identify(.) by extension 'ros'
[2.328s] Level 1:colcon.colcon_core.package_identification:_identify(.) by extensions ['cmake', 'python']
[2.329s] Level 1:colcon.colcon_core.package_identification:_identify(.) by extension 'cmake'
[2.329s] Level 1:colcon.colcon_core.package_identification:_identify(.) by extension 'python'
[2.329s] Level 1:colcon.colcon_core.package_identification:_identify(.) by extensions ['python_setup_py']
[2.329s] Level 1:colcon.colcon_core.package_identification:_identify(.) by extension 'python_setup_py'
[2.330s] Level 1:colcon.colcon_core.package_identification:_identify(build) by extensions ['ignore', 'ignore_ament_install']
[2.330s] Level 1:colcon.colcon_core.package_identification:_identify(build) by extension 'ignore'
[2.331s] Level 1:colcon.colcon_core.package_identification:_identify(build) ignored
[2.331s] Level 1:colcon.colcon_core.package_identification:_identify(install) by extensions ['ignore', 'ignore_ament_install']
[2.332s] Level 1:colcon.colcon_core.package_identification:_identify(install) by extension 'ignore'
[2.332s] Level 1:colcon.colcon_core.package_identification:_identify(install) ignored
[2.332s] Level 1:colcon.colcon_core.package_identification:_identify(log) by extensions ['ignore', 'ignore_ament_install']
[2.333s] Level 1:colcon.colcon_core.package_identification:_identify(log) by extension 'ignore'
[2.333s] Level 1:colcon.colcon_core.package_identification:_identify(log) ignored
[2.333s] Level 1:colcon.colcon_core.package_identification:_identify(src) by extensions ['ignore', 'ignore_ament_install']
[2.334s] Level 1:colcon.colcon_core.package_identification:_identify(src) by extension 'ignore'
[2.334s] Level 1:colcon.colcon_core.package_identification:_identify(src) by extension 'ignore_ament_install'
[2.334s] Level 1:colcon.colcon_core.package_identification:_identify(src) by extensions ['colcon_pkg']
[2.334s] Level 1:colcon.colcon_core.package_identification:_identify(src) by extension 'colcon_pkg'
[2.335s] Level 1:colcon.colcon_core.package_identification:_identify(src) by extensions ['colcon_meta']
[2.335s] Level 1:colcon.colcon_core.package_identification:_identify(src) by extension 'colcon_meta'
[2.335s] Level 1:colcon.colcon_core.package_identification:_identify(src) by extensions ['ros']
[2.335s] Level 1:colcon.colcon_core.package_identification:_identify(src) by extension 'ros'
[2.335s] Level 1:colcon.colcon_core.package_identification:_identify(src) by extensions ['cmake', 'python']
[2.336s] Level 1:colcon.colcon_core.package_identification:_identify(src) by extension 'cmake'
[2.336s] Level 1:colcon.colcon_core.package_identification:_identify(src) by extension 'python'
[2.336s] Level 1:colcon.colcon_core.package_identification:_identify(src) by extensions ['python_setup_py']
[2.336s] Level 1:colcon.colcon_core.package_identification:_identify(src) by extension 'python_setup_py'
[2.337s] Level 1:colcon.colcon_core.package_identification:_identify(src/python_package) by extensions ['ignore', 'ignore_ament_install']
[2.337s] Level 1:colcon.colcon_core.package_identification:_identify(src/python_package) by extension 'ignore'
[2.337s] Level 1:colcon.colcon_core.package_identification:_identify(src/python_package) by extension 'ignore_ament_install'
[2.338s] Level 1:colcon.colcon_core.package_identification:_identify(src/python_package) by extensions ['colcon_pkg']
[2.338s] Level 1:colcon.colcon_core.package_identification:_identify(src/python_package) by extension 'colcon_pkg'
[2.338s] Level 1:colcon.colcon_core.package_identification:_identify(src/python_package) by extensions ['colcon_meta']
[2.338s] Level 1:colcon.colcon_core.package_identification:_identify(src/python_package) by extension 'colcon_meta'
[2.338s] Level 1:colcon.colcon_core.package_identification:_identify(src/python_package) by extensions ['ros']
[2.338s] Level 1:colcon.colcon_core.package_identification:_identify(src/python_package) by extension 'ros'
[2.359s] DEBUG:colcon.colcon_core.package_identification:Package 'src/python_package' with type 'ros.ament_python' and name 'python_package'
[2.361s] Level 1:colcon.colcon_core.package_identification:_identify(src/scu2u_description) by extensions ['ignore', 'ignore_ament_install']
[2.361s] Level 1:colcon.colcon_core.package_identification:_identify(src/scu2u_description) by extension 'ignore'
[2.362s] Level 1:colcon.colcon_core.package_identification:_identify(src/scu2u_description) by extension 'ignore_ament_install'
[2.362s] Level 1:colcon.colcon_core.package_identification:_identify(src/scu2u_description) by extensions ['colcon_pkg']
[2.363s] Level 1:colcon.colcon_core.package_identification:_identify(src/scu2u_description) by extension 'colcon_pkg'
[2.363s] Level 1:colcon.colcon_core.package_identification:_identify(src/scu2u_description) by extensions ['colcon_meta']
[2.363s] Level 1:colcon.colcon_core.package_identification:_identify(src/scu2u_description) by extension 'colcon_meta'
[2.363s] Level 1:colcon.colcon_core.package_identification:_identify(src/scu2u_description) by extensions ['ros']
[2.364s] Level 1:colcon.colcon_core.package_identification:_identify(src/scu2u_description) by extension 'ros'
[2.364s] Level 1:colcon.colcon_core.package_identification:_identify(src/scu2u_description) by extensions ['cmake', 'python']
[2.365s] Level 1:colcon.colcon_core.package_identification:_identify(src/scu2u_description) by extension 'cmake'
[2.365s] Level 1:colcon.colcon_core.package_identification:_identify(src/scu2u_description) by extension 'python'
[2.365s] Level 1:colcon.colcon_core.package_identification:_identify(src/scu2u_description) by extensions ['python_setup_py']
[2.365s] Level 1:colcon.colcon_core.package_identification:_identify(src/scu2u_description) by extension 'python_setup_py'
[2.366s] Level 1:colcon.colcon_core.package_identification:_identify(src/scu2u_description/launch) by extensions ['ignore', 'ignore_ament_install']
[2.366s] Level 1:colcon.colcon_core.package_identification:_identify(src/scu2u_description/launch) by extension 'ignore'
[2.367s] Level 1:colcon.colcon_core.package_identification:_identify(src/scu2u_description/launch) by extension 'ignore_ament_install'
[2.367s] Level 1:colcon.colcon_core.package_identification:_identify(src/scu2u_description/launch) by extensions ['colcon_pkg']
[2.367s] Level 1:colcon.colcon_core.package_identification:_identify(src/scu2u_description/launch) by extension 'colcon_pkg'
[2.367s] Level 1:colcon.colcon_core.package_identification:_identify(src/scu2u_description/launch) by extensions ['colcon_meta']
[2.367s] Level 1:colcon.colcon_core.package_identification:_identify(src/scu2u_description/launch) by extension 'colcon_meta'
[2.368s] Level 1:colcon.colcon_core.package_identification:_identify(src/scu2u_description/launch) by extensions ['ros']
[2.368s] Level 1:colcon.colcon_core.package_identification:_identify(src/scu2u_description/launch) by extension 'ros'
[2.368s] Level 1:colcon.colcon_core.package_identification:_identify(src/scu2u_description/launch) by extensions ['cmake', 'python']
[2.368s] Level 1:colcon.colcon_core.package_identification:_identify(src/scu2u_description/launch) by extension 'cmake'
[2.369s] Level 1:colcon.colcon_core.package_identification:_identify(src/scu2u_description/launch) by extension 'python'
[2.369s] Level 1:colcon.colcon_core.package_identification:_identify(src/scu2u_description/launch) by extensions ['python_setup_py']
[2.369s] Level 1:colcon.colcon_core.package_identification:_identify(src/scu2u_description/launch) by extension 'python_setup_py'
[2.369s] Level 1:colcon.colcon_core.package_identification:_identify(src/scu2u_description/urdf) by extensions ['ignore', 'ignore_ament_install']
[2.370s] Level 1:colcon.colcon_core.package_identification:_identify(src/scu2u_description/urdf) by extension 'ignore'
[2.370s] Level 1:colcon.colcon_core.package_identification:_identify(src/scu2u_description/urdf) by extension 'ignore_ament_install'
[2.370s] Level 1:colcon.colcon_core.package_identification:_identify(src/scu2u_description/urdf) by extensions ['colcon_pkg']
[2.370s] Level 1:colcon.colcon_core.package_identification:_identify(src/scu2u_description/urdf) by extension 'colcon_pkg'
[2.371s] Level 1:colcon.colcon_core.package_identification:_identify(src/scu2u_description/urdf) by extensions ['colcon_meta']
[2.371s] Level 1:colcon.colcon_core.package_identification:_identify(src/scu2u_description/urdf) by extension 'colcon_meta'
[2.371s] Level 1:colcon.colcon_core.package_identification:_identify(src/scu2u_description/urdf) by extensions ['ros']
[2.371s] Level 1:colcon.colcon_core.package_identification:_identify(src/scu2u_description/urdf) by extension 'ros'
[2.372s] Level 1:colcon.colcon_core.package_identification:_identify(src/scu2u_description/urdf) by extensions ['cmake', 'python']
[2.372s] Level 1:colcon.colcon_core.package_identification:_identify(src/scu2u_description/urdf) by extension 'cmake'
[2.372s] Level 1:colcon.colcon_core.package_identification:_identify(src/scu2u_description/urdf) by extension 'python'
[2.372s] Level 1:colcon.colcon_core.package_identification:_identify(src/scu2u_description/urdf) by extensions ['python_setup_py']
[2.372s] Level 1:colcon.colcon_core.package_identification:_identify(src/scu2u_description/urdf) by extension 'python_setup_py'
[2.373s] Level 1:colcon.colcon_core.package_identification:_identify(src/scu2u_description/worlds) by extensions ['ignore', 'ignore_ament_install']
[2.373s] Level 1:colcon.colcon_core.package_identification:_identify(src/scu2u_description/worlds) by extension 'ignore'
[2.373s] Level 1:colcon.colcon_core.package_identification:_identify(src/scu2u_description/worlds) by extension 'ignore_ament_install'
[2.374s] Level 1:colcon.colcon_core.package_identification:_identify(src/scu2u_description/worlds) by extensions ['colcon_pkg']
[2.374s] Level 1:colcon.colcon_core.package_identification:_identify(src/scu2u_description/worlds) by extension 'colcon_pkg'
[2.374s] Level 1:colcon.colcon_core.package_identification:_identify(src/scu2u_description/worlds) by extensions ['colcon_meta']
[2.374s] Level 1:colcon.colcon_core.package_identification:_identify(src/scu2u_description/worlds) by extension 'colcon_meta'
[2.374s] Level 1:colcon.colcon_core.package_identification:_identify(src/scu2u_description/worlds) by extensions ['ros']
[2.374s] Level 1:colcon.colcon_core.package_identification:_identify(src/scu2u_description/worlds) by extension 'ros'
[2.375s] Level 1:colcon.colcon_core.package_identification:_identify(src/scu2u_description/worlds) by extensions ['cmake', 'python']
[2.375s] Level 1:colcon.colcon_core.package_identification:_identify(src/scu2u_description/worlds) by extension 'cmake'
[2.375s] Level 1:colcon.colcon_core.package_identification:_identify(src/scu2u_description/worlds) by extension 'python'
[2.375s] Level 1:colcon.colcon_core.package_identification:_identify(src/scu2u_description/worlds) by extensions ['python_setup_py']
[2.376s] Level 1:colcon.colcon_core.package_identification:_identify(src/scu2u_description/worlds) by extension 'python_setup_py'
[2.376s] Level 1:colcon.colcon_core.package_identification:_identify(src/scu2u_sim) by extensions ['ignore', 'ignore_ament_install']
[2.376s] Level 1:colcon.colcon_core.package_identification:_identify(src/scu2u_sim) by extension 'ignore'
[2.377s] Level 1:colcon.colcon_core.package_identification:_identify(src/scu2u_sim) by extension 'ignore_ament_install'
[2.377s] Level 1:colcon.colcon_core.package_identification:_identify(src/scu2u_sim) by extensions ['colcon_pkg']
[2.377s] Level 1:colcon.colcon_core.package_identification:_identify(src/scu2u_sim) by extension 'colcon_pkg'
[2.377s] Level 1:colcon.colcon_core.package_identification:_identify(src/scu2u_sim) by extensions ['colcon_meta']
[2.377s] Level 1:colcon.colcon_core.package_identification:_identify(src/scu2u_sim) by extension 'colcon_meta'
[2.378s] Level 1:colcon.colcon_core.package_identification:_identify(src/scu2u_sim) by extensions ['ros']
[2.378s] Level 1:colcon.colcon_core.package_identification:_identify(src/scu2u_sim) by extension 'ros'
[2.380s] DEBUG:colcon.colcon_core.package_identification:Package 'src/scu2u_sim' with type 'ros.ament_cmake' and name 'scu2u_sim'
[2.381s] Level 1:colcon.colcon_core.package_discovery:discover_packages(recursive) using defaults
[2.381s] Level 1:colcon.colcon_core.package_discovery:discover_packages(ignore) discover
[2.381s] Level 1:colcon.colcon_core.package_discovery:discover_packages(ignore) using defaults
[2.381s] Level 1:colcon.colcon_core.package_discovery:discover_packages(path) discover
[2.381s] Level 1:colcon.colcon_core.package_discovery:discover_packages(path) using defaults
[2.568s] Level 1:colcon.colcon_core.package_discovery:discover_packages(prefix_path) check parameters
[2.568s] Level 1:colcon.colcon_core.package_discovery:discover_packages(prefix_path) discover
[2.591s] DEBUG:colcon.colcon_installed_package_information.package_discovery:Found 287 installed packages in /opt/ros/humble
[2.598s] Level 1:colcon.colcon_core.package_discovery:discover_packages(prefix_path) using defaults
[2.780s] Level 5:colcon.colcon_core.verb:set package 'python_package' build argument 'cmake_args' from command line to 'None'
[2.780s] Level 5:colcon.colcon_core.verb:set package 'python_package' build argument 'cmake_target' from command line to 'None'
[2.780s] Level 5:colcon.colcon_core.verb:set package 'python_package' build argument 'cmake_target_skip_unavailable' from command line to 'False'
[2.780s] Level 5:colcon.colcon_core.verb:set package 'python_package' build argument 'cmake_clean_cache' from command line to 'False'
[2.780s] Level 5:colcon.colcon_core.verb:set package 'python_package' build argument 'cmake_clean_first' from command line to 'False'
[2.780s] Level 5:colcon.colcon_core.verb:set package 'python_package' build argument 'cmake_force_configure' from command line to 'False'
[2.781s] Level 5:colcon.colcon_core.verb:set package 'python_package' build argument 'ament_cmake_args' from command line to 'None'
[2.781s] Level 5:colcon.colcon_core.verb:set package 'python_package' build argument 'catkin_cmake_args' from command line to 'None'
[2.781s] Level 5:colcon.colcon_core.verb:set package 'python_package' build argument 'catkin_skip_building_tests' from command line to 'False'
[2.781s] DEBUG:colcon.colcon_core.verb:Building package 'python_package' with the following arguments: {'ament_cmake_args': None, 'build_base': '/home/scu2u/ros2_ws/build/python_package', 'catkin_cmake_args': None, 'catkin_skip_building_tests': False, 'cmake_args': None, 'cmake_clean_cache': False, 'cmake_clean_first': False, 'cmake_force_configure': False, 'cmake_target': None, 'cmake_target_skip_unavailable': False, 'install_base': '/home/scu2u/ros2_ws/install/python_package', 'merge_install': False, 'path': '/home/scu2u/ros2_ws/src/python_package', 'symlink_install': False, 'test_result_base': None}
[2.783s] Level 5:colcon.colcon_core.verb:set package 'scu2u_sim' build argument 'cmake_args' from command line to 'None'
[2.783s] Level 5:colcon.colcon_core.verb:set package 'scu2u_sim' build argument 'cmake_target' from command line to 'None'
[2.783s] Level 5:colcon.colcon_core.verb:set package 'scu2u_sim' build argument 'cmake_target_skip_unavailable' from command line to 'False'
[2.783s] Level 5:colcon.colcon_core.verb:set package 'scu2u_sim' build argument 'cmake_clean_cache' from command line to 'False'
[2.783s] Level 5:colcon.colcon_core.verb:set package 'scu2u_sim' build argument 'cmake_clean_first' from command line to 'False'
[2.783s] Level 5:colcon.colcon_core.verb:set package 'scu2u_sim' build argument 'cmake_force_configure' from command line to 'False'
[2.783s] Level 5:colcon.colcon_core.verb:set package 'scu2u_sim' build argument 'ament_cmake_args' from command line to 'None'
[2.783s] Level 5:colcon.colcon_core.verb:set package 'scu2u_sim' build argument 'catkin_cmake_args' from command line to 'None'
[2.783s] Level 5:colcon.colcon_core.verb:set package 'scu2u_sim' build argument 'catkin_skip_building_tests' from command line to 'False'
[2.784s] DEBUG:colcon.colcon_core.verb:Building package 'scu2u_sim' with the following arguments: {'ament_cmake_args': None, 'build_base': '/home/scu2u/ros2_ws/build/scu2u_sim', 'catkin_cmake_args': None, 'catkin_skip_building_tests': False, 'cmake_args': None, 'cmake_clean_cache': False, 'cmake_clean_first': False, 'cmake_force_configure': False, 'cmake_target': None, 'cmake_target_skip_unavailable': False, 'install_base': '/home/scu2u/ros2_ws/install/scu2u_sim', 'merge_install': False, 'path': '/home/scu2u/ros2_ws/src/scu2u_sim', 'symlink_install': False, 'test_result_base': None}
[2.784s] INFO:colcon.colcon_core.executor:Executing jobs using 'parallel' executor
[2.788s] DEBUG:colcon.colcon_parallel_executor.executor.parallel:run_until_complete
[2.789s] INFO:colcon.colcon_ros.task.ament_python.build:Building ROS package in '/home/scu2u/ros2_ws/src/python_package' with build type 'ament_python'
[2.790s] Level 1:colcon.colcon_core.shell:create_environment_hook('python_package', 'ament_prefix_path')
[2.817s] INFO:colcon.colcon_core.plugin_system:Skipping extension 'colcon_core.shell.bat': Not used on non-Windows systems
[2.818s] INFO:colcon.colcon_core.shell:Creating environment hook '/home/scu2u/ros2_ws/install/python_package/share/python_package/hook/ament_prefix_path.ps1'
[2.825s] INFO:colcon.colcon_core.shell:Creating environment descriptor '/home/scu2u/ros2_ws/install/python_package/share/python_package/hook/ament_prefix_path.dsv'
[2.830s] INFO:colcon.colcon_core.shell:Creating environment hook '/home/scu2u/ros2_ws/install/python_package/share/python_package/hook/ament_prefix_path.sh'
[2.841s] INFO:colcon.colcon_core.shell:Skip shell extension 'powershell' for command environment: Not usable outside of PowerShell
[2.842s] DEBUG:colcon.colcon_core.shell:Skip shell extension 'dsv' for command environment
[2.870s] INFO:colcon.colcon_ros.task.ament_cmake.build:Building ROS package in '/home/scu2u/ros2_ws/src/scu2u_sim' with build type 'ament_cmake'
[2.871s] INFO:colcon.colcon_cmake.task.cmake.build:Building CMake package in '/home/scu2u/ros2_ws/src/scu2u_sim'
[2.872s] INFO:colcon.colcon_core.shell:Skip shell extension 'powershell' for command environment: Not usable outside of PowerShell
[2.873s] DEBUG:colcon.colcon_core.shell:Skip shell extension 'dsv' for command environment
[4.672s] INFO:colcon.colcon_core.task.python.build:Building Python package in '/home/scu2u/ros2_ws/src/python_package'
[4.673s] INFO:colcon.colcon_core.shell:Skip shell extension 'powershell' for command environment: Not usable outside of PowerShell
[4.673s] DEBUG:colcon.colcon_core.shell:Skip shell extension 'dsv' for command environment
[4.765s] DEBUG:colcon.colcon_core.event_handler.log_command:Invoking command in '/home/scu2u/ros2_ws/build/scu2u_sim': CMAKE_PREFIX_PATH=/opt/ros/humble /usr/bin/cmake /home/scu2u/ros2_ws/src/scu2u_sim -DCMAKE_INSTALL_PREFIX=/home/scu2u/ros2_ws/install/scu2u_sim
[7.376s] DEBUG:colcon.colcon_core.event_handler.log_command:Invoking command in '/home/scu2u/ros2_ws/src/python_package': PYTHONPATH=/home/scu2u/ros2_ws/build/python_package/prefix_override:/usr/lib/python3/dist-packages/colcon_core/task/python/colcon_distutils_commands:/home/scu2u/ros2_ws/install/python_package/lib/python3.10/site-packages:${PYTHONPATH} /usr/bin/python3 -W ignore:setup.py install is deprecated -W ignore:easy_install command is deprecated setup.py egg_info --egg-base ../../build/python_package build --build-base /home/scu2u/ros2_ws/build/python_package/build install --record /home/scu2u/ros2_ws/build/python_package/install.log --single-version-externally-managed install_data
[9.580s] DEBUG:colcon.colcon_core.event_handler.log_command:Invoked command in '/home/scu2u/ros2_ws/src/python_package' returned '0': PYTHONPATH=/home/scu2u/ros2_ws/build/python_package/prefix_override:/usr/lib/python3/dist-packages/colcon_core/task/python/colcon_distutils_commands:/home/scu2u/ros2_ws/install/python_package/lib/python3.10/site-packages:${PYTHONPATH} /usr/bin/python3 -W ignore:setup.py install is deprecated -W ignore:easy_install command is deprecated setup.py egg_info --egg-base ../../build/python_package build --build-base /home/scu2u/ros2_ws/build/python_package/build install --record /home/scu2u/ros2_ws/build/python_package/install.log --single-version-externally-managed install_data
[9.617s] Level 1:colcon.colcon_core.environment:checking '/home/scu2u/ros2_ws/install/python_package' for CMake module files
[9.620s] Level 1:colcon.colcon_core.environment:checking '/home/scu2u/ros2_ws/install/python_package' for CMake config files
[9.625s] Level 1:colcon.colcon_core.environment:checking '/home/scu2u/ros2_ws/install/python_package/lib'
[9.626s] Level 1:colcon.colcon_core.environment:checking '/home/scu2u/ros2_ws/install/python_package/bin'
[9.626s] Level 1:colcon.colcon_core.environment:checking '/home/scu2u/ros2_ws/install/python_package/lib/pkgconfig/python_package.pc'
[9.627s] Level 1:colcon.colcon_core.environment:checking '/home/scu2u/ros2_ws/install/python_package/lib/python3.10/site-packages'
[9.628s] Level 1:colcon.colcon_core.shell:create_environment_hook('python_package', 'pythonpath')
[9.629s] INFO:colcon.colcon_core.shell:Creating environment hook '/home/scu2u/ros2_ws/install/python_package/share/python_package/hook/pythonpath.ps1'
[9.632s] INFO:colcon.colcon_core.shell:Creating environment descriptor '/home/scu2u/ros2_ws/install/python_package/share/python_package/hook/pythonpath.dsv'
[9.634s] INFO:colcon.colcon_core.shell:Creating environment hook '/home/scu2u/ros2_ws/install/python_package/share/python_package/hook/pythonpath.sh'
[9.638s] Level 1:colcon.colcon_core.environment:checking '/home/scu2u/ros2_ws/install/python_package/bin'
[9.639s] Level 1:colcon.colcon_core.environment:create_environment_scripts_only(python_package)
[9.640s] INFO:colcon.colcon_core.shell:Creating package script '/home/scu2u/ros2_ws/install/python_package/share/python_package/package.ps1'
[9.645s] INFO:colcon.colcon_core.shell:Creating package descriptor '/home/scu2u/ros2_ws/install/python_package/share/python_package/package.dsv'
[9.649s] INFO:colcon.colcon_core.shell:Creating package script '/home/scu2u/ros2_ws/install/python_package/share/python_package/package.sh'
[9.654s] INFO:colcon.colcon_core.shell:Creating package script '/home/scu2u/ros2_ws/install/python_package/share/python_package/package.bash'
[9.661s] INFO:colcon.colcon_core.shell:Creating package script '/home/scu2u/ros2_ws/install/python_package/share/python_package/package.zsh'
[9.669s] Level 1:colcon.colcon_core.environment:create_file_with_runtime_dependencies(/home/scu2u/ros2_ws/install/python_package/share/colcon-core/packages/python_package)
[11.049s] DEBUG:colcon.colcon_core.event_handler.log_command:Invoked command in '/home/scu2u/ros2_ws/build/scu2u_sim' returned '0': CMAKE_PREFIX_PATH=/opt/ros/humble /usr/bin/cmake /home/scu2u/ros2_ws/src/scu2u_sim -DCMAKE_INSTALL_PREFIX=/home/scu2u/ros2_ws/install/scu2u_sim
[11.060s] DEBUG:colcon.colcon_core.event_handler.log_command:Invoking command in '/home/scu2u/ros2_ws/build/scu2u_sim': CMAKE_PREFIX_PATH=/opt/ros/humble /usr/bin/cmake --build /home/scu2u/ros2_ws/build/scu2u_sim -- -j4 -l4
[11.235s] DEBUG:colcon.colcon_core.event_handler.log_command:Invoked command in '/home/scu2u/ros2_ws/build/scu2u_sim' returned '0': CMAKE_PREFIX_PATH=/opt/ros/humble /usr/bin/cmake --build /home/scu2u/ros2_ws/build/scu2u_sim -- -j4 -l4
[11.280s] DEBUG:colcon.colcon_core.event_handler.log_command:Invoking command in '/home/scu2u/ros2_ws/build/scu2u_sim': CMAKE_PREFIX_PATH=/opt/ros/humble /usr/bin/cmake --install /home/scu2u/ros2_ws/build/scu2u_sim
[11.334s] DEBUG:colcon.colcon_core.event_handler.log_command:Invoked command in '/home/scu2u/ros2_ws/build/scu2u_sim' returned '1': CMAKE_PREFIX_PATH=/opt/ros/humble /usr/bin/cmake --install /home/scu2u/ros2_ws/build/scu2u_sim
[11.336s] Level 1:colcon.colcon_core.environment:create_environment_scripts_only(scu2u_sim)
[11.337s] Level 1:colcon.colcon_core.environment:checking '/home/scu2u/ros2_ws/install/scu2u_sim' for CMake module files
[11.338s] Level 1:colcon.colcon_core.environment:checking '/home/scu2u/ros2_ws/install/scu2u_sim' for CMake config files
[11.339s] Level 1:colcon.colcon_core.environment:checking '/home/scu2u/ros2_ws/install/scu2u_sim/bin'
[11.339s] Level 1:colcon.colcon_core.environment:checking '/home/scu2u/ros2_ws/install/scu2u_sim/lib/pkgconfig/scu2u_sim.pc'
[11.340s] Level 1:colcon.colcon_core.environment:checking '/home/scu2u/ros2_ws/install/scu2u_sim/lib/python3.10/site-packages'
[11.342s] Level 1:colcon.colcon_core.environment:checking '/home/scu2u/ros2_ws/install/scu2u_sim/bin'
[11.343s] INFO:colcon.colcon_core.shell:Creating package script '/home/scu2u/ros2_ws/install/scu2u_sim/share/scu2u_sim/package.ps1'
[11.346s] INFO:colcon.colcon_core.shell:Creating package descriptor '/home/scu2u/ros2_ws/install/scu2u_sim/share/scu2u_sim/package.dsv'
[11.348s] INFO:colcon.colcon_core.shell:Creating package script '/home/scu2u/ros2_ws/install/scu2u_sim/share/scu2u_sim/package.sh'
[11.351s] INFO:colcon.colcon_core.shell:Creating package script '/home/scu2u/ros2_ws/install/scu2u_sim/share/scu2u_sim/package.bash'
[11.353s] INFO:colcon.colcon_core.shell:Creating package script '/home/scu2u/ros2_ws/install/scu2u_sim/share/scu2u_sim/package.zsh'
[11.355s] Level 1:colcon.colcon_core.environment:create_file_with_runtime_dependencies(/home/scu2u/ros2_ws/install/scu2u_sim/share/colcon-core/packages/scu2u_sim)
[11.367s] DEBUG:colcon.colcon_parallel_executor.executor.parallel:closing loop
[11.368s] DEBUG:colcon.colcon_parallel_executor.executor.parallel:loop closed
[11.369s] DEBUG:colcon.colcon_parallel_executor.executor.parallel:run_until_complete finished with '1'
[11.369s] DEBUG:colcon.colcon_core.event_reactor:joining thread
[11.425s] INFO:colcon.colcon_core.plugin_system:Skipping extension 'colcon_notification.desktop_notification.terminal_notifier': Not used on non-Darwin systems
[11.425s] INFO:colcon.colcon_core.plugin_system:Skipping extension 'colcon_notification.desktop_notification.win32': Not used on non-Windows systems
[11.426s] INFO:colcon.colcon_notification.desktop_notification:Sending desktop notification using 'notify2'
[11.889s] DEBUG:colcon.colcon_core.event_reactor:joined thread
[11.892s] INFO:colcon.colcon_core.shell:Creating prefix script '/home/scu2u/ros2_ws/install/local_setup.ps1'
[11.904s] INFO:colcon.colcon_core.shell:Creating prefix util module '/home/scu2u/ros2_ws/install/_local_setup_util_ps1.py'
[11.917s] INFO:colcon.colcon_core.shell:Creating prefix chain script '/home/scu2u/ros2_ws/install/setup.ps1'
[11.926s] INFO:colcon.colcon_core.shell:Creating prefix script '/home/scu2u/ros2_ws/install/local_setup.sh'
[11.930s] INFO:colcon.colcon_core.shell:Creating prefix util module '/home/scu2u/ros2_ws/install/_local_setup_util_sh.py'
[11.934s] INFO:colcon.colcon_core.shell:Creating prefix chain script '/home/scu2u/ros2_ws/install/setup.sh'
[11.945s] INFO:colcon.colcon_core.shell:Creating prefix script '/home/scu2u/ros2_ws/install/local_setup.bash'
[11.950s] INFO:colcon.colcon_core.shell:Creating prefix chain script '/home/scu2u/ros2_ws/install/setup.bash'
[11.956s] INFO:colcon.colcon_core.shell:Creating prefix script '/home/scu2u/ros2_ws/install/local_setup.zsh'
[11.960s] INFO:colcon.colcon_core.shell:Creating prefix chain script '/home/scu2u/ros2_ws/install/setup.zsh'
