-- Install configuration: ""
-- Up-to-date: /home/scu2u/ros2_ws/install/scu2u_sim/share/scu2u_sim/launch
-- Up-to-date: /home/scu2u/ros2_ws/install/scu2u_sim/share/scu2u_sim/launch/sim.launch.py
-- Installing: /home/scu2u/ros2_ws/install/scu2u_sim/share/scu2u_sim/worlds
-- Installing: /home/scu2u/ros2_ws/install/scu2u_sim/share/scu2u_sim/worlds/campus.sdf
-- Installing: /home/scu2u/ros2_ws/install/scu2u_sim/share/ament_index/resource_index/package_run_dependencies/scu2u_sim
-- Installing: /home/scu2u/ros2_ws/install/scu2u_sim/share/ament_index/resource_index/parent_prefix_path/scu2u_sim
-- Installing: /home/scu2u/ros2_ws/install/scu2u_sim/share/scu2u_sim/environment/ament_prefix_path.sh
-- Installing: /home/scu2u/ros2_ws/install/scu2u_sim/share/scu2u_sim/environment/ament_prefix_path.dsv
-- Installing: /home/scu2u/ros2_ws/install/scu2u_sim/share/scu2u_sim/environment/path.sh
-- Installing: /home/scu2u/ros2_ws/install/scu2u_sim/share/scu2u_sim/environment/path.dsv
-- Installing: /home/scu2u/ros2_ws/install/scu2u_sim/share/scu2u_sim/local_setup.bash
-- Installing: /home/scu2u/ros2_ws/install/scu2u_sim/share/scu2u_sim/local_setup.sh
-- Installing: /home/scu2u/ros2_ws/install/scu2u_sim/share/scu2u_sim/local_setup.zsh
-- Installing: /home/scu2u/ros2_ws/install/scu2u_sim/share/scu2u_sim/local_setup.dsv
-- Installing: /home/scu2u/ros2_ws/install/scu2u_sim/share/scu2u_sim/package.dsv
-- Installing: /home/scu2u/ros2_ws/install/scu2u_sim/share/ament_index/resource_index/packages/scu2u_sim
-- Installing: /home/scu2u/ros2_ws/install/scu2u_sim/share/scu2u_sim/cmake/scu2u_simConfig.cmake
-- Installing: /home/scu2u/ros2_ws/install/scu2u_sim/share/scu2u_sim/cmake/scu2u_simConfig-version.cmake
-- Installing: /home/scu2u/ros2_ws/install/scu2u_sim/share/scu2u_sim/package.xml
