running develop
Removing /home/scu2u/senior_design/senior_design/ros2_ws/install/python_package/lib/python3.10/site-packages/python-package.egg-link (link to .)
running egg_info
writing ../../build/python_package/python_package.egg-info/PKG-INFO
writing dependency_links to ../../build/python_package/python_package.egg-info/dependency_links.txt
writing entry points to ../../build/python_package/python_package.egg-info/entry_points.txt
writing requirements to ../../build/python_package/python_package.egg-info/requires.txt
writing top-level names to ../../build/python_package/python_package.egg-info/top_level.txt
reading manifest file '../../build/python_package/python_package.egg-info/SOURCES.txt'
writing manifest file '../../build/python_package/python_package.egg-info/SOURCES.txt'
running build
running build_py
creating /home/scu2u/senior_design/senior_design/ros2_ws/build/python_package/build
creating /home/scu2u/senior_design/senior_design/ros2_ws/build/python_package/build/lib
creating /home/scu2u/senior_design/senior_design/ros2_ws/build/python_package/build/lib/python_package
copying python_package/log_imu_data_wifi.py -> /home/scu2u/senior_design/senior_design/ros2_ws/build/python_package/build/lib/python_package
copying python_package/send_commands.py -> /home/scu2u/senior_design/senior_design/ros2_ws/build/python_package/build/lib/python_package
copying python_package/__init__.py -> /home/scu2u/senior_design/senior_design/ros2_ws/build/python_package/build/lib/python_package
creating /home/scu2u/senior_design/senior_design/ros2_ws/build/python_package/build/lib/python_package/testing
copying python_package/testing/test_pub.py -> /home/scu2u/senior_design/senior_design/ros2_ws/build/python_package/build/lib/python_package/testing
copying python_package/testing/test_sub.py -> /home/scu2u/senior_design/senior_design/ros2_ws/build/python_package/build/lib/python_package/testing
copying python_package/testing/__init__.py -> /home/scu2u/senior_design/senior_design/ros2_ws/build/python_package/build/lib/python_package/testing
running install
running install_lib
creating /home/scu2u/senior_design/senior_design/ros2_ws/install/python_package/lib/python3.10/site-packages/python_package
creating /home/scu2u/senior_design/senior_design/ros2_ws/install/python_package/lib/python3.10/site-packages/python_package/testing
copying /home/scu2u/senior_design/senior_design/ros2_ws/build/python_package/build/lib/python_package/testing/test_pub.py -> /home/scu2u/senior_design/senior_design/ros2_ws/install/python_package/lib/python3.10/site-packages/python_package/testing
copying /home/scu2u/senior_design/senior_design/ros2_ws/build/python_package/build/lib/python_package/testing/test_sub.py -> /home/scu2u/senior_design/senior_design/ros2_ws/install/python_package/lib/python3.10/site-packages/python_package/testing
copying /home/scu2u/senior_design/senior_design/ros2_ws/build/python_package/build/lib/python_package/testing/__init__.py -> /home/scu2u/senior_design/senior_design/ros2_ws/install/python_package/lib/python3.10/site-packages/python_package/testing
copying /home/scu2u/senior_design/senior_design/ros2_ws/build/python_package/build/lib/python_package/log_imu_data_wifi.py -> /home/scu2u/senior_design/senior_design/ros2_ws/install/python_package/lib/python3.10/site-packages/python_package
copying /home/scu2u/senior_design/senior_design/ros2_ws/build/python_package/build/lib/python_package/send_commands.py -> /home/scu2u/senior_design/senior_design/ros2_ws/install/python_package/lib/python3.10/site-packages/python_package
copying /home/scu2u/senior_design/senior_design/ros2_ws/build/python_package/build/lib/python_package/__init__.py -> /home/scu2u/senior_design/senior_design/ros2_ws/install/python_package/lib/python3.10/site-packages/python_package
byte-compiling /home/scu2u/senior_design/senior_design/ros2_ws/install/python_package/lib/python3.10/site-packages/python_package/testing/test_pub.py to test_pub.cpython-310.pyc
byte-compiling /home/scu2u/senior_design/senior_design/ros2_ws/install/python_package/lib/python3.10/site-packages/python_package/testing/test_sub.py to test_sub.cpython-310.pyc
byte-compiling /home/scu2u/senior_design/senior_design/ros2_ws/install/python_package/lib/python3.10/site-packages/python_package/testing/__init__.py to __init__.cpython-310.pyc
byte-compiling /home/scu2u/senior_design/senior_design/ros2_ws/install/python_package/lib/python3.10/site-packages/python_package/log_imu_data_wifi.py to log_imu_data_wifi.cpython-310.pyc
byte-compiling /home/scu2u/senior_design/senior_design/ros2_ws/install/python_package/lib/python3.10/site-packages/python_package/send_commands.py to send_commands.cpython-310.pyc
byte-compiling /home/scu2u/senior_design/senior_design/ros2_ws/install/python_package/lib/python3.10/site-packages/python_package/__init__.py to __init__.cpython-310.pyc
running install_data
copying resource/python_package -> /home/scu2u/senior_design/senior_design/ros2_ws/install/python_package/share/ament_index/resource_index/packages
copying package.xml -> /home/scu2u/senior_design/senior_design/ros2_ws/install/python_package/share/python_package
running install_egg_info
Copying ../../build/python_package/python_package.egg-info to /home/scu2u/senior_design/senior_design/ros2_ws/install/python_package/lib/python3.10/site-packages/python_package-0.0.0-py3.10.egg-info
running install_scripts
Installing log_imu_data_wifi script to /home/scu2u/senior_design/senior_design/ros2_ws/install/python_package/lib/python_package
Installing send_commands script to /home/scu2u/senior_design/senior_design/ros2_ws/install/python_package/lib/python_package
Installing test_pub script to /home/scu2u/senior_design/senior_design/ros2_ws/install/python_package/lib/python_package
Installing test_sub script to /home/scu2u/senior_design/senior_design/ros2_ws/install/python_package/lib/python_package
writing list of installed files to '/home/scu2u/senior_design/senior_design/ros2_ws/build/python_package/install.log'
