[1.913s] Invoking command in '/home/scu2u/senior_design/senior_design/ros2_ws/build/python_package': PYTHONPATH=/home/scu2u/senior_design/senior_design/ros2_ws/build/python_package/prefix_override:/usr/lib/python3/dist-packages/colcon_core/task/python/colcon_distutils_commands:/home/scu2u/senior_design/senior_design/ros2_ws/install/python_package/lib/python3.10/site-packages:${PYTHONPATH} /usr/bin/python3 -W ignore:setup.py install is deprecated -W ignore:easy_install command is deprecated setup.py develop --uninstall --editable --build-directory /home/scu2u/senior_design/senior_design/ros2_ws/build/python_package/build
[2.551s] running develop
[2.933s] Removing /home/scu2u/senior_design/senior_design/ros2_ws/install/python_package/lib/python3.10/site-packages/python-package.egg-link (link to .)
[3.074s] Invoked command in '/home/scu2u/senior_design/senior_design/ros2_ws/build/python_package' returned '0': PYTHONPATH=/home/scu2u/senior_design/senior_design/ros2_ws/build/python_package/prefix_override:/usr/lib/python3/dist-packages/colcon_core/task/python/colcon_distutils_commands:/home/scu2u/senior_design/senior_design/ros2_ws/install/python_package/lib/python3.10/site-packages:${PYTHONPATH} /usr/bin/python3 -W ignore:setup.py install is deprecated -W ignore:easy_install command is deprecated setup.py develop --uninstall --editable --build-directory /home/scu2u/senior_design/senior_design/ros2_ws/build/python_package/build
[3.081s] Invoking command in '/home/scu2u/senior_design/senior_design/ros2_ws/src/python_package': PYTHONPATH=/home/scu2u/senior_design/senior_design/ros2_ws/build/python_package/prefix_override:/usr/lib/python3/dist-packages/colcon_core/task/python/colcon_distutils_commands:/home/scu2u/senior_design/senior_design/ros2_ws/install/python_package/lib/python3.10/site-packages:${PYTHONPATH} /usr/bin/python3 -W ignore:setup.py install is deprecated -W ignore:easy_install command is deprecated setup.py egg_info --egg-base ../../build/python_package build --build-base /home/scu2u/senior_design/senior_design/ros2_ws/build/python_package/build install --record /home/scu2u/senior_design/senior_design/ros2_ws/build/python_package/install.log --single-version-externally-managed install_data --force
[3.660s] running egg_info
[3.662s] writing ../../build/python_package/python_package.egg-info/PKG-INFO
[3.663s] writing dependency_links to ../../build/python_package/python_package.egg-info/dependency_links.txt
[3.664s] writing entry points to ../../build/python_package/python_package.egg-info/entry_points.txt
[3.664s] writing requirements to ../../build/python_package/python_package.egg-info/requires.txt
[3.665s] writing top-level names to ../../build/python_package/python_package.egg-info/top_level.txt
[3.672s] reading manifest file '../../build/python_package/python_package.egg-info/SOURCES.txt'
[3.681s] writing manifest file '../../build/python_package/python_package.egg-info/SOURCES.txt'
[3.683s] running build
[3.683s] running build_py
[3.685s] creating /home/scu2u/senior_design/senior_design/ros2_ws/build/python_package/build
[3.686s] creating /home/scu2u/senior_design/senior_design/ros2_ws/build/python_package/build/lib
[3.686s] creating /home/scu2u/senior_design/senior_design/ros2_ws/build/python_package/build/lib/python_package
[3.687s] copying python_package/log_imu_data_wifi.py -> /home/scu2u/senior_design/senior_design/ros2_ws/build/python_package/build/lib/python_package
[3.689s] copying python_package/send_commands.py -> /home/scu2u/senior_design/senior_design/ros2_ws/build/python_package/build/lib/python_package
[3.692s] copying python_package/__init__.py -> /home/scu2u/senior_design/senior_design/ros2_ws/build/python_package/build/lib/python_package
[3.692s] creating /home/scu2u/senior_design/senior_design/ros2_ws/build/python_package/build/lib/python_package/testing
[3.693s] copying python_package/testing/test_pub.py -> /home/scu2u/senior_design/senior_design/ros2_ws/build/python_package/build/lib/python_package/testing
[3.693s] copying python_package/testing/test_sub.py -> /home/scu2u/senior_design/senior_design/ros2_ws/build/python_package/build/lib/python_package/testing
[3.698s] copying python_package/testing/__init__.py -> /home/scu2u/senior_design/senior_design/ros2_ws/build/python_package/build/lib/python_package/testing
[3.701s] running install
[3.704s] running install_lib
[3.709s] creating /home/scu2u/senior_design/senior_design/ros2_ws/install/python_package/lib/python3.10/site-packages/python_package
[3.710s] creating /home/scu2u/senior_design/senior_design/ros2_ws/install/python_package/lib/python3.10/site-packages/python_package/testing
[3.711s] copying /home/scu2u/senior_design/senior_design/ros2_ws/build/python_package/build/lib/python_package/testing/test_pub.py -> /home/scu2u/senior_design/senior_design/ros2_ws/install/python_package/lib/python3.10/site-packages/python_package/testing
[3.714s] copying /home/scu2u/senior_design/senior_design/ros2_ws/build/python_package/build/lib/python_package/testing/test_sub.py -> /home/scu2u/senior_design/senior_design/ros2_ws/install/python_package/lib/python3.10/site-packages/python_package/testing
[3.716s] copying /home/scu2u/senior_design/senior_design/ros2_ws/build/python_package/build/lib/python_package/testing/__init__.py -> /home/scu2u/senior_design/senior_design/ros2_ws/install/python_package/lib/python3.10/site-packages/python_package/testing
[3.717s] copying /home/scu2u/senior_design/senior_design/ros2_ws/build/python_package/build/lib/python_package/log_imu_data_wifi.py -> /home/scu2u/senior_design/senior_design/ros2_ws/install/python_package/lib/python3.10/site-packages/python_package
[3.720s] copying /home/scu2u/senior_design/senior_design/ros2_ws/build/python_package/build/lib/python_package/send_commands.py -> /home/scu2u/senior_design/senior_design/ros2_ws/install/python_package/lib/python3.10/site-packages/python_package
[3.721s] copying /home/scu2u/senior_design/senior_design/ros2_ws/build/python_package/build/lib/python_package/__init__.py -> /home/scu2u/senior_design/senior_design/ros2_ws/install/python_package/lib/python3.10/site-packages/python_package
[3.724s] byte-compiling /home/scu2u/senior_design/senior_design/ros2_ws/install/python_package/lib/python3.10/site-packages/python_package/testing/test_pub.py to test_pub.cpython-310.pyc
[3.729s] byte-compiling /home/scu2u/senior_design/senior_design/ros2_ws/install/python_package/lib/python3.10/site-packages/python_package/testing/test_sub.py to test_sub.cpython-310.pyc
[3.733s] byte-compiling /home/scu2u/senior_design/senior_design/ros2_ws/install/python_package/lib/python3.10/site-packages/python_package/testing/__init__.py to __init__.cpython-310.pyc
[3.735s] byte-compiling /home/scu2u/senior_design/senior_design/ros2_ws/install/python_package/lib/python3.10/site-packages/python_package/log_imu_data_wifi.py to log_imu_data_wifi.cpython-310.pyc
[3.739s] byte-compiling /home/scu2u/senior_design/senior_design/ros2_ws/install/python_package/lib/python3.10/site-packages/python_package/send_commands.py to send_commands.cpython-310.pyc
[3.743s] byte-compiling /home/scu2u/senior_design/senior_design/ros2_ws/install/python_package/lib/python3.10/site-packages/python_package/__init__.py to __init__.cpython-310.pyc
[3.746s] running install_data
[3.747s] copying resource/python_package -> /home/scu2u/senior_design/senior_design/ros2_ws/install/python_package/share/ament_index/resource_index/packages
[3.749s] copying package.xml -> /home/scu2u/senior_design/senior_design/ros2_ws/install/python_package/share/python_package
[3.750s] running install_egg_info
[3.760s] Copying ../../build/python_package/python_package.egg-info to /home/scu2u/senior_design/senior_design/ros2_ws/install/python_package/lib/python3.10/site-packages/python_package-0.0.0-py3.10.egg-info
[3.771s] running install_scripts
[3.846s] Installing log_imu_data_wifi script to /home/scu2u/senior_design/senior_design/ros2_ws/install/python_package/lib/python_package
[3.847s] Installing send_commands script to /home/scu2u/senior_design/senior_design/ros2_ws/install/python_package/lib/python_package
[3.848s] Installing test_pub script to /home/scu2u/senior_design/senior_design/ros2_ws/install/python_package/lib/python_package
[3.848s] Installing test_sub script to /home/scu2u/senior_design/senior_design/ros2_ws/install/python_package/lib/python_package
[3.850s] writing list of installed files to '/home/scu2u/senior_design/senior_design/ros2_ws/build/python_package/install.log'
[3.964s] Invoked command in '/home/scu2u/senior_design/senior_design/ros2_ws/src/python_package' returned '0': PYTHONPATH=/home/scu2u/senior_design/senior_design/ros2_ws/build/python_package/prefix_override:/usr/lib/python3/dist-packages/colcon_core/task/python/colcon_distutils_commands:/home/scu2u/senior_design/senior_design/ros2_ws/install/python_package/lib/python3.10/site-packages:${PYTHONPATH} /usr/bin/python3 -W ignore:setup.py install is deprecated -W ignore:easy_install command is deprecated setup.py egg_info --egg-base ../../build/python_package build --build-base /home/scu2u/senior_design/senior_design/ros2_ws/build/python_package/build install --record /home/scu2u/senior_design/senior_design/ros2_ws/build/python_package/install.log --single-version-externally-managed install_data --force
