[0.380s] DEBUG:colcon:Command line arguments: ['/usr/bin/colcon', 'build']
[0.380s] DEBUG:colcon:Parsed command line arguments: Namespace(log_base=None, log_level=None, verb_name='build', build_base='build', install_base='install', merge_install=False, symlink_install=False, test_result_base=None, continue_on_error=False, executor='parallel', parallel_workers=6, event_handlers=None, ignore_user_meta=False, metas=['./colcon.meta'], base_paths=['.'], packages_ignore=None, packages_ignore_regex=None, paths=None, packages_up_to=None, packages_up_to_regex=None, packages_above=None, packages_above_and_dependencies=None, packages_above_depth=None, packages_select_by_dep=None, packages_skip_by_dep=None, packages_skip_up_to=None, packages_select_build_failed=False, packages_skip_build_finished=False, packages_select_test_failures=False, packages_skip_test_passed=False, packages_select=None, packages_skip=None, packages_select_regex=None, packages_skip_regex=None, packages_start=None, packages_end=None, allow_overriding=[], cmake_args=None, cmake_target=None, cmake_target_skip_unavailable=False, cmake_clean_cache=False, cmake_clean_first=False, cmake_force_configure=False, ament_cmake_args=None, catkin_cmake_args=None, catkin_skip_building_tests=False, verb_parser=<colcon_defaults.argument_parser.defaults.DefaultArgumentsDecorator object at 0xffff841a34c0>, verb_extension=<colcon_core.verb.build.BuildVerb object at 0xffff841a2f20>, main=<bound method BuildVerb.main of <colcon_core.verb.build.BuildVerb object at 0xffff841a2f20>>)
[0.985s] Level 1:colcon.colcon_core.package_discovery:discover_packages(colcon_meta) check parameters
[0.986s] Level 1:colcon.colcon_core.package_discovery:discover_packages(recursive) check parameters
[0.986s] Level 1:colcon.colcon_core.package_discovery:discover_packages(ignore) check parameters
[0.986s] Level 1:colcon.colcon_core.package_discovery:discover_packages(path) check parameters
[0.986s] Level 1:colcon.colcon_core.package_discovery:discover_packages(colcon_meta) discover
[0.987s] Level 1:colcon.colcon_core.package_discovery:discover_packages(recursive) discover
[0.987s] INFO:colcon.colcon_core.package_discovery:Crawling recursively for packages in '/home/scu2u/senior_design/senior_design/ros2_ws'
[0.987s] Level 1:colcon.colcon_core.package_identification:_identify(.) by extensions ['ignore', 'ignore_ament_install']
[0.987s] Level 1:colcon.colcon_core.package_identification:_identify(.) by extension 'ignore'
[0.988s] Level 1:colcon.colcon_core.package_identification:_identify(.) by extension 'ignore_ament_install'
[0.988s] Level 1:colcon.colcon_core.package_identification:_identify(.) by extensions ['colcon_pkg']
[0.988s] Level 1:colcon.colcon_core.package_identification:_identify(.) by extension 'colcon_pkg'
[0.988s] Level 1:colcon.colcon_core.package_identification:_identify(.) by extensions ['colcon_meta']
[0.988s] Level 1:colcon.colcon_core.package_identification:_identify(.) by extension 'colcon_meta'
[0.988s] Level 1:colcon.colcon_core.package_identification:_identify(.) by extensions ['ros']
[0.989s] Level 1:colcon.colcon_core.package_identification:_identify(.) by extension 'ros'
[1.022s] Level 1:colcon.colcon_core.package_identification:_identify(.) by extensions ['cmake', 'python']
[1.023s] Level 1:colcon.colcon_core.package_identification:_identify(.) by extension 'cmake'
[1.023s] Level 1:colcon.colcon_core.package_identification:_identify(.) by extension 'python'
[1.023s] Level 1:colcon.colcon_core.package_identification:_identify(.) by extensions ['python_setup_py']
[1.023s] Level 1:colcon.colcon_core.package_identification:_identify(.) by extension 'python_setup_py'
[1.023s] Level 1:colcon.colcon_core.package_identification:_identify(build) by extensions ['ignore', 'ignore_ament_install']
[1.024s] Level 1:colcon.colcon_core.package_identification:_identify(build) by extension 'ignore'
[1.024s] Level 1:colcon.colcon_core.package_identification:_identify(build) ignored
[1.024s] Level 1:colcon.colcon_core.package_identification:_identify(install) by extensions ['ignore', 'ignore_ament_install']
[1.024s] Level 1:colcon.colcon_core.package_identification:_identify(install) by extension 'ignore'
[1.025s] Level 1:colcon.colcon_core.package_identification:_identify(install) ignored
[1.025s] Level 1:colcon.colcon_core.package_identification:_identify(log) by extensions ['ignore', 'ignore_ament_install']
[1.025s] Level 1:colcon.colcon_core.package_identification:_identify(log) by extension 'ignore'
[1.025s] Level 1:colcon.colcon_core.package_identification:_identify(log) ignored
[1.025s] Level 1:colcon.colcon_core.package_identification:_identify(src) by extensions ['ignore', 'ignore_ament_install']
[1.026s] Level 1:colcon.colcon_core.package_identification:_identify(src) by extension 'ignore'
[1.026s] Level 1:colcon.colcon_core.package_identification:_identify(src) by extension 'ignore_ament_install'
[1.026s] Level 1:colcon.colcon_core.package_identification:_identify(src) by extensions ['colcon_pkg']
[1.026s] Level 1:colcon.colcon_core.package_identification:_identify(src) by extension 'colcon_pkg'
[1.026s] Level 1:colcon.colcon_core.package_identification:_identify(src) by extensions ['colcon_meta']
[1.026s] Level 1:colcon.colcon_core.package_identification:_identify(src) by extension 'colcon_meta'
[1.026s] Level 1:colcon.colcon_core.package_identification:_identify(src) by extensions ['ros']
[1.026s] Level 1:colcon.colcon_core.package_identification:_identify(src) by extension 'ros'
[1.027s] Level 1:colcon.colcon_core.package_identification:_identify(src) by extensions ['cmake', 'python']
[1.027s] Level 1:colcon.colcon_core.package_identification:_identify(src) by extension 'cmake'
[1.027s] Level 1:colcon.colcon_core.package_identification:_identify(src) by extension 'python'
[1.027s] Level 1:colcon.colcon_core.package_identification:_identify(src) by extensions ['python_setup_py']
[1.027s] Level 1:colcon.colcon_core.package_identification:_identify(src) by extension 'python_setup_py'
[1.027s] Level 1:colcon.colcon_core.package_identification:_identify(src/python_package) by extensions ['ignore', 'ignore_ament_install']
[1.027s] Level 1:colcon.colcon_core.package_identification:_identify(src/python_package) by extension 'ignore'
[1.028s] Level 1:colcon.colcon_core.package_identification:_identify(src/python_package) by extension 'ignore_ament_install'
[1.028s] Level 1:colcon.colcon_core.package_identification:_identify(src/python_package) by extensions ['colcon_pkg']
[1.028s] Level 1:colcon.colcon_core.package_identification:_identify(src/python_package) by extension 'colcon_pkg'
[1.028s] Level 1:colcon.colcon_core.package_identification:_identify(src/python_package) by extensions ['colcon_meta']
[1.028s] Level 1:colcon.colcon_core.package_identification:_identify(src/python_package) by extension 'colcon_meta'
[1.028s] Level 1:colcon.colcon_core.package_identification:_identify(src/python_package) by extensions ['ros']
[1.028s] Level 1:colcon.colcon_core.package_identification:_identify(src/python_package) by extension 'ros'
[1.038s] DEBUG:colcon.colcon_core.package_identification:Package 'src/python_package' with type 'ros.ament_python' and name 'python_package'
[1.039s] Level 1:colcon.colcon_core.package_identification:_identify(src/scu2u_sim) by extensions ['ignore', 'ignore_ament_install']
[1.039s] Level 1:colcon.colcon_core.package_identification:_identify(src/scu2u_sim) by extension 'ignore'
[1.039s] Level 1:colcon.colcon_core.package_identification:_identify(src/scu2u_sim) by extension 'ignore_ament_install'
[1.039s] Level 1:colcon.colcon_core.package_identification:_identify(src/scu2u_sim) by extensions ['colcon_pkg']
[1.039s] Level 1:colcon.colcon_core.package_identification:_identify(src/scu2u_sim) by extension 'colcon_pkg'
[1.039s] Level 1:colcon.colcon_core.package_identification:_identify(src/scu2u_sim) by extensions ['colcon_meta']
[1.040s] Level 1:colcon.colcon_core.package_identification:_identify(src/scu2u_sim) by extension 'colcon_meta'
[1.040s] Level 1:colcon.colcon_core.package_identification:_identify(src/scu2u_sim) by extensions ['ros']
[1.040s] Level 1:colcon.colcon_core.package_identification:_identify(src/scu2u_sim) by extension 'ros'
[1.041s] DEBUG:colcon.colcon_core.package_identification:Package 'src/scu2u_sim' with type 'ros.ament_cmake' and name 'scu2u_sim'
[1.042s] Level 1:colcon.colcon_core.package_identification:_identify(src/sllidar_ros2) by extensions ['ignore', 'ignore_ament_install']
[1.042s] Level 1:colcon.colcon_core.package_identification:_identify(src/sllidar_ros2) by extension 'ignore'
[1.042s] Level 1:colcon.colcon_core.package_identification:_identify(src/sllidar_ros2) by extension 'ignore_ament_install'
[1.042s] Level 1:colcon.colcon_core.package_identification:_identify(src/sllidar_ros2) by extensions ['colcon_pkg']
[1.042s] Level 1:colcon.colcon_core.package_identification:_identify(src/sllidar_ros2) by extension 'colcon_pkg'
[1.042s] Level 1:colcon.colcon_core.package_identification:_identify(src/sllidar_ros2) by extensions ['colcon_meta']
[1.043s] Level 1:colcon.colcon_core.package_identification:_identify(src/sllidar_ros2) by extension 'colcon_meta'
[1.043s] Level 1:colcon.colcon_core.package_identification:_identify(src/sllidar_ros2) by extensions ['ros']
[1.043s] Level 1:colcon.colcon_core.package_identification:_identify(src/sllidar_ros2) by extension 'ros'
[1.045s] DEBUG:colcon.colcon_core.package_identification:Package 'src/sllidar_ros2' with type 'ros.ament_cmake' and name 'sllidar_ros2'
[1.045s] Level 1:colcon.colcon_core.package_discovery:discover_packages(recursive) using defaults
[1.045s] Level 1:colcon.colcon_core.package_discovery:discover_packages(ignore) discover
[1.046s] Level 1:colcon.colcon_core.package_discovery:discover_packages(ignore) using defaults
[1.046s] Level 1:colcon.colcon_core.package_discovery:discover_packages(path) discover
[1.046s] Level 1:colcon.colcon_core.package_discovery:discover_packages(path) using defaults
[1.127s] Level 1:colcon.colcon_core.package_discovery:discover_packages(prefix_path) check parameters
[1.127s] Level 1:colcon.colcon_core.package_discovery:discover_packages(prefix_path) discover
[1.137s] DEBUG:colcon.colcon_installed_package_information.package_discovery:Found 273 installed packages in /opt/ros/humble
[1.143s] Level 1:colcon.colcon_core.package_discovery:discover_packages(prefix_path) using defaults
[1.283s] Level 5:colcon.colcon_core.verb:set package 'python_package' build argument 'cmake_args' from command line to 'None'
[1.284s] Level 5:colcon.colcon_core.verb:set package 'python_package' build argument 'cmake_target' from command line to 'None'
[1.290s] Level 5:colcon.colcon_core.verb:set package 'python_package' build argument 'cmake_target_skip_unavailable' from command line to 'False'
[1.290s] Level 5:colcon.colcon_core.verb:set package 'python_package' build argument 'cmake_clean_cache' from command line to 'False'
[1.290s] Level 5:colcon.colcon_core.verb:set package 'python_package' build argument 'cmake_clean_first' from command line to 'False'
[1.290s] Level 5:colcon.colcon_core.verb:set package 'python_package' build argument 'cmake_force_configure' from command line to 'False'
[1.291s] Level 5:colcon.colcon_core.verb:set package 'python_package' build argument 'ament_cmake_args' from command line to 'None'
[1.291s] Level 5:colcon.colcon_core.verb:set package 'python_package' build argument 'catkin_cmake_args' from command line to 'None'
[1.291s] Level 5:colcon.colcon_core.verb:set package 'python_package' build argument 'catkin_skip_building_tests' from command line to 'False'
[1.291s] DEBUG:colcon.colcon_core.verb:Building package 'python_package' with the following arguments: {'ament_cmake_args': None, 'build_base': '/home/scu2u/senior_design/senior_design/ros2_ws/build/python_package', 'catkin_cmake_args': None, 'catkin_skip_building_tests': False, 'cmake_args': None, 'cmake_clean_cache': False, 'cmake_clean_first': False, 'cmake_force_configure': False, 'cmake_target': None, 'cmake_target_skip_unavailable': False, 'install_base': '/home/scu2u/senior_design/senior_design/ros2_ws/install/python_package', 'merge_install': False, 'path': '/home/scu2u/senior_design/senior_design/ros2_ws/src/python_package', 'symlink_install': False, 'test_result_base': None}
[1.292s] Level 5:colcon.colcon_core.verb:set package 'scu2u_sim' build argument 'cmake_args' from command line to 'None'
[1.292s] Level 5:colcon.colcon_core.verb:set package 'scu2u_sim' build argument 'cmake_target' from command line to 'None'
[1.292s] Level 5:colcon.colcon_core.verb:set package 'scu2u_sim' build argument 'cmake_target_skip_unavailable' from command line to 'False'
[1.292s] Level 5:colcon.colcon_core.verb:set package 'scu2u_sim' build argument 'cmake_clean_cache' from command line to 'False'
[1.292s] Level 5:colcon.colcon_core.verb:set package 'scu2u_sim' build argument 'cmake_clean_first' from command line to 'False'
[1.292s] Level 5:colcon.colcon_core.verb:set package 'scu2u_sim' build argument 'cmake_force_configure' from command line to 'False'
[1.292s] Level 5:colcon.colcon_core.verb:set package 'scu2u_sim' build argument 'ament_cmake_args' from command line to 'None'
[1.292s] Level 5:colcon.colcon_core.verb:set package 'scu2u_sim' build argument 'catkin_cmake_args' from command line to 'None'
[1.292s] Level 5:colcon.colcon_core.verb:set package 'scu2u_sim' build argument 'catkin_skip_building_tests' from command line to 'False'
[1.292s] DEBUG:colcon.colcon_core.verb:Building package 'scu2u_sim' with the following arguments: {'ament_cmake_args': None, 'build_base': '/home/scu2u/senior_design/senior_design/ros2_ws/build/scu2u_sim', 'catkin_cmake_args': None, 'catkin_skip_building_tests': False, 'cmake_args': None, 'cmake_clean_cache': False, 'cmake_clean_first': False, 'cmake_force_configure': False, 'cmake_target': None, 'cmake_target_skip_unavailable': False, 'install_base': '/home/scu2u/senior_design/senior_design/ros2_ws/install/scu2u_sim', 'merge_install': False, 'path': '/home/scu2u/senior_design/senior_design/ros2_ws/src/scu2u_sim', 'symlink_install': False, 'test_result_base': None}
[1.293s] Level 5:colcon.colcon_core.verb:set package 'sllidar_ros2' build argument 'cmake_args' from command line to 'None'
[1.293s] Level 5:colcon.colcon_core.verb:set package 'sllidar_ros2' build argument 'cmake_target' from command line to 'None'
[1.293s] Level 5:colcon.colcon_core.verb:set package 'sllidar_ros2' build argument 'cmake_target_skip_unavailable' from command line to 'False'
[1.293s] Level 5:colcon.colcon_core.verb:set package 'sllidar_ros2' build argument 'cmake_clean_cache' from command line to 'False'
[1.293s] Level 5:colcon.colcon_core.verb:set package 'sllidar_ros2' build argument 'cmake_clean_first' from command line to 'False'
[1.293s] Level 5:colcon.colcon_core.verb:set package 'sllidar_ros2' build argument 'cmake_force_configure' from command line to 'False'
[1.293s] Level 5:colcon.colcon_core.verb:set package 'sllidar_ros2' build argument 'ament_cmake_args' from command line to 'None'
[1.294s] Level 5:colcon.colcon_core.verb:set package 'sllidar_ros2' build argument 'catkin_cmake_args' from command line to 'None'
[1.294s] Level 5:colcon.colcon_core.verb:set package 'sllidar_ros2' build argument 'catkin_skip_building_tests' from command line to 'False'
[1.294s] DEBUG:colcon.colcon_core.verb:Building package 'sllidar_ros2' with the following arguments: {'ament_cmake_args': None, 'build_base': '/home/scu2u/senior_design/senior_design/ros2_ws/build/sllidar_ros2', 'catkin_cmake_args': None, 'catkin_skip_building_tests': False, 'cmake_args': None, 'cmake_clean_cache': False, 'cmake_clean_first': False, 'cmake_force_configure': False, 'cmake_target': None, 'cmake_target_skip_unavailable': False, 'install_base': '/home/scu2u/senior_design/senior_design/ros2_ws/install/sllidar_ros2', 'merge_install': False, 'path': '/home/scu2u/senior_design/senior_design/ros2_ws/src/sllidar_ros2', 'symlink_install': False, 'test_result_base': None}
[1.294s] INFO:colcon.colcon_core.executor:Executing jobs using 'parallel' executor
[1.298s] DEBUG:colcon.colcon_parallel_executor.executor.parallel:run_until_complete
[1.299s] INFO:colcon.colcon_ros.task.ament_python.build:Building ROS package in '/home/scu2u/senior_design/senior_design/ros2_ws/src/python_package' with build type 'ament_python'
[1.299s] Level 1:colcon.colcon_core.shell:create_environment_hook('python_package', 'ament_prefix_path')
[1.312s] INFO:colcon.colcon_core.plugin_system:Skipping extension 'colcon_core.shell.bat': Not used on non-Windows systems
[1.313s] INFO:colcon.colcon_core.shell:Creating environment hook '/home/scu2u/senior_design/senior_design/ros2_ws/install/python_package/share/python_package/hook/ament_prefix_path.ps1'
[1.316s] INFO:colcon.colcon_core.shell:Creating environment descriptor '/home/scu2u/senior_design/senior_design/ros2_ws/install/python_package/share/python_package/hook/ament_prefix_path.dsv'
[1.318s] INFO:colcon.colcon_core.shell:Creating environment hook '/home/scu2u/senior_design/senior_design/ros2_ws/install/python_package/share/python_package/hook/ament_prefix_path.sh'
[1.321s] INFO:colcon.colcon_core.shell:Skip shell extension 'powershell' for command environment: Not usable outside of PowerShell
[1.321s] DEBUG:colcon.colcon_core.shell:Skip shell extension 'dsv' for command environment
[1.330s] INFO:colcon.colcon_ros.task.ament_cmake.build:Building ROS package in '/home/scu2u/senior_design/senior_design/ros2_ws/src/scu2u_sim' with build type 'ament_cmake'
[1.330s] INFO:colcon.colcon_cmake.task.cmake.build:Building CMake package in '/home/scu2u/senior_design/senior_design/ros2_ws/src/scu2u_sim'
[1.331s] INFO:colcon.colcon_core.shell:Skip shell extension 'powershell' for command environment: Not usable outside of PowerShell
[1.331s] DEBUG:colcon.colcon_core.shell:Skip shell extension 'dsv' for command environment
[1.339s] INFO:colcon.colcon_ros.task.ament_cmake.build:Building ROS package in '/home/scu2u/senior_design/senior_design/ros2_ws/src/sllidar_ros2' with build type 'ament_cmake'
[1.340s] INFO:colcon.colcon_cmake.task.cmake.build:Building CMake package in '/home/scu2u/senior_design/senior_design/ros2_ws/src/sllidar_ros2'
[1.340s] INFO:colcon.colcon_core.shell:Skip shell extension 'powershell' for command environment: Not usable outside of PowerShell
[1.341s] DEBUG:colcon.colcon_core.shell:Skip shell extension 'dsv' for command environment
[2.028s] INFO:colcon.colcon_core.task.python.build:Building Python package in '/home/scu2u/senior_design/senior_design/ros2_ws/src/python_package'
[2.030s] INFO:colcon.colcon_core.shell:Skip shell extension 'powershell' for command environment: Not usable outside of PowerShell
[2.031s] DEBUG:colcon.colcon_core.shell:Skip shell extension 'dsv' for command environment
[2.049s] DEBUG:colcon.colcon_core.event_handler.log_command:Invoking command in '/home/scu2u/senior_design/senior_design/ros2_ws/build/scu2u_sim': CMAKE_PREFIX_PATH=/opt/ros/humble /usr/bin/cmake /home/scu2u/senior_design/senior_design/ros2_ws/src/scu2u_sim -DCMAKE_INSTALL_PREFIX=/home/scu2u/senior_design/senior_design/ros2_ws/install/scu2u_sim
[2.102s] DEBUG:colcon.colcon_core.event_handler.log_command:Invoking command in '/home/scu2u/senior_design/senior_design/ros2_ws/build/sllidar_ros2': CMAKE_PREFIX_PATH=/opt/ros/humble /usr/bin/cmake /home/scu2u/senior_design/senior_design/ros2_ws/src/sllidar_ros2 -DCMAKE_INSTALL_PREFIX=/home/scu2u/senior_design/senior_design/ros2_ws/install/sllidar_ros2
[2.913s] DEBUG:colcon.colcon_core.event_handler.log_command:Invoked command in '/home/scu2u/senior_design/senior_design/ros2_ws/build/scu2u_sim' returned '0': CMAKE_PREFIX_PATH=/opt/ros/humble /usr/bin/cmake /home/scu2u/senior_design/senior_design/ros2_ws/src/scu2u_sim -DCMAKE_INSTALL_PREFIX=/home/scu2u/senior_design/senior_design/ros2_ws/install/scu2u_sim
[2.917s] DEBUG:colcon.colcon_core.event_handler.log_command:Invoking command in '/home/scu2u/senior_design/senior_design/ros2_ws/build/scu2u_sim': CMAKE_PREFIX_PATH=/opt/ros/humble /usr/bin/cmake --build /home/scu2u/senior_design/senior_design/ros2_ws/build/scu2u_sim -- -j6 -l6
[3.040s] DEBUG:colcon.colcon_core.event_handler.log_command:Invoked command in '/home/scu2u/senior_design/senior_design/ros2_ws/build/scu2u_sim' returned '0': CMAKE_PREFIX_PATH=/opt/ros/humble /usr/bin/cmake --build /home/scu2u/senior_design/senior_design/ros2_ws/build/scu2u_sim -- -j6 -l6
[3.076s] DEBUG:colcon.colcon_core.event_handler.log_command:Invoking command in '/home/scu2u/senior_design/senior_design/ros2_ws/build/scu2u_sim': CMAKE_PREFIX_PATH=/opt/ros/humble /usr/bin/cmake --install /home/scu2u/senior_design/senior_design/ros2_ws/build/scu2u_sim
[3.141s] Level 1:colcon.colcon_core.environment:create_environment_scripts_only(scu2u_sim)
[3.144s] DEBUG:colcon.colcon_core.event_handler.log_command:Invoked command in '/home/scu2u/senior_design/senior_design/ros2_ws/build/scu2u_sim' returned '0': CMAKE_PREFIX_PATH=/opt/ros/humble /usr/bin/cmake --install /home/scu2u/senior_design/senior_design/ros2_ws/build/scu2u_sim
[3.159s] Level 1:colcon.colcon_core.environment:checking '/home/scu2u/senior_design/senior_design/ros2_ws/install/scu2u_sim' for CMake module files
[3.161s] Level 1:colcon.colcon_core.environment:checking '/home/scu2u/senior_design/senior_design/ros2_ws/install/scu2u_sim' for CMake config files
[3.162s] Level 1:colcon.colcon_core.shell:create_environment_hook('scu2u_sim', 'cmake_prefix_path')
[3.162s] INFO:colcon.colcon_core.shell:Creating environment hook '/home/scu2u/senior_design/senior_design/ros2_ws/install/scu2u_sim/share/scu2u_sim/hook/cmake_prefix_path.ps1'
[3.164s] INFO:colcon.colcon_core.shell:Creating environment descriptor '/home/scu2u/senior_design/senior_design/ros2_ws/install/scu2u_sim/share/scu2u_sim/hook/cmake_prefix_path.dsv'
[3.165s] INFO:colcon.colcon_core.shell:Creating environment hook '/home/scu2u/senior_design/senior_design/ros2_ws/install/scu2u_sim/share/scu2u_sim/hook/cmake_prefix_path.sh'
[3.167s] Level 1:colcon.colcon_core.environment:checking '/home/scu2u/senior_design/senior_design/ros2_ws/install/scu2u_sim/bin'
[3.167s] Level 1:colcon.colcon_core.environment:checking '/home/scu2u/senior_design/senior_design/ros2_ws/install/scu2u_sim/lib/pkgconfig/scu2u_sim.pc'
[3.168s] Level 1:colcon.colcon_core.environment:checking '/home/scu2u/senior_design/senior_design/ros2_ws/install/scu2u_sim/lib/python3.10/site-packages'
[3.169s] Level 1:colcon.colcon_core.environment:checking '/home/scu2u/senior_design/senior_design/ros2_ws/install/scu2u_sim/bin'
[3.170s] INFO:colcon.colcon_core.shell:Creating package script '/home/scu2u/senior_design/senior_design/ros2_ws/install/scu2u_sim/share/scu2u_sim/package.ps1'
[3.173s] INFO:colcon.colcon_core.shell:Creating package descriptor '/home/scu2u/senior_design/senior_design/ros2_ws/install/scu2u_sim/share/scu2u_sim/package.dsv'
[3.175s] INFO:colcon.colcon_core.shell:Creating package script '/home/scu2u/senior_design/senior_design/ros2_ws/install/scu2u_sim/share/scu2u_sim/package.sh'
[3.177s] INFO:colcon.colcon_core.shell:Creating package script '/home/scu2u/senior_design/senior_design/ros2_ws/install/scu2u_sim/share/scu2u_sim/package.bash'
[3.180s] INFO:colcon.colcon_core.shell:Creating package script '/home/scu2u/senior_design/senior_design/ros2_ws/install/scu2u_sim/share/scu2u_sim/package.zsh'
[3.185s] Level 1:colcon.colcon_core.environment:create_file_with_runtime_dependencies(/home/scu2u/senior_design/senior_design/ros2_ws/install/scu2u_sim/share/colcon-core/packages/scu2u_sim)
[3.187s] Level 1:colcon.colcon_core.environment:create_environment_scripts_only(scu2u_sim)
[3.187s] Level 1:colcon.colcon_core.environment:checking '/home/scu2u/senior_design/senior_design/ros2_ws/install/scu2u_sim' for CMake module files
[3.189s] Level 1:colcon.colcon_core.environment:checking '/home/scu2u/senior_design/senior_design/ros2_ws/install/scu2u_sim' for CMake config files
[3.190s] Level 1:colcon.colcon_core.shell:create_environment_hook('scu2u_sim', 'cmake_prefix_path')
[3.190s] INFO:colcon.colcon_core.shell:Creating environment hook '/home/scu2u/senior_design/senior_design/ros2_ws/install/scu2u_sim/share/scu2u_sim/hook/cmake_prefix_path.ps1'
[3.192s] INFO:colcon.colcon_core.shell:Creating environment descriptor '/home/scu2u/senior_design/senior_design/ros2_ws/install/scu2u_sim/share/scu2u_sim/hook/cmake_prefix_path.dsv'
[3.193s] INFO:colcon.colcon_core.shell:Creating environment hook '/home/scu2u/senior_design/senior_design/ros2_ws/install/scu2u_sim/share/scu2u_sim/hook/cmake_prefix_path.sh'
[3.195s] Level 1:colcon.colcon_core.environment:checking '/home/scu2u/senior_design/senior_design/ros2_ws/install/scu2u_sim/bin'
[3.195s] Level 1:colcon.colcon_core.environment:checking '/home/scu2u/senior_design/senior_design/ros2_ws/install/scu2u_sim/lib/pkgconfig/scu2u_sim.pc'
[3.196s] Level 1:colcon.colcon_core.environment:checking '/home/scu2u/senior_design/senior_design/ros2_ws/install/scu2u_sim/lib/python3.10/site-packages'
[3.197s] Level 1:colcon.colcon_core.environment:checking '/home/scu2u/senior_design/senior_design/ros2_ws/install/scu2u_sim/bin'
[3.198s] INFO:colcon.colcon_core.shell:Creating package script '/home/scu2u/senior_design/senior_design/ros2_ws/install/scu2u_sim/share/scu2u_sim/package.ps1'
[3.199s] INFO:colcon.colcon_core.shell:Creating package descriptor '/home/scu2u/senior_design/senior_design/ros2_ws/install/scu2u_sim/share/scu2u_sim/package.dsv'
[3.201s] INFO:colcon.colcon_core.shell:Creating package script '/home/scu2u/senior_design/senior_design/ros2_ws/install/scu2u_sim/share/scu2u_sim/package.sh'
[3.202s] INFO:colcon.colcon_core.shell:Creating package script '/home/scu2u/senior_design/senior_design/ros2_ws/install/scu2u_sim/share/scu2u_sim/package.bash'
[3.203s] INFO:colcon.colcon_core.shell:Creating package script '/home/scu2u/senior_design/senior_design/ros2_ws/install/scu2u_sim/share/scu2u_sim/package.zsh'
[3.204s] Level 1:colcon.colcon_core.environment:create_file_with_runtime_dependencies(/home/scu2u/senior_design/senior_design/ros2_ws/install/scu2u_sim/share/colcon-core/packages/scu2u_sim)
[3.212s] DEBUG:colcon.colcon_core.event_handler.log_command:Invoking command in '/home/scu2u/senior_design/senior_design/ros2_ws/build/python_package': PYTHONPATH=/home/scu2u/senior_design/senior_design/ros2_ws/build/python_package/prefix_override:/usr/lib/python3/dist-packages/colcon_core/task/python/colcon_distutils_commands:/home/scu2u/senior_design/senior_design/ros2_ws/install/python_package/lib/python3.10/site-packages:${PYTHONPATH} /usr/bin/python3 -W ignore:setup.py install is deprecated -W ignore:easy_install command is deprecated setup.py develop --uninstall --editable --build-directory /home/scu2u/senior_design/senior_design/ros2_ws/build/python_package/build
[3.896s] DEBUG:colcon.colcon_core.event_handler.log_command:Invoked command in '/home/scu2u/senior_design/senior_design/ros2_ws/build/sllidar_ros2' returned '0': CMAKE_PREFIX_PATH=/opt/ros/humble /usr/bin/cmake /home/scu2u/senior_design/senior_design/ros2_ws/src/sllidar_ros2 -DCMAKE_INSTALL_PREFIX=/home/scu2u/senior_design/senior_design/ros2_ws/install/sllidar_ros2
[3.900s] DEBUG:colcon.colcon_core.event_handler.log_command:Invoking command in '/home/scu2u/senior_design/senior_design/ros2_ws/build/sllidar_ros2': CMAKE_PREFIX_PATH=/opt/ros/humble /usr/bin/cmake --build /home/scu2u/senior_design/senior_design/ros2_ws/build/sllidar_ros2 -- -j6 -l6
[4.183s] DEBUG:colcon.colcon_core.event_handler.log_command:Invoked command in '/home/scu2u/senior_design/senior_design/ros2_ws/build/sllidar_ros2' returned '0': CMAKE_PREFIX_PATH=/opt/ros/humble /usr/bin/cmake --build /home/scu2u/senior_design/senior_design/ros2_ws/build/sllidar_ros2 -- -j6 -l6
[4.190s] DEBUG:colcon.colcon_core.event_handler.log_command:Invoking command in '/home/scu2u/senior_design/senior_design/ros2_ws/build/sllidar_ros2': CMAKE_PREFIX_PATH=/opt/ros/humble /usr/bin/cmake --install /home/scu2u/senior_design/senior_design/ros2_ws/build/sllidar_ros2
[4.260s] Level 1:colcon.colcon_core.environment:create_environment_scripts_only(sllidar_ros2)
[4.261s] Level 1:colcon.colcon_core.environment:checking '/home/scu2u/senior_design/senior_design/ros2_ws/install/sllidar_ros2' for CMake module files
[4.263s] DEBUG:colcon.colcon_core.event_handler.log_command:Invoked command in '/home/scu2u/senior_design/senior_design/ros2_ws/build/sllidar_ros2' returned '0': CMAKE_PREFIX_PATH=/opt/ros/humble /usr/bin/cmake --install /home/scu2u/senior_design/senior_design/ros2_ws/build/sllidar_ros2
[4.265s] Level 1:colcon.colcon_core.environment:checking '/home/scu2u/senior_design/senior_design/ros2_ws/install/sllidar_ros2' for CMake config files
[4.267s] Level 1:colcon.colcon_core.shell:create_environment_hook('sllidar_ros2', 'cmake_prefix_path')
[4.268s] INFO:colcon.colcon_core.shell:Creating environment hook '/home/scu2u/senior_design/senior_design/ros2_ws/install/sllidar_ros2/share/sllidar_ros2/hook/cmake_prefix_path.ps1'
[4.270s] INFO:colcon.colcon_core.shell:Creating environment descriptor '/home/scu2u/senior_design/senior_design/ros2_ws/install/sllidar_ros2/share/sllidar_ros2/hook/cmake_prefix_path.dsv'
[4.272s] INFO:colcon.colcon_core.shell:Creating environment hook '/home/scu2u/senior_design/senior_design/ros2_ws/install/sllidar_ros2/share/sllidar_ros2/hook/cmake_prefix_path.sh'
[4.275s] Level 1:colcon.colcon_core.environment:checking '/home/scu2u/senior_design/senior_design/ros2_ws/install/sllidar_ros2/lib'
[4.276s] Level 1:colcon.colcon_core.environment:checking '/home/scu2u/senior_design/senior_design/ros2_ws/install/sllidar_ros2/bin'
[4.276s] Level 1:colcon.colcon_core.environment:checking '/home/scu2u/senior_design/senior_design/ros2_ws/install/sllidar_ros2/lib/pkgconfig/sllidar_ros2.pc'
[4.277s] Level 1:colcon.colcon_core.environment:checking '/home/scu2u/senior_design/senior_design/ros2_ws/install/sllidar_ros2/lib/python3.10/site-packages'
[4.279s] Level 1:colcon.colcon_core.environment:checking '/home/scu2u/senior_design/senior_design/ros2_ws/install/sllidar_ros2/bin'
[4.280s] INFO:colcon.colcon_core.shell:Creating package script '/home/scu2u/senior_design/senior_design/ros2_ws/install/sllidar_ros2/share/sllidar_ros2/package.ps1'
[4.283s] INFO:colcon.colcon_core.shell:Creating package descriptor '/home/scu2u/senior_design/senior_design/ros2_ws/install/sllidar_ros2/share/sllidar_ros2/package.dsv'
[4.285s] INFO:colcon.colcon_core.shell:Creating package script '/home/scu2u/senior_design/senior_design/ros2_ws/install/sllidar_ros2/share/sllidar_ros2/package.sh'
[4.286s] INFO:colcon.colcon_core.shell:Creating package script '/home/scu2u/senior_design/senior_design/ros2_ws/install/sllidar_ros2/share/sllidar_ros2/package.bash'
[4.288s] INFO:colcon.colcon_core.shell:Creating package script '/home/scu2u/senior_design/senior_design/ros2_ws/install/sllidar_ros2/share/sllidar_ros2/package.zsh'
[4.290s] Level 1:colcon.colcon_core.environment:create_file_with_runtime_dependencies(/home/scu2u/senior_design/senior_design/ros2_ws/install/sllidar_ros2/share/colcon-core/packages/sllidar_ros2)
[4.292s] Level 1:colcon.colcon_core.environment:create_environment_scripts_only(sllidar_ros2)
[4.293s] Level 1:colcon.colcon_core.environment:checking '/home/scu2u/senior_design/senior_design/ros2_ws/install/sllidar_ros2' for CMake module files
[4.295s] Level 1:colcon.colcon_core.environment:checking '/home/scu2u/senior_design/senior_design/ros2_ws/install/sllidar_ros2' for CMake config files
[4.298s] Level 1:colcon.colcon_core.shell:create_environment_hook('sllidar_ros2', 'cmake_prefix_path')
[4.298s] INFO:colcon.colcon_core.shell:Creating environment hook '/home/scu2u/senior_design/senior_design/ros2_ws/install/sllidar_ros2/share/sllidar_ros2/hook/cmake_prefix_path.ps1'
[4.300s] INFO:colcon.colcon_core.shell:Creating environment descriptor '/home/scu2u/senior_design/senior_design/ros2_ws/install/sllidar_ros2/share/sllidar_ros2/hook/cmake_prefix_path.dsv'
[4.302s] INFO:colcon.colcon_core.shell:Creating environment hook '/home/scu2u/senior_design/senior_design/ros2_ws/install/sllidar_ros2/share/sllidar_ros2/hook/cmake_prefix_path.sh'
[4.304s] Level 1:colcon.colcon_core.environment:checking '/home/scu2u/senior_design/senior_design/ros2_ws/install/sllidar_ros2/lib'
[4.305s] Level 1:colcon.colcon_core.environment:checking '/home/scu2u/senior_design/senior_design/ros2_ws/install/sllidar_ros2/bin'
[4.305s] Level 1:colcon.colcon_core.environment:checking '/home/scu2u/senior_design/senior_design/ros2_ws/install/sllidar_ros2/lib/pkgconfig/sllidar_ros2.pc'
[4.306s] Level 1:colcon.colcon_core.environment:checking '/home/scu2u/senior_design/senior_design/ros2_ws/install/sllidar_ros2/lib/python3.10/site-packages'
[4.307s] Level 1:colcon.colcon_core.environment:checking '/home/scu2u/senior_design/senior_design/ros2_ws/install/sllidar_ros2/bin'
[4.308s] INFO:colcon.colcon_core.shell:Creating package script '/home/scu2u/senior_design/senior_design/ros2_ws/install/sllidar_ros2/share/sllidar_ros2/package.ps1'
[4.310s] INFO:colcon.colcon_core.shell:Creating package descriptor '/home/scu2u/senior_design/senior_design/ros2_ws/install/sllidar_ros2/share/sllidar_ros2/package.dsv'
[4.312s] INFO:colcon.colcon_core.shell:Creating package script '/home/scu2u/senior_design/senior_design/ros2_ws/install/sllidar_ros2/share/sllidar_ros2/package.sh'
[4.313s] INFO:colcon.colcon_core.shell:Creating package script '/home/scu2u/senior_design/senior_design/ros2_ws/install/sllidar_ros2/share/sllidar_ros2/package.bash'
[4.314s] INFO:colcon.colcon_core.shell:Creating package script '/home/scu2u/senior_design/senior_design/ros2_ws/install/sllidar_ros2/share/sllidar_ros2/package.zsh'
[4.316s] Level 1:colcon.colcon_core.environment:create_file_with_runtime_dependencies(/home/scu2u/senior_design/senior_design/ros2_ws/install/sllidar_ros2/share/colcon-core/packages/sllidar_ros2)
[4.374s] DEBUG:colcon.colcon_core.event_handler.log_command:Invoked command in '/home/scu2u/senior_design/senior_design/ros2_ws/build/python_package' returned '0': PYTHONPATH=/home/scu2u/senior_design/senior_design/ros2_ws/build/python_package/prefix_override:/usr/lib/python3/dist-packages/colcon_core/task/python/colcon_distutils_commands:/home/scu2u/senior_design/senior_design/ros2_ws/install/python_package/lib/python3.10/site-packages:${PYTHONPATH} /usr/bin/python3 -W ignore:setup.py install is deprecated -W ignore:easy_install command is deprecated setup.py develop --uninstall --editable --build-directory /home/scu2u/senior_design/senior_design/ros2_ws/build/python_package/build
[4.381s] DEBUG:colcon.colcon_core.event_handler.log_command:Invoking command in '/home/scu2u/senior_design/senior_design/ros2_ws/src/python_package': PYTHONPATH=/home/scu2u/senior_design/senior_design/ros2_ws/build/python_package/prefix_override:/usr/lib/python3/dist-packages/colcon_core/task/python/colcon_distutils_commands:/home/scu2u/senior_design/senior_design/ros2_ws/install/python_package/lib/python3.10/site-packages:${PYTHONPATH} /usr/bin/python3 -W ignore:setup.py install is deprecated -W ignore:easy_install command is deprecated setup.py egg_info --egg-base ../../build/python_package build --build-base /home/scu2u/senior_design/senior_design/ros2_ws/build/python_package/build install --record /home/scu2u/senior_design/senior_design/ros2_ws/build/python_package/install.log --single-version-externally-managed install_data --force
[5.262s] Level 1:colcon.colcon_core.environment:checking '/home/scu2u/senior_design/senior_design/ros2_ws/install/python_package' for CMake module files
[5.264s] DEBUG:colcon.colcon_core.event_handler.log_command:Invoked command in '/home/scu2u/senior_design/senior_design/ros2_ws/src/python_package' returned '0': PYTHONPATH=/home/scu2u/senior_design/senior_design/ros2_ws/build/python_package/prefix_override:/usr/lib/python3/dist-packages/colcon_core/task/python/colcon_distutils_commands:/home/scu2u/senior_design/senior_design/ros2_ws/install/python_package/lib/python3.10/site-packages:${PYTHONPATH} /usr/bin/python3 -W ignore:setup.py install is deprecated -W ignore:easy_install command is deprecated setup.py egg_info --egg-base ../../build/python_package build --build-base /home/scu2u/senior_design/senior_design/ros2_ws/build/python_package/build install --record /home/scu2u/senior_design/senior_design/ros2_ws/build/python_package/install.log --single-version-externally-managed install_data --force
[5.266s] Level 1:colcon.colcon_core.environment:checking '/home/scu2u/senior_design/senior_design/ros2_ws/install/python_package' for CMake config files
[5.268s] Level 1:colcon.colcon_core.environment:checking '/home/scu2u/senior_design/senior_design/ros2_ws/install/python_package/lib'
[5.268s] Level 1:colcon.colcon_core.environment:checking '/home/scu2u/senior_design/senior_design/ros2_ws/install/python_package/bin'
[5.269s] Level 1:colcon.colcon_core.environment:checking '/home/scu2u/senior_design/senior_design/ros2_ws/install/python_package/lib/pkgconfig/python_package.pc'
[5.270s] Level 1:colcon.colcon_core.environment:checking '/home/scu2u/senior_design/senior_design/ros2_ws/install/python_package/lib/python3.10/site-packages'
[5.270s] Level 1:colcon.colcon_core.shell:create_environment_hook('python_package', 'pythonpath')
[5.271s] INFO:colcon.colcon_core.shell:Creating environment hook '/home/scu2u/senior_design/senior_design/ros2_ws/install/python_package/share/python_package/hook/pythonpath.ps1'
[5.273s] INFO:colcon.colcon_core.shell:Creating environment descriptor '/home/scu2u/senior_design/senior_design/ros2_ws/install/python_package/share/python_package/hook/pythonpath.dsv'
[5.275s] INFO:colcon.colcon_core.shell:Creating environment hook '/home/scu2u/senior_design/senior_design/ros2_ws/install/python_package/share/python_package/hook/pythonpath.sh'
[5.278s] Level 1:colcon.colcon_core.environment:checking '/home/scu2u/senior_design/senior_design/ros2_ws/install/python_package/bin'
[5.278s] Level 1:colcon.colcon_core.environment:create_environment_scripts_only(python_package)
[5.280s] INFO:colcon.colcon_core.shell:Creating package script '/home/scu2u/senior_design/senior_design/ros2_ws/install/python_package/share/python_package/package.ps1'
[5.282s] INFO:colcon.colcon_core.shell:Creating package descriptor '/home/scu2u/senior_design/senior_design/ros2_ws/install/python_package/share/python_package/package.dsv'
[5.284s] INFO:colcon.colcon_core.shell:Creating package script '/home/scu2u/senior_design/senior_design/ros2_ws/install/python_package/share/python_package/package.sh'
[5.286s] INFO:colcon.colcon_core.shell:Creating package script '/home/scu2u/senior_design/senior_design/ros2_ws/install/python_package/share/python_package/package.bash'
[5.287s] INFO:colcon.colcon_core.shell:Creating package script '/home/scu2u/senior_design/senior_design/ros2_ws/install/python_package/share/python_package/package.zsh'
[5.289s] Level 1:colcon.colcon_core.environment:create_file_with_runtime_dependencies(/home/scu2u/senior_design/senior_design/ros2_ws/install/python_package/share/colcon-core/packages/python_package)
[5.290s] DEBUG:colcon.colcon_parallel_executor.executor.parallel:closing loop
[5.292s] DEBUG:colcon.colcon_parallel_executor.executor.parallel:loop closed
[5.292s] DEBUG:colcon.colcon_parallel_executor.executor.parallel:run_until_complete finished with '0'
[5.292s] DEBUG:colcon.colcon_core.event_reactor:joining thread
[5.318s] INFO:colcon.colcon_core.plugin_system:Skipping extension 'colcon_notification.desktop_notification.terminal_notifier': Not used on non-Darwin systems
[5.318s] INFO:colcon.colcon_core.plugin_system:Skipping extension 'colcon_notification.desktop_notification.win32': Not used on non-Windows systems
[5.319s] INFO:colcon.colcon_notification.desktop_notification:Sending desktop notification using 'notify2'
[5.388s] DEBUG:colcon.colcon_core.event_reactor:joined thread
[5.390s] INFO:colcon.colcon_core.shell:Creating prefix script '/home/scu2u/senior_design/senior_design/ros2_ws/install/local_setup.ps1'
[5.394s] INFO:colcon.colcon_core.shell:Creating prefix util module '/home/scu2u/senior_design/senior_design/ros2_ws/install/_local_setup_util_ps1.py'
[5.399s] INFO:colcon.colcon_core.shell:Creating prefix chain script '/home/scu2u/senior_design/senior_design/ros2_ws/install/setup.ps1'
[5.403s] INFO:colcon.colcon_core.shell:Creating prefix script '/home/scu2u/senior_design/senior_design/ros2_ws/install/local_setup.sh'
[5.406s] INFO:colcon.colcon_core.shell:Creating prefix util module '/home/scu2u/senior_design/senior_design/ros2_ws/install/_local_setup_util_sh.py'
[5.408s] INFO:colcon.colcon_core.shell:Creating prefix chain script '/home/scu2u/senior_design/senior_design/ros2_ws/install/setup.sh'
[5.412s] INFO:colcon.colcon_core.shell:Creating prefix script '/home/scu2u/senior_design/senior_design/ros2_ws/install/local_setup.bash'
[5.415s] INFO:colcon.colcon_core.shell:Creating prefix chain script '/home/scu2u/senior_design/senior_design/ros2_ws/install/setup.bash'
[5.418s] INFO:colcon.colcon_core.shell:Creating prefix script '/home/scu2u/senior_design/senior_design/ros2_ws/install/local_setup.zsh'
[5.420s] INFO:colcon.colcon_core.shell:Creating prefix chain script '/home/scu2u/senior_design/senior_design/ros2_ws/install/setup.zsh'
