[0.756s] Invoking command in '/home/scu2u/senior_design/senior_design/ros2_ws/build/sllidar_ros2': CMAKE_PREFIX_PATH=/opt/ros/humble /usr/bin/cmake --build /home/scu2u/senior_design/senior_design/ros2_ws/build/sllidar_ros2 -- -j6 -l6
[0.987s] [ 90%] Built target sllidar_node
[1.063s] [100%] Built target sllidar_client
[1.093s] Invoked command in '/home/scu2u/senior_design/senior_design/ros2_ws/build/sllidar_ros2' returned '0': CMAKE_PREFIX_PATH=/opt/ros/humble /usr/bin/cmake --build /home/scu2u/senior_design/senior_design/ros2_ws/build/sllidar_ros2 -- -j6 -l6
[1.098s] Invoking command in '/home/scu2u/senior_design/senior_design/ros2_ws/build/sllidar_ros2': CMAKE_PREFIX_PATH=/opt/ros/humble /usr/bin/cmake --install /home/scu2u/senior_design/senior_design/ros2_ws/build/sllidar_ros2
[1.118s] -- Install configuration: ""
[1.120s] -- Execute custom install script
[1.121s] -- Up-to-date symlink: /home/scu2u/senior_design/senior_design/ros2_ws/install/sllidar_ros2/share/sllidar_ros2/launch/sllidar_a1_launch.py
[1.122s] -- Up-to-date symlink: /home/scu2u/senior_design/senior_design/ros2_ws/install/sllidar_ros2/share/sllidar_ros2/launch/sllidar_a2m12_launch .py
[1.123s] -- Up-to-date symlink: /home/scu2u/senior_design/senior_design/ros2_ws/install/sllidar_ros2/share/sllidar_ros2/launch/sllidar_a2m7_launch.py
[1.123s] -- Up-to-date symlink: /home/scu2u/senior_design/senior_design/ros2_ws/install/sllidar_ros2/share/sllidar_ros2/launch/sllidar_a2m8_launch.py
[1.123s] -- Up-to-date symlink: /home/scu2u/senior_design/senior_design/ros2_ws/install/sllidar_ros2/share/sllidar_ros2/launch/sllidar_a3_launch.py
[1.123s] -- Up-to-date symlink: /home/scu2u/senior_design/senior_design/ros2_ws/install/sllidar_ros2/share/sllidar_ros2/launch/sllidar_c1_launch.py
[1.126s] -- Up-to-date symlink: /home/scu2u/senior_design/senior_design/ros2_ws/install/sllidar_ros2/share/sllidar_ros2/launch/sllidar_s1_launch.py
[1.127s] -- Up-to-date symlink: /home/scu2u/senior_design/senior_design/ros2_ws/install/sllidar_ros2/share/sllidar_ros2/launch/sllidar_s1_tcp_launch.py
[1.127s] -- Up-to-date symlink: /home/scu2u/senior_design/senior_design/ros2_ws/install/sllidar_ros2/share/sllidar_ros2/launch/sllidar_s2_launch.py
[1.127s] -- Up-to-date symlink: /home/scu2u/senior_design/senior_design/ros2_ws/install/sllidar_ros2/share/sllidar_ros2/launch/sllidar_s2e_launch.py
[1.128s] -- Up-to-date symlink: /home/scu2u/senior_design/senior_design/ros2_ws/install/sllidar_ros2/share/sllidar_ros2/launch/sllidar_s3_launch.py
[1.128s] -- Up-to-date symlink: /home/scu2u/senior_design/senior_design/ros2_ws/install/sllidar_ros2/share/sllidar_ros2/launch/sllidar_t1_launch.py
[1.128s] -- Up-to-date symlink: /home/scu2u/senior_design/senior_design/ros2_ws/install/sllidar_ros2/share/sllidar_ros2/launch/view_sllidar_a1_launch.py
[1.128s] -- Up-to-date symlink: /home/scu2u/senior_design/senior_design/ros2_ws/install/sllidar_ros2/share/sllidar_ros2/launch/view_sllidar_a2m12_launch.py
[1.128s] -- Up-to-date symlink: /home/scu2u/senior_design/senior_design/ros2_ws/install/sllidar_ros2/share/sllidar_ros2/launch/view_sllidar_a2m7_launch.py
[1.128s] -- Up-to-date symlink: /home/scu2u/senior_design/senior_design/ros2_ws/install/sllidar_ros2/share/sllidar_ros2/launch/view_sllidar_a2m8_launch.py
[1.128s] -- Up-to-date symlink: /home/scu2u/senior_design/senior_design/ros2_ws/install/sllidar_ros2/share/sllidar_ros2/launch/view_sllidar_a3_launch.py
[1.129s] -- Up-to-date symlink: /home/scu2u/senior_design/senior_design/ros2_ws/install/sllidar_ros2/share/sllidar_ros2/launch/view_sllidar_c1_launch.py
[1.129s] -- Up-to-date symlink: /home/scu2u/senior_design/senior_design/ros2_ws/install/sllidar_ros2/share/sllidar_ros2/launch/view_sllidar_s1_launch.py
[1.129s] -- Up-to-date symlink: /home/scu2u/senior_design/senior_design/ros2_ws/install/sllidar_ros2/share/sllidar_ros2/launch/view_sllidar_s1_tcp_launch.py
[1.129s] -- Up-to-date symlink: /home/scu2u/senior_design/senior_design/ros2_ws/install/sllidar_ros2/share/sllidar_ros2/launch/view_sllidar_s2_launch.py
[1.129s] -- Up-to-date symlink: /home/scu2u/senior_design/senior_design/ros2_ws/install/sllidar_ros2/share/sllidar_ros2/launch/view_sllidar_s2e_launch.py
[1.130s] -- Up-to-date symlink: /home/scu2u/senior_design/senior_design/ros2_ws/install/sllidar_ros2/share/sllidar_ros2/launch/view_sllidar_s3_launch.py
[1.130s] -- Up-to-date symlink: /home/scu2u/senior_design/senior_design/ros2_ws/install/sllidar_ros2/share/sllidar_ros2/launch/view_sllidar_t1_launch.py
[1.130s] -- Up-to-date symlink: /home/scu2u/senior_design/senior_design/ros2_ws/install/sllidar_ros2/share/sllidar_ros2/rviz/sllidar_ros2.rviz
[1.131s] -- Up-to-date symlink: /home/scu2u/senior_design/senior_design/ros2_ws/install/sllidar_ros2/lib/sllidar_ros2/sllidar_node
[1.131s] -- Up-to-date symlink: /home/scu2u/senior_design/senior_design/ros2_ws/install/sllidar_ros2/lib/sllidar_ros2/sllidar_client
[1.131s] -- Up-to-date symlink: /home/scu2u/senior_design/senior_design/ros2_ws/install/sllidar_ros2/share/ament_index/resource_index/package_run_dependencies/sllidar_ros2
[1.131s] -- Up-to-date symlink: /home/scu2u/senior_design/senior_design/ros2_ws/install/sllidar_ros2/share/ament_index/resource_index/parent_prefix_path/sllidar_ros2
[1.131s] -- Up-to-date symlink: /home/scu2u/senior_design/senior_design/ros2_ws/install/sllidar_ros2/share/sllidar_ros2/environment/ament_prefix_path.sh
[1.132s] -- Up-to-date symlink: /home/scu2u/senior_design/senior_design/ros2_ws/install/sllidar_ros2/share/sllidar_ros2/environment/ament_prefix_path.dsv
[1.132s] -- Up-to-date symlink: /home/scu2u/senior_design/senior_design/ros2_ws/install/sllidar_ros2/share/sllidar_ros2/environment/path.sh
[1.132s] -- Up-to-date symlink: /home/scu2u/senior_design/senior_design/ros2_ws/install/sllidar_ros2/share/sllidar_ros2/environment/path.dsv
[1.132s] -- Up-to-date symlink: /home/scu2u/senior_design/senior_design/ros2_ws/install/sllidar_ros2/share/sllidar_ros2/local_setup.bash
[1.133s] -- Up-to-date symlink: /home/scu2u/senior_design/senior_design/ros2_ws/install/sllidar_ros2/share/sllidar_ros2/local_setup.sh
[1.133s] -- Up-to-date symlink: /home/scu2u/senior_design/senior_design/ros2_ws/install/sllidar_ros2/share/sllidar_ros2/local_setup.zsh
[1.133s] -- Up-to-date symlink: /home/scu2u/senior_design/senior_design/ros2_ws/install/sllidar_ros2/share/sllidar_ros2/local_setup.dsv
[1.133s] -- Symlinking: /home/scu2u/senior_design/senior_design/ros2_ws/install/sllidar_ros2/share/sllidar_ros2/package.dsv
[1.162s] -- Up-to-date symlink: /home/scu2u/senior_design/senior_design/ros2_ws/install/sllidar_ros2/share/ament_index/resource_index/packages/sllidar_ros2
[1.163s] -- Up-to-date symlink: /home/scu2u/senior_design/senior_design/ros2_ws/install/sllidar_ros2/share/sllidar_ros2/cmake/ament_cmake_export_dependencies-extras.cmake
[1.163s] -- Up-to-date symlink: /home/scu2u/senior_design/senior_design/ros2_ws/install/sllidar_ros2/share/sllidar_ros2/cmake/ament_cmake_export_include_directories-extras.cmake
[1.164s] -- Up-to-date symlink: /home/scu2u/senior_design/senior_design/ros2_ws/install/sllidar_ros2/share/sllidar_ros2/cmake/sllidar_ros2Config.cmake
[1.164s] -- Up-to-date symlink: /home/scu2u/senior_design/senior_design/ros2_ws/install/sllidar_ros2/share/sllidar_ros2/cmake/sllidar_ros2Config-version.cmake
[1.165s] -- Up-to-date symlink: /home/scu2u/senior_design/senior_design/ros2_ws/install/sllidar_ros2/share/sllidar_ros2/package.xml
[1.170s] Invoked command in '/home/scu2u/senior_design/senior_design/ros2_ws/build/sllidar_ros2' returned '0': CMAKE_PREFIX_PATH=/opt/ros/humble /usr/bin/cmake --install /home/scu2u/senior_design/senior_design/ros2_ws/build/sllidar_ros2
