[0.353s] DEBUG:colcon:Command line arguments: ['/usr/bin/colcon', 'build', '--symlink-install']
[0.353s] DEBUG:colcon:Parsed command line arguments: Namespace(log_base=None, log_level=None, verb_name='build', build_base='build', install_base='install', merge_install=False, symlink_install=True, test_result_base=None, continue_on_error=False, executor='parallel', parallel_workers=6, event_handlers=None, ignore_user_meta=False, metas=['./colcon.meta'], base_paths=['.'], packages_ignore=None, packages_ignore_regex=None, paths=None, packages_up_to=None, packages_up_to_regex=None, packages_above=None, packages_above_and_dependencies=None, packages_above_depth=None, packages_select_by_dep=None, packages_skip_by_dep=None, packages_skip_up_to=None, packages_select_build_failed=False, packages_skip_build_finished=False, packages_select_test_failures=False, packages_skip_test_passed=False, packages_select=None, packages_skip=None, packages_select_regex=None, packages_skip_regex=None, packages_start=None, packages_end=None, allow_overriding=[], cmake_args=None, cmake_target=None, cmake_target_skip_unavailable=False, cmake_clean_cache=False, cmake_clean_first=False, cmake_force_configure=False, ament_cmake_args=None, catkin_cmake_args=None, catkin_skip_building_tests=False, verb_parser=<colcon_defaults.argument_parser.defaults.DefaultArgumentsDecorator object at 0xffffae6cb310>, verb_extension=<colcon_core.verb.build.BuildVerb object at 0xffffae6cad70>, main=<bound method BuildVerb.main of <colcon_core.verb.build.BuildVerb object at 0xffffae6cad70>>)
[0.961s] Level 1:colcon.colcon_core.package_discovery:discover_packages(colcon_meta) check parameters
[0.961s] Level 1:colcon.colcon_core.package_discovery:discover_packages(recursive) check parameters
[0.961s] Level 1:colcon.colcon_core.package_discovery:discover_packages(ignore) check parameters
[0.961s] Level 1:colcon.colcon_core.package_discovery:discover_packages(path) check parameters
[0.962s] Level 1:colcon.colcon_core.package_discovery:discover_packages(colcon_meta) discover
[0.962s] Level 1:colcon.colcon_core.package_discovery:discover_packages(recursive) discover
[0.962s] INFO:colcon.colcon_core.package_discovery:Crawling recursively for packages in '/home/scu2u/senior_design/senior_design/ros2_ws'
[0.962s] Level 1:colcon.colcon_core.package_identification:_identify(.) by extensions ['ignore', 'ignore_ament_install']
[0.962s] Level 1:colcon.colcon_core.package_identification:_identify(.) by extension 'ignore'
[0.963s] Level 1:colcon.colcon_core.package_identification:_identify(.) by extension 'ignore_ament_install'
[0.963s] Level 1:colcon.colcon_core.package_identification:_identify(.) by extensions ['colcon_pkg']
[0.963s] Level 1:colcon.colcon_core.package_identification:_identify(.) by extension 'colcon_pkg'
[0.963s] Level 1:colcon.colcon_core.package_identification:_identify(.) by extensions ['colcon_meta']
[0.963s] Level 1:colcon.colcon_core.package_identification:_identify(.) by extension 'colcon_meta'
[0.963s] Level 1:colcon.colcon_core.package_identification:_identify(.) by extensions ['ros']
[0.963s] Level 1:colcon.colcon_core.package_identification:_identify(.) by extension 'ros'
[0.995s] Level 1:colcon.colcon_core.package_identification:_identify(.) by extensions ['cmake', 'python']
[0.995s] Level 1:colcon.colcon_core.package_identification:_identify(.) by extension 'cmake'
[0.995s] Level 1:colcon.colcon_core.package_identification:_identify(.) by extension 'python'
[0.995s] Level 1:colcon.colcon_core.package_identification:_identify(.) by extensions ['python_setup_py']
[0.995s] Level 1:colcon.colcon_core.package_identification:_identify(.) by extension 'python_setup_py'
[0.996s] Level 1:colcon.colcon_core.package_identification:_identify(build) by extensions ['ignore', 'ignore_ament_install']
[0.996s] Level 1:colcon.colcon_core.package_identification:_identify(build) by extension 'ignore'
[0.996s] Level 1:colcon.colcon_core.package_identification:_identify(build) ignored
[0.997s] Level 1:colcon.colcon_core.package_identification:_identify(install) by extensions ['ignore', 'ignore_ament_install']
[0.997s] Level 1:colcon.colcon_core.package_identification:_identify(install) by extension 'ignore'
[0.997s] Level 1:colcon.colcon_core.package_identification:_identify(install) ignored
[0.997s] Level 1:colcon.colcon_core.package_identification:_identify(log) by extensions ['ignore', 'ignore_ament_install']
[0.997s] Level 1:colcon.colcon_core.package_identification:_identify(log) by extension 'ignore'
[0.998s] Level 1:colcon.colcon_core.package_identification:_identify(log) ignored
[0.998s] Level 1:colcon.colcon_core.package_identification:_identify(src) by extensions ['ignore', 'ignore_ament_install']
[0.998s] Level 1:colcon.colcon_core.package_identification:_identify(src) by extension 'ignore'
[0.998s] Level 1:colcon.colcon_core.package_identification:_identify(src) by extension 'ignore_ament_install'
[0.998s] Level 1:colcon.colcon_core.package_identification:_identify(src) by extensions ['colcon_pkg']
[0.998s] Level 1:colcon.colcon_core.package_identification:_identify(src) by extension 'colcon_pkg'
[0.998s] Level 1:colcon.colcon_core.package_identification:_identify(src) by extensions ['colcon_meta']
[0.999s] Level 1:colcon.colcon_core.package_identification:_identify(src) by extension 'colcon_meta'
[0.999s] Level 1:colcon.colcon_core.package_identification:_identify(src) by extensions ['ros']
[0.999s] Level 1:colcon.colcon_core.package_identification:_identify(src) by extension 'ros'
[0.999s] Level 1:colcon.colcon_core.package_identification:_identify(src) by extensions ['cmake', 'python']
[0.999s] Level 1:colcon.colcon_core.package_identification:_identify(src) by extension 'cmake'
[0.999s] Level 1:colcon.colcon_core.package_identification:_identify(src) by extension 'python'
[0.999s] Level 1:colcon.colcon_core.package_identification:_identify(src) by extensions ['python_setup_py']
[0.999s] Level 1:colcon.colcon_core.package_identification:_identify(src) by extension 'python_setup_py'
[1.000s] Level 1:colcon.colcon_core.package_identification:_identify(src/python_package) by extensions ['ignore', 'ignore_ament_install']
[1.000s] Level 1:colcon.colcon_core.package_identification:_identify(src/python_package) by extension 'ignore'
[1.000s] Level 1:colcon.colcon_core.package_identification:_identify(src/python_package) by extension 'ignore_ament_install'
[1.000s] Level 1:colcon.colcon_core.package_identification:_identify(src/python_package) by extensions ['colcon_pkg']
[1.000s] Level 1:colcon.colcon_core.package_identification:_identify(src/python_package) by extension 'colcon_pkg'
[1.000s] Level 1:colcon.colcon_core.package_identification:_identify(src/python_package) by extensions ['colcon_meta']
[1.000s] Level 1:colcon.colcon_core.package_identification:_identify(src/python_package) by extension 'colcon_meta'
[1.000s] Level 1:colcon.colcon_core.package_identification:_identify(src/python_package) by extensions ['ros']
[1.001s] Level 1:colcon.colcon_core.package_identification:_identify(src/python_package) by extension 'ros'
[1.010s] DEBUG:colcon.colcon_core.package_identification:Package 'src/python_package' with type 'ros.ament_python' and name 'python_package'
[1.011s] Level 1:colcon.colcon_core.package_identification:_identify(src/scu2u_sim) by extensions ['ignore', 'ignore_ament_install']
[1.011s] Level 1:colcon.colcon_core.package_identification:_identify(src/scu2u_sim) by extension 'ignore'
[1.011s] Level 1:colcon.colcon_core.package_identification:_identify(src/scu2u_sim) by extension 'ignore_ament_install'
[1.011s] Level 1:colcon.colcon_core.package_identification:_identify(src/scu2u_sim) by extensions ['colcon_pkg']
[1.011s] Level 1:colcon.colcon_core.package_identification:_identify(src/scu2u_sim) by extension 'colcon_pkg'
[1.012s] Level 1:colcon.colcon_core.package_identification:_identify(src/scu2u_sim) by extensions ['colcon_meta']
[1.012s] Level 1:colcon.colcon_core.package_identification:_identify(src/scu2u_sim) by extension 'colcon_meta'
[1.012s] Level 1:colcon.colcon_core.package_identification:_identify(src/scu2u_sim) by extensions ['ros']
[1.012s] Level 1:colcon.colcon_core.package_identification:_identify(src/scu2u_sim) by extension 'ros'
[1.013s] DEBUG:colcon.colcon_core.package_identification:Package 'src/scu2u_sim' with type 'ros.ament_cmake' and name 'scu2u_sim'
[1.014s] Level 1:colcon.colcon_core.package_identification:_identify(src/sllidar_ros2) by extensions ['ignore', 'ignore_ament_install']
[1.014s] Level 1:colcon.colcon_core.package_identification:_identify(src/sllidar_ros2) by extension 'ignore'
[1.014s] Level 1:colcon.colcon_core.package_identification:_identify(src/sllidar_ros2) by extension 'ignore_ament_install'
[1.014s] Level 1:colcon.colcon_core.package_identification:_identify(src/sllidar_ros2) by extensions ['colcon_pkg']
[1.014s] Level 1:colcon.colcon_core.package_identification:_identify(src/sllidar_ros2) by extension 'colcon_pkg'
[1.014s] Level 1:colcon.colcon_core.package_identification:_identify(src/sllidar_ros2) by extensions ['colcon_meta']
[1.014s] Level 1:colcon.colcon_core.package_identification:_identify(src/sllidar_ros2) by extension 'colcon_meta'
[1.015s] Level 1:colcon.colcon_core.package_identification:_identify(src/sllidar_ros2) by extensions ['ros']
[1.015s] Level 1:colcon.colcon_core.package_identification:_identify(src/sllidar_ros2) by extension 'ros'
[1.017s] DEBUG:colcon.colcon_core.package_identification:Package 'src/sllidar_ros2' with type 'ros.ament_cmake' and name 'sllidar_ros2'
[1.017s] Level 1:colcon.colcon_core.package_discovery:discover_packages(recursive) using defaults
[1.017s] Level 1:colcon.colcon_core.package_discovery:discover_packages(ignore) discover
[1.017s] Level 1:colcon.colcon_core.package_discovery:discover_packages(ignore) using defaults
[1.017s] Level 1:colcon.colcon_core.package_discovery:discover_packages(path) discover
[1.018s] Level 1:colcon.colcon_core.package_discovery:discover_packages(path) using defaults
[1.097s] Level 1:colcon.colcon_core.package_discovery:discover_packages(prefix_path) check parameters
[1.097s] Level 1:colcon.colcon_core.package_discovery:discover_packages(prefix_path) discover
[1.115s] DEBUG:colcon.colcon_installed_package_information.package_discovery:Found 273 installed packages in /opt/ros/humble
[1.120s] Level 1:colcon.colcon_core.package_discovery:discover_packages(prefix_path) using defaults
[1.256s] Level 5:colcon.colcon_core.verb:set package 'python_package' build argument 'cmake_args' from command line to 'None'
[1.256s] Level 5:colcon.colcon_core.verb:set package 'python_package' build argument 'cmake_target' from command line to 'None'
[1.256s] Level 5:colcon.colcon_core.verb:set package 'python_package' build argument 'cmake_target_skip_unavailable' from command line to 'False'
[1.256s] Level 5:colcon.colcon_core.verb:set package 'python_package' build argument 'cmake_clean_cache' from command line to 'False'
[1.257s] Level 5:colcon.colcon_core.verb:set package 'python_package' build argument 'cmake_clean_first' from command line to 'False'
[1.257s] Level 5:colcon.colcon_core.verb:set package 'python_package' build argument 'cmake_force_configure' from command line to 'False'
[1.257s] Level 5:colcon.colcon_core.verb:set package 'python_package' build argument 'ament_cmake_args' from command line to 'None'
[1.257s] Level 5:colcon.colcon_core.verb:set package 'python_package' build argument 'catkin_cmake_args' from command line to 'None'
[1.257s] Level 5:colcon.colcon_core.verb:set package 'python_package' build argument 'catkin_skip_building_tests' from command line to 'False'
[1.257s] DEBUG:colcon.colcon_core.verb:Building package 'python_package' with the following arguments: {'ament_cmake_args': None, 'build_base': '/home/scu2u/senior_design/senior_design/ros2_ws/build/python_package', 'catkin_cmake_args': None, 'catkin_skip_building_tests': False, 'cmake_args': None, 'cmake_clean_cache': False, 'cmake_clean_first': False, 'cmake_force_configure': False, 'cmake_target': None, 'cmake_target_skip_unavailable': False, 'install_base': '/home/scu2u/senior_design/senior_design/ros2_ws/install/python_package', 'merge_install': False, 'path': '/home/scu2u/senior_design/senior_design/ros2_ws/src/python_package', 'symlink_install': True, 'test_result_base': None}
[1.258s] Level 5:colcon.colcon_core.verb:set package 'scu2u_sim' build argument 'cmake_args' from command line to 'None'
[1.258s] Level 5:colcon.colcon_core.verb:set package 'scu2u_sim' build argument 'cmake_target' from command line to 'None'
[1.258s] Level 5:colcon.colcon_core.verb:set package 'scu2u_sim' build argument 'cmake_target_skip_unavailable' from command line to 'False'
[1.258s] Level 5:colcon.colcon_core.verb:set package 'scu2u_sim' build argument 'cmake_clean_cache' from command line to 'False'
[1.258s] Level 5:colcon.colcon_core.verb:set package 'scu2u_sim' build argument 'cmake_clean_first' from command line to 'False'
[1.258s] Level 5:colcon.colcon_core.verb:set package 'scu2u_sim' build argument 'cmake_force_configure' from command line to 'False'
[1.258s] Level 5:colcon.colcon_core.verb:set package 'scu2u_sim' build argument 'ament_cmake_args' from command line to 'None'
[1.258s] Level 5:colcon.colcon_core.verb:set package 'scu2u_sim' build argument 'catkin_cmake_args' from command line to 'None'
[1.258s] Level 5:colcon.colcon_core.verb:set package 'scu2u_sim' build argument 'catkin_skip_building_tests' from command line to 'False'
[1.258s] DEBUG:colcon.colcon_core.verb:Building package 'scu2u_sim' with the following arguments: {'ament_cmake_args': None, 'build_base': '/home/scu2u/senior_design/senior_design/ros2_ws/build/scu2u_sim', 'catkin_cmake_args': None, 'catkin_skip_building_tests': False, 'cmake_args': None, 'cmake_clean_cache': False, 'cmake_clean_first': False, 'cmake_force_configure': False, 'cmake_target': None, 'cmake_target_skip_unavailable': False, 'install_base': '/home/scu2u/senior_design/senior_design/ros2_ws/install/scu2u_sim', 'merge_install': False, 'path': '/home/scu2u/senior_design/senior_design/ros2_ws/src/scu2u_sim', 'symlink_install': True, 'test_result_base': None}
[1.259s] Level 5:colcon.colcon_core.verb:set package 'sllidar_ros2' build argument 'cmake_args' from command line to 'None'
[1.259s] Level 5:colcon.colcon_core.verb:set package 'sllidar_ros2' build argument 'cmake_target' from command line to 'None'
[1.259s] Level 5:colcon.colcon_core.verb:set package 'sllidar_ros2' build argument 'cmake_target_skip_unavailable' from command line to 'False'
[1.259s] Level 5:colcon.colcon_core.verb:set package 'sllidar_ros2' build argument 'cmake_clean_cache' from command line to 'False'
[1.259s] Level 5:colcon.colcon_core.verb:set package 'sllidar_ros2' build argument 'cmake_clean_first' from command line to 'False'
[1.259s] Level 5:colcon.colcon_core.verb:set package 'sllidar_ros2' build argument 'cmake_force_configure' from command line to 'False'
[1.259s] Level 5:colcon.colcon_core.verb:set package 'sllidar_ros2' build argument 'ament_cmake_args' from command line to 'None'
[1.259s] Level 5:colcon.colcon_core.verb:set package 'sllidar_ros2' build argument 'catkin_cmake_args' from command line to 'None'
[1.260s] Level 5:colcon.colcon_core.verb:set package 'sllidar_ros2' build argument 'catkin_skip_building_tests' from command line to 'False'
[1.260s] DEBUG:colcon.colcon_core.verb:Building package 'sllidar_ros2' with the following arguments: {'ament_cmake_args': None, 'build_base': '/home/scu2u/senior_design/senior_design/ros2_ws/build/sllidar_ros2', 'catkin_cmake_args': None, 'catkin_skip_building_tests': False, 'cmake_args': None, 'cmake_clean_cache': False, 'cmake_clean_first': False, 'cmake_force_configure': False, 'cmake_target': None, 'cmake_target_skip_unavailable': False, 'install_base': '/home/scu2u/senior_design/senior_design/ros2_ws/install/sllidar_ros2', 'merge_install': False, 'path': '/home/scu2u/senior_design/senior_design/ros2_ws/src/sllidar_ros2', 'symlink_install': True, 'test_result_base': None}
[1.260s] INFO:colcon.colcon_core.executor:Executing jobs using 'parallel' executor
[1.262s] DEBUG:colcon.colcon_parallel_executor.executor.parallel:run_until_complete
[1.263s] INFO:colcon.colcon_ros.task.ament_python.build:Building ROS package in '/home/scu2u/senior_design/senior_design/ros2_ws/src/python_package' with build type 'ament_python'
[1.263s] Level 1:colcon.colcon_core.shell:create_environment_hook('python_package', 'ament_prefix_path')
[1.276s] INFO:colcon.colcon_core.plugin_system:Skipping extension 'colcon_core.shell.bat': Not used on non-Windows systems
[1.276s] INFO:colcon.colcon_core.shell:Creating environment hook '/home/scu2u/senior_design/senior_design/ros2_ws/install/python_package/share/python_package/hook/ament_prefix_path.ps1'
[1.280s] INFO:colcon.colcon_core.shell:Creating environment descriptor '/home/scu2u/senior_design/senior_design/ros2_ws/install/python_package/share/python_package/hook/ament_prefix_path.dsv'
[1.281s] INFO:colcon.colcon_core.shell:Creating environment hook '/home/scu2u/senior_design/senior_design/ros2_ws/install/python_package/share/python_package/hook/ament_prefix_path.sh'
[1.284s] INFO:colcon.colcon_core.shell:Skip shell extension 'powershell' for command environment: Not usable outside of PowerShell
[1.284s] DEBUG:colcon.colcon_core.shell:Skip shell extension 'dsv' for command environment
[1.290s] INFO:colcon.colcon_ros.task.ament_cmake.build:Building ROS package in '/home/scu2u/senior_design/senior_design/ros2_ws/src/scu2u_sim' with build type 'ament_cmake'
[1.291s] INFO:colcon.colcon_cmake.task.cmake.build:Building CMake package in '/home/scu2u/senior_design/senior_design/ros2_ws/src/scu2u_sim'
[1.291s] INFO:colcon.colcon_core.shell:Skip shell extension 'powershell' for command environment: Not usable outside of PowerShell
[1.291s] DEBUG:colcon.colcon_core.shell:Skip shell extension 'dsv' for command environment
[1.297s] INFO:colcon.colcon_ros.task.ament_cmake.build:Building ROS package in '/home/scu2u/senior_design/senior_design/ros2_ws/src/sllidar_ros2' with build type 'ament_cmake'
[1.298s] INFO:colcon.colcon_cmake.task.cmake.build:Building CMake package in '/home/scu2u/senior_design/senior_design/ros2_ws/src/sllidar_ros2'
[1.298s] INFO:colcon.colcon_core.shell:Skip shell extension 'powershell' for command environment: Not usable outside of PowerShell
[1.299s] DEBUG:colcon.colcon_core.shell:Skip shell extension 'dsv' for command environment
[1.943s] INFO:colcon.colcon_core.task.python.build:Building Python package in '/home/scu2u/senior_design/senior_design/ros2_ws/src/python_package'
[1.944s] INFO:colcon.colcon_core.shell:Skip shell extension 'powershell' for command environment: Not usable outside of PowerShell
[1.944s] DEBUG:colcon.colcon_core.shell:Skip shell extension 'dsv' for command environment
[1.964s] DEBUG:colcon.colcon_core.event_handler.log_command:Invoking command in '/home/scu2u/senior_design/senior_design/ros2_ws/build/scu2u_sim': CMAKE_PREFIX_PATH=/opt/ros/humble /usr/bin/cmake --build /home/scu2u/senior_design/senior_design/ros2_ws/build/scu2u_sim -- -j6 -l6
[2.008s] DEBUG:colcon.colcon_core.event_handler.log_command:Invoking command in '/home/scu2u/senior_design/senior_design/ros2_ws/build/sllidar_ros2': CMAKE_PREFIX_PATH=/opt/ros/humble /usr/bin/cmake --build /home/scu2u/senior_design/senior_design/ros2_ws/build/sllidar_ros2 -- -j6 -l6
[2.164s] DEBUG:colcon.colcon_core.event_handler.log_command:Invoked command in '/home/scu2u/senior_design/senior_design/ros2_ws/build/scu2u_sim' returned '0': CMAKE_PREFIX_PATH=/opt/ros/humble /usr/bin/cmake --build /home/scu2u/senior_design/senior_design/ros2_ws/build/scu2u_sim -- -j6 -l6
[2.181s] DEBUG:colcon.colcon_core.event_handler.log_command:Invoking command in '/home/scu2u/senior_design/senior_design/ros2_ws/build/scu2u_sim': CMAKE_PREFIX_PATH=/opt/ros/humble /usr/bin/cmake --install /home/scu2u/senior_design/senior_design/ros2_ws/build/scu2u_sim
[2.235s] Level 1:colcon.colcon_core.environment:create_environment_scripts_only(scu2u_sim)
[2.237s] DEBUG:colcon.colcon_core.event_handler.log_command:Invoked command in '/home/scu2u/senior_design/senior_design/ros2_ws/build/scu2u_sim' returned '0': CMAKE_PREFIX_PATH=/opt/ros/humble /usr/bin/cmake --install /home/scu2u/senior_design/senior_design/ros2_ws/build/scu2u_sim
[2.259s] Level 1:colcon.colcon_core.environment:checking '/home/scu2u/senior_design/senior_design/ros2_ws/install/scu2u_sim' for CMake module files
[2.261s] Level 1:colcon.colcon_core.environment:checking '/home/scu2u/senior_design/senior_design/ros2_ws/install/scu2u_sim' for CMake config files
[2.261s] Level 1:colcon.colcon_core.shell:create_environment_hook('scu2u_sim', 'cmake_prefix_path')
[2.262s] INFO:colcon.colcon_core.shell:Creating environment hook '/home/scu2u/senior_design/senior_design/ros2_ws/install/scu2u_sim/share/scu2u_sim/hook/cmake_prefix_path.ps1'
[2.263s] INFO:colcon.colcon_core.shell:Creating environment descriptor '/home/scu2u/senior_design/senior_design/ros2_ws/install/scu2u_sim/share/scu2u_sim/hook/cmake_prefix_path.dsv'
[2.264s] INFO:colcon.colcon_core.shell:Creating environment hook '/home/scu2u/senior_design/senior_design/ros2_ws/install/scu2u_sim/share/scu2u_sim/hook/cmake_prefix_path.sh'
[2.266s] Level 1:colcon.colcon_core.environment:checking '/home/scu2u/senior_design/senior_design/ros2_ws/install/scu2u_sim/bin'
[2.266s] Level 1:colcon.colcon_core.environment:checking '/home/scu2u/senior_design/senior_design/ros2_ws/install/scu2u_sim/lib/pkgconfig/scu2u_sim.pc'
[2.267s] Level 1:colcon.colcon_core.environment:checking '/home/scu2u/senior_design/senior_design/ros2_ws/install/scu2u_sim/lib/python3.10/site-packages'
[2.268s] Level 1:colcon.colcon_core.environment:checking '/home/scu2u/senior_design/senior_design/ros2_ws/install/scu2u_sim/bin'
[2.269s] INFO:colcon.colcon_core.shell:Creating package script '/home/scu2u/senior_design/senior_design/ros2_ws/install/scu2u_sim/share/scu2u_sim/package.ps1'
[2.272s] INFO:colcon.colcon_core.shell:Creating package descriptor '/home/scu2u/senior_design/senior_design/ros2_ws/install/scu2u_sim/share/scu2u_sim/package.dsv'
[2.279s] INFO:colcon.colcon_core.shell:Creating package script '/home/scu2u/senior_design/senior_design/ros2_ws/install/scu2u_sim/share/scu2u_sim/package.sh'
[2.281s] INFO:colcon.colcon_core.shell:Creating package script '/home/scu2u/senior_design/senior_design/ros2_ws/install/scu2u_sim/share/scu2u_sim/package.bash'
[2.285s] INFO:colcon.colcon_core.shell:Creating package script '/home/scu2u/senior_design/senior_design/ros2_ws/install/scu2u_sim/share/scu2u_sim/package.zsh'
[2.289s] Level 1:colcon.colcon_core.environment:create_file_with_runtime_dependencies(/home/scu2u/senior_design/senior_design/ros2_ws/install/scu2u_sim/share/colcon-core/packages/scu2u_sim)
[2.291s] Level 1:colcon.colcon_core.environment:create_environment_scripts_only(scu2u_sim)
[2.292s] Level 1:colcon.colcon_core.environment:checking '/home/scu2u/senior_design/senior_design/ros2_ws/install/scu2u_sim' for CMake module files
[2.293s] Level 1:colcon.colcon_core.environment:checking '/home/scu2u/senior_design/senior_design/ros2_ws/install/scu2u_sim' for CMake config files
[2.293s] Level 1:colcon.colcon_core.shell:create_environment_hook('scu2u_sim', 'cmake_prefix_path')
[2.294s] INFO:colcon.colcon_core.shell:Creating environment hook '/home/scu2u/senior_design/senior_design/ros2_ws/install/scu2u_sim/share/scu2u_sim/hook/cmake_prefix_path.ps1'
[2.295s] INFO:colcon.colcon_core.shell:Creating environment descriptor '/home/scu2u/senior_design/senior_design/ros2_ws/install/scu2u_sim/share/scu2u_sim/hook/cmake_prefix_path.dsv'
[2.296s] INFO:colcon.colcon_core.shell:Creating environment hook '/home/scu2u/senior_design/senior_design/ros2_ws/install/scu2u_sim/share/scu2u_sim/hook/cmake_prefix_path.sh'
[2.298s] Level 1:colcon.colcon_core.environment:checking '/home/scu2u/senior_design/senior_design/ros2_ws/install/scu2u_sim/bin'
[2.298s] Level 1:colcon.colcon_core.environment:checking '/home/scu2u/senior_design/senior_design/ros2_ws/install/scu2u_sim/lib/pkgconfig/scu2u_sim.pc'
[2.298s] Level 1:colcon.colcon_core.environment:checking '/home/scu2u/senior_design/senior_design/ros2_ws/install/scu2u_sim/lib/python3.10/site-packages'
[2.299s] Level 1:colcon.colcon_core.environment:checking '/home/scu2u/senior_design/senior_design/ros2_ws/install/scu2u_sim/bin'
[2.300s] INFO:colcon.colcon_core.shell:Creating package script '/home/scu2u/senior_design/senior_design/ros2_ws/install/scu2u_sim/share/scu2u_sim/package.ps1'
[2.301s] INFO:colcon.colcon_core.shell:Creating package descriptor '/home/scu2u/senior_design/senior_design/ros2_ws/install/scu2u_sim/share/scu2u_sim/package.dsv'
[2.303s] INFO:colcon.colcon_core.shell:Creating package script '/home/scu2u/senior_design/senior_design/ros2_ws/install/scu2u_sim/share/scu2u_sim/package.sh'
[2.304s] INFO:colcon.colcon_core.shell:Creating package script '/home/scu2u/senior_design/senior_design/ros2_ws/install/scu2u_sim/share/scu2u_sim/package.bash'
[2.305s] INFO:colcon.colcon_core.shell:Creating package script '/home/scu2u/senior_design/senior_design/ros2_ws/install/scu2u_sim/share/scu2u_sim/package.zsh'
[2.306s] Level 1:colcon.colcon_core.environment:create_file_with_runtime_dependencies(/home/scu2u/senior_design/senior_design/ros2_ws/install/scu2u_sim/share/colcon-core/packages/scu2u_sim)
[2.343s] DEBUG:colcon.colcon_core.event_handler.log_command:Invoked command in '/home/scu2u/senior_design/senior_design/ros2_ws/build/sllidar_ros2' returned '0': CMAKE_PREFIX_PATH=/opt/ros/humble /usr/bin/cmake --build /home/scu2u/senior_design/senior_design/ros2_ws/build/sllidar_ros2 -- -j6 -l6
[2.349s] DEBUG:colcon.colcon_core.event_handler.log_command:Invoking command in '/home/scu2u/senior_design/senior_design/ros2_ws/build/sllidar_ros2': CMAKE_PREFIX_PATH=/opt/ros/humble /usr/bin/cmake --install /home/scu2u/senior_design/senior_design/ros2_ws/build/sllidar_ros2
[2.403s] Level 1:colcon.colcon_core.environment:create_environment_scripts_only(sllidar_ros2)
[2.403s] Level 1:colcon.colcon_core.environment:checking '/home/scu2u/senior_design/senior_design/ros2_ws/install/sllidar_ros2' for CMake module files
[2.405s] DEBUG:colcon.colcon_core.event_handler.log_command:Invoked command in '/home/scu2u/senior_design/senior_design/ros2_ws/build/sllidar_ros2' returned '0': CMAKE_PREFIX_PATH=/opt/ros/humble /usr/bin/cmake --install /home/scu2u/senior_design/senior_design/ros2_ws/build/sllidar_ros2
[2.406s] Level 1:colcon.colcon_core.environment:checking '/home/scu2u/senior_design/senior_design/ros2_ws/install/sllidar_ros2' for CMake config files
[2.408s] Level 1:colcon.colcon_core.shell:create_environment_hook('sllidar_ros2', 'cmake_prefix_path')
[2.409s] INFO:colcon.colcon_core.shell:Creating environment hook '/home/scu2u/senior_design/senior_design/ros2_ws/install/sllidar_ros2/share/sllidar_ros2/hook/cmake_prefix_path.ps1'
[2.411s] INFO:colcon.colcon_core.shell:Creating environment descriptor '/home/scu2u/senior_design/senior_design/ros2_ws/install/sllidar_ros2/share/sllidar_ros2/hook/cmake_prefix_path.dsv'
[2.412s] INFO:colcon.colcon_core.shell:Creating environment hook '/home/scu2u/senior_design/senior_design/ros2_ws/install/sllidar_ros2/share/sllidar_ros2/hook/cmake_prefix_path.sh'
[2.414s] Level 1:colcon.colcon_core.environment:checking '/home/scu2u/senior_design/senior_design/ros2_ws/install/sllidar_ros2/lib'
[2.415s] Level 1:colcon.colcon_core.environment:checking '/home/scu2u/senior_design/senior_design/ros2_ws/install/sllidar_ros2/bin'
[2.416s] Level 1:colcon.colcon_core.environment:checking '/home/scu2u/senior_design/senior_design/ros2_ws/install/sllidar_ros2/lib/pkgconfig/sllidar_ros2.pc'
[2.416s] Level 1:colcon.colcon_core.environment:checking '/home/scu2u/senior_design/senior_design/ros2_ws/install/sllidar_ros2/lib/python3.10/site-packages'
[2.418s] Level 1:colcon.colcon_core.environment:checking '/home/scu2u/senior_design/senior_design/ros2_ws/install/sllidar_ros2/bin'
[2.419s] INFO:colcon.colcon_core.shell:Creating package script '/home/scu2u/senior_design/senior_design/ros2_ws/install/sllidar_ros2/share/sllidar_ros2/package.ps1'
[2.421s] INFO:colcon.colcon_core.shell:Creating package descriptor '/home/scu2u/senior_design/senior_design/ros2_ws/install/sllidar_ros2/share/sllidar_ros2/package.dsv'
[2.423s] INFO:colcon.colcon_core.shell:Creating package script '/home/scu2u/senior_design/senior_design/ros2_ws/install/sllidar_ros2/share/sllidar_ros2/package.sh'
[2.425s] INFO:colcon.colcon_core.shell:Creating package script '/home/scu2u/senior_design/senior_design/ros2_ws/install/sllidar_ros2/share/sllidar_ros2/package.bash'
[2.426s] INFO:colcon.colcon_core.shell:Creating package script '/home/scu2u/senior_design/senior_design/ros2_ws/install/sllidar_ros2/share/sllidar_ros2/package.zsh'
[2.427s] Level 1:colcon.colcon_core.environment:create_file_with_runtime_dependencies(/home/scu2u/senior_design/senior_design/ros2_ws/install/sllidar_ros2/share/colcon-core/packages/sllidar_ros2)
[2.430s] Level 1:colcon.colcon_core.environment:create_environment_scripts_only(sllidar_ros2)
[2.430s] Level 1:colcon.colcon_core.environment:checking '/home/scu2u/senior_design/senior_design/ros2_ws/install/sllidar_ros2' for CMake module files
[2.432s] Level 1:colcon.colcon_core.environment:checking '/home/scu2u/senior_design/senior_design/ros2_ws/install/sllidar_ros2' for CMake config files
[2.435s] Level 1:colcon.colcon_core.shell:create_environment_hook('sllidar_ros2', 'cmake_prefix_path')
[2.435s] INFO:colcon.colcon_core.shell:Creating environment hook '/home/scu2u/senior_design/senior_design/ros2_ws/install/sllidar_ros2/share/sllidar_ros2/hook/cmake_prefix_path.ps1'
[2.437s] INFO:colcon.colcon_core.shell:Creating environment descriptor '/home/scu2u/senior_design/senior_design/ros2_ws/install/sllidar_ros2/share/sllidar_ros2/hook/cmake_prefix_path.dsv'
[2.439s] INFO:colcon.colcon_core.shell:Creating environment hook '/home/scu2u/senior_design/senior_design/ros2_ws/install/sllidar_ros2/share/sllidar_ros2/hook/cmake_prefix_path.sh'
[2.441s] Level 1:colcon.colcon_core.environment:checking '/home/scu2u/senior_design/senior_design/ros2_ws/install/sllidar_ros2/lib'
[2.442s] Level 1:colcon.colcon_core.environment:checking '/home/scu2u/senior_design/senior_design/ros2_ws/install/sllidar_ros2/bin'
[2.442s] Level 1:colcon.colcon_core.environment:checking '/home/scu2u/senior_design/senior_design/ros2_ws/install/sllidar_ros2/lib/pkgconfig/sllidar_ros2.pc'
[2.444s] Level 1:colcon.colcon_core.environment:checking '/home/scu2u/senior_design/senior_design/ros2_ws/install/sllidar_ros2/lib/python3.10/site-packages'
[2.445s] Level 1:colcon.colcon_core.environment:checking '/home/scu2u/senior_design/senior_design/ros2_ws/install/sllidar_ros2/bin'
[2.446s] INFO:colcon.colcon_core.shell:Creating package script '/home/scu2u/senior_design/senior_design/ros2_ws/install/sllidar_ros2/share/sllidar_ros2/package.ps1'
[2.449s] INFO:colcon.colcon_core.shell:Creating package descriptor '/home/scu2u/senior_design/senior_design/ros2_ws/install/sllidar_ros2/share/sllidar_ros2/package.dsv'
[2.450s] INFO:colcon.colcon_core.shell:Creating package script '/home/scu2u/senior_design/senior_design/ros2_ws/install/sllidar_ros2/share/sllidar_ros2/package.sh'
[2.452s] INFO:colcon.colcon_core.shell:Creating package script '/home/scu2u/senior_design/senior_design/ros2_ws/install/sllidar_ros2/share/sllidar_ros2/package.bash'
[2.454s] INFO:colcon.colcon_core.shell:Creating package script '/home/scu2u/senior_design/senior_design/ros2_ws/install/sllidar_ros2/share/sllidar_ros2/package.zsh'
[2.455s] Level 1:colcon.colcon_core.environment:create_file_with_runtime_dependencies(/home/scu2u/senior_design/senior_design/ros2_ws/install/sllidar_ros2/share/colcon-core/packages/sllidar_ros2)
[2.862s] DEBUG:colcon.colcon_core.event_handler.log_command:Invoking command in '/home/scu2u/senior_design/senior_design/ros2_ws/build/python_package': PYTHONPATH=/home/scu2u/senior_design/senior_design/ros2_ws/build/python_package/prefix_override:/usr/lib/python3/dist-packages/colcon_core/task/python/colcon_distutils_commands:/home/scu2u/senior_design/senior_design/ros2_ws/install/python_package/lib/python3.10/site-packages:${PYTHONPATH} /usr/bin/python3 -W ignore:setup.py install is deprecated -W ignore:easy_install command is deprecated setup.py develop --editable --build-directory /home/scu2u/senior_design/senior_design/ros2_ws/build/python_package/build --no-deps symlink_data
[3.855s] Level 1:colcon.colcon_core.shell:create_environment_hook('python_package', 'pythonpath_develop')
[3.857s] INFO:colcon.colcon_core.shell:Creating environment hook '/home/scu2u/senior_design/senior_design/ros2_ws/build/python_package/share/python_package/hook/pythonpath_develop.ps1'
[3.858s] DEBUG:colcon.colcon_core.event_handler.log_command:Invoked command in '/home/scu2u/senior_design/senior_design/ros2_ws/build/python_package' returned '0': PYTHONPATH=/home/scu2u/senior_design/senior_design/ros2_ws/build/python_package/prefix_override:/usr/lib/python3/dist-packages/colcon_core/task/python/colcon_distutils_commands:/home/scu2u/senior_design/senior_design/ros2_ws/install/python_package/lib/python3.10/site-packages:${PYTHONPATH} /usr/bin/python3 -W ignore:setup.py install is deprecated -W ignore:easy_install command is deprecated setup.py develop --editable --build-directory /home/scu2u/senior_design/senior_design/ros2_ws/build/python_package/build --no-deps symlink_data
[3.860s] INFO:colcon.colcon_core.shell:Creating environment descriptor '/home/scu2u/senior_design/senior_design/ros2_ws/build/python_package/share/python_package/hook/pythonpath_develop.dsv'
[3.862s] INFO:colcon.colcon_core.shell:Creating environment hook '/home/scu2u/senior_design/senior_design/ros2_ws/build/python_package/share/python_package/hook/pythonpath_develop.sh'
[3.864s] Level 1:colcon.colcon_core.environment:checking '/home/scu2u/senior_design/senior_design/ros2_ws/install/python_package' for CMake module files
[3.866s] Level 1:colcon.colcon_core.environment:checking '/home/scu2u/senior_design/senior_design/ros2_ws/install/python_package' for CMake config files
[3.868s] Level 1:colcon.colcon_core.environment:checking '/home/scu2u/senior_design/senior_design/ros2_ws/install/python_package/lib'
[3.868s] Level 1:colcon.colcon_core.environment:checking '/home/scu2u/senior_design/senior_design/ros2_ws/install/python_package/bin'
[3.869s] Level 1:colcon.colcon_core.environment:checking '/home/scu2u/senior_design/senior_design/ros2_ws/install/python_package/lib/pkgconfig/python_package.pc'
[3.870s] Level 1:colcon.colcon_core.environment:checking '/home/scu2u/senior_design/senior_design/ros2_ws/install/python_package/lib/python3.10/site-packages'
[3.870s] Level 1:colcon.colcon_core.shell:create_environment_hook('python_package', 'pythonpath')
[3.871s] INFO:colcon.colcon_core.shell:Creating environment hook '/home/scu2u/senior_design/senior_design/ros2_ws/install/python_package/share/python_package/hook/pythonpath.ps1'
[3.872s] INFO:colcon.colcon_core.shell:Creating environment descriptor '/home/scu2u/senior_design/senior_design/ros2_ws/install/python_package/share/python_package/hook/pythonpath.dsv'
[3.874s] INFO:colcon.colcon_core.shell:Creating environment hook '/home/scu2u/senior_design/senior_design/ros2_ws/install/python_package/share/python_package/hook/pythonpath.sh'
[3.877s] Level 1:colcon.colcon_core.environment:checking '/home/scu2u/senior_design/senior_design/ros2_ws/install/python_package/bin'
[3.877s] Level 1:colcon.colcon_core.environment:create_environment_scripts_only(python_package)
[3.879s] INFO:colcon.colcon_core.shell:Creating package script '/home/scu2u/senior_design/senior_design/ros2_ws/install/python_package/share/python_package/package.ps1'
[3.881s] INFO:colcon.colcon_core.shell:Creating package descriptor '/home/scu2u/senior_design/senior_design/ros2_ws/install/python_package/share/python_package/package.dsv'
[3.883s] INFO:colcon.colcon_core.shell:Creating package script '/home/scu2u/senior_design/senior_design/ros2_ws/install/python_package/share/python_package/package.sh'
[3.885s] INFO:colcon.colcon_core.shell:Creating package script '/home/scu2u/senior_design/senior_design/ros2_ws/install/python_package/share/python_package/package.bash'
[3.886s] INFO:colcon.colcon_core.shell:Creating package script '/home/scu2u/senior_design/senior_design/ros2_ws/install/python_package/share/python_package/package.zsh'
[3.888s] Level 1:colcon.colcon_core.environment:create_file_with_runtime_dependencies(/home/scu2u/senior_design/senior_design/ros2_ws/install/python_package/share/colcon-core/packages/python_package)
[3.888s] DEBUG:colcon.colcon_parallel_executor.executor.parallel:closing loop
[3.890s] DEBUG:colcon.colcon_parallel_executor.executor.parallel:loop closed
[3.890s] DEBUG:colcon.colcon_parallel_executor.executor.parallel:run_until_complete finished with '0'
[3.890s] DEBUG:colcon.colcon_core.event_reactor:joining thread
[3.912s] INFO:colcon.colcon_core.plugin_system:Skipping extension 'colcon_notification.desktop_notification.terminal_notifier': Not used on non-Darwin systems
[3.913s] INFO:colcon.colcon_core.plugin_system:Skipping extension 'colcon_notification.desktop_notification.win32': Not used on non-Windows systems
[3.913s] INFO:colcon.colcon_notification.desktop_notification:Sending desktop notification using 'notify2'
[3.975s] DEBUG:colcon.colcon_core.event_reactor:joined thread
[3.977s] INFO:colcon.colcon_core.shell:Creating prefix script '/home/scu2u/senior_design/senior_design/ros2_ws/install/local_setup.ps1'
[3.981s] INFO:colcon.colcon_core.shell:Creating prefix util module '/home/scu2u/senior_design/senior_design/ros2_ws/install/_local_setup_util_ps1.py'
[3.988s] INFO:colcon.colcon_core.shell:Creating prefix chain script '/home/scu2u/senior_design/senior_design/ros2_ws/install/setup.ps1'
[3.993s] INFO:colcon.colcon_core.shell:Creating prefix script '/home/scu2u/senior_design/senior_design/ros2_ws/install/local_setup.sh'
[3.996s] INFO:colcon.colcon_core.shell:Creating prefix util module '/home/scu2u/senior_design/senior_design/ros2_ws/install/_local_setup_util_sh.py'
[3.998s] INFO:colcon.colcon_core.shell:Creating prefix chain script '/home/scu2u/senior_design/senior_design/ros2_ws/install/setup.sh'
[4.002s] INFO:colcon.colcon_core.shell:Creating prefix script '/home/scu2u/senior_design/senior_design/ros2_ws/install/local_setup.bash'
[4.005s] INFO:colcon.colcon_core.shell:Creating prefix chain script '/home/scu2u/senior_design/senior_design/ros2_ws/install/setup.bash'
[4.009s] INFO:colcon.colcon_core.shell:Creating prefix script '/home/scu2u/senior_design/senior_design/ros2_ws/install/local_setup.zsh'
[4.011s] INFO:colcon.colcon_core.shell:Creating prefix chain script '/home/scu2u/senior_design/senior_design/ros2_ws/install/setup.zsh'
