[3.539s] Invoking command in '/home/scu2u/ros2_ws/build/python_package': PYTHONPATH=/home/scu2u/ros2_ws/build/python_package/prefix_override:/usr/lib/python3/dist-packages/colcon_core/task/python/colcon_distutils_commands:/home/scu2u/ros2_ws/install/python_package/lib/python3.10/site-packages:${PYTHONPATH} /usr/bin/python3 -W ignore:setup.py install is deprecated -W ignore:easy_install command is deprecated setup.py develop --editable --build-directory /home/scu2u/ros2_ws/build/python_package/build --no-deps symlink_data --force
[4.856s] running develop
[5.735s] running egg_info
[5.735s] writing python_package.egg-info/PKG-INFO
[5.737s] writing dependency_links to python_package.egg-info/dependency_links.txt
[5.738s] writing entry points to python_package.egg-info/entry_points.txt
[5.739s] writing requirements to python_package.egg-info/requires.txt
[5.740s] writing top-level names to python_package.egg-info/top_level.txt
[5.749s] reading manifest file 'python_package.egg-info/SOURCES.txt'
[5.753s] writing manifest file 'python_package.egg-info/SOURCES.txt'
[5.759s] running build_ext
[5.759s] Creating /home/scu2u/ros2_ws/install/python_package/lib/python3.10/site-packages/python-package.egg-link (link to .)
[5.763s] Installing log_imu_data_wifi script to /home/scu2u/ros2_ws/install/python_package/lib/python_package
[5.764s] Installing send_commands script to /home/scu2u/ros2_ws/install/python_package/lib/python_package
[5.765s] Installing test_pub script to /home/scu2u/ros2_ws/install/python_package/lib/python_package
[5.766s] Installing test_sub script to /home/scu2u/ros2_ws/install/python_package/lib/python_package
[5.773s] 
[5.777s] Installed /home/scu2u/ros2_ws/build/python_package
[5.778s] running symlink_data
[5.780s] symbolically linking /home/scu2u/ros2_ws/build/python_package/resource/python_package -> /home/scu2u/ros2_ws/install/python_package/share/ament_index/resource_index/packages
[5.781s] symbolically linking /home/scu2u/ros2_ws/build/python_package/package.xml -> /home/scu2u/ros2_ws/install/python_package/share/python_package
[5.918s] Invoked command in '/home/scu2u/ros2_ws/build/python_package' returned '0': PYTHONPATH=/home/scu2u/ros2_ws/build/python_package/prefix_override:/usr/lib/python3/dist-packages/colcon_core/task/python/colcon_distutils_commands:/home/scu2u/ros2_ws/install/python_package/lib/python3.10/site-packages:${PYTHONPATH} /usr/bin/python3 -W ignore:setup.py install is deprecated -W ignore:easy_install command is deprecated setup.py develop --editable --build-directory /home/scu2u/ros2_ws/build/python_package/build --no-deps symlink_data --force
