[4.584s] Invoking command in '/home/scu2u/ros2_ws/src/python_package': PYTHONPATH=/home/scu2u/ros2_ws/build/python_package/prefix_override:/usr/lib/python3/dist-packages/colcon_core/task/python/colcon_distutils_commands:/home/scu2u/ros2_ws/install/python_package/lib/python3.10/site-packages:${PYTHONPATH} /usr/bin/python3 -W ignore:setup.py install is deprecated -W ignore:easy_install command is deprecated setup.py egg_info --egg-base ../../build/python_package build --build-base /home/scu2u/ros2_ws/build/python_package/build install --record /home/scu2u/ros2_ws/build/python_package/install.log --single-version-externally-managed install_data
[6.383s] running egg_info
[6.389s] writing ../../build/python_package/python_package.egg-info/PKG-INFO
[6.390s] writing dependency_links to ../../build/python_package/python_package.egg-info/dependency_links.txt
[6.392s] writing entry points to ../../build/python_package/python_package.egg-info/entry_points.txt
[6.395s] writing requirements to ../../build/python_package/python_package.egg-info/requires.txt
[6.396s] writing top-level names to ../../build/python_package/python_package.egg-info/top_level.txt
[6.412s] reading manifest file '../../build/python_package/python_package.egg-info/SOURCES.txt'
[6.418s] writing manifest file '../../build/python_package/python_package.egg-info/SOURCES.txt'
[6.420s] running build
[6.420s] running build_py
[6.427s] running install
[6.429s] running install_lib
[6.437s] running install_data
[6.438s] running install_egg_info
[6.451s] removing '/home/scu2u/ros2_ws/install/python_package/lib/python3.10/site-packages/python_package-0.0.0-py3.10.egg-info' (and everything under it)
[6.454s] Copying ../../build/python_package/python_package.egg-info to /home/scu2u/ros2_ws/install/python_package/lib/python3.10/site-packages/python_package-0.0.0-py3.10.egg-info
[6.467s] running install_scripts
[6.585s] Installing log_imu_data_wifi script to /home/scu2u/ros2_ws/install/python_package/lib/python_package
[6.590s] Installing send_commands script to /home/scu2u/ros2_ws/install/python_package/lib/python_package
[6.592s] Installing test_pub script to /home/scu2u/ros2_ws/install/python_package/lib/python_package
[6.593s] Installing test_sub script to /home/scu2u/ros2_ws/install/python_package/lib/python_package
[6.599s] writing list of installed files to '/home/scu2u/ros2_ws/build/python_package/install.log'
[6.788s] Invoked command in '/home/scu2u/ros2_ws/src/python_package' returned '0': PYTHONPATH=/home/scu2u/ros2_ws/build/python_package/prefix_override:/usr/lib/python3/dist-packages/colcon_core/task/python/colcon_distutils_commands:/home/scu2u/ros2_ws/install/python_package/lib/python3.10/site-packages:${PYTHONPATH} /usr/bin/python3 -W ignore:setup.py install is deprecated -W ignore:easy_install command is deprecated setup.py egg_info --egg-base ../../build/python_package build --build-base /home/scu2u/ros2_ws/build/python_package/build install --record /home/scu2u/ros2_ws/build/python_package/install.log --single-version-externally-managed install_data
