[1.073s] Invoking command in '/home/scu2u/ros2_ws/build/scu2u_sim': /usr/bin/cmake /home/scu2u/ros2_ws/src/scu2u_sim -DAMENT_CMAKE_SYMLINK_INSTALL=1 -DCMAKE_INSTALL_PREFIX=/home/scu2u/ros2_ws/install/scu2u_sim
[1.363s] -- Found ament_cmake: 1.3.12 (/opt/ros/humble/share/ament_cmake/cmake)
[2.076s] Traceback (most recent call last):
[2.078s]   File "/opt/ros/humble/share/ament_cmake_core/cmake/package_templates/templates_2_cmake.py", line 21, in <module>
[2.080s]     from ament_package.templates import get_environment_hook_template_path
[2.081s] ModuleNotFoundError: No module named 'ament_package'
[2.156s] [31mCMake Error at /opt/ros/humble/share/ament_cmake_core/cmake/ament_cmake_package_templates-extras.cmake:41 (message):
[2.156s]   execute_process(/usr/bin/python3
[2.157s]   /opt/ros/humble/share/ament_cmake_core/cmake/package_templates/templates_2_cmake.py
[2.157s]   /home/scu2u/ros2_ws/build/scu2u_sim/ament_cmake_package_templates/templates.cmake)
[2.158s]   returned error code 1
[2.159s] Call Stack (most recent call first):
[2.159s]   /opt/ros/humble/share/ament_cmake_core/cmake/ament_cmake_coreConfig.cmake:41 (include)
[2.160s]   /opt/ros/humble/share/ament_cmake/cmake/ament_cmake_export_dependencies-extras.cmake:15 (find_package)
[2.160s]   /opt/ros/humble/share/ament_cmake/cmake/ament_cmakeConfig.cmake:41 (include)
[2.160s]   CMakeLists.txt:9 (find_package)
[2.161s] 
[2.161s] [0m
[2.162s] -- Configuring incomplete, errors occurred!
[2.162s] See also "/home/scu2u/ros2_ws/build/scu2u_sim/CMakeFiles/CMakeOutput.log".
[2.176s] Invoked command in '/home/scu2u/ros2_ws/build/scu2u_sim' returned '1': /usr/bin/cmake /home/scu2u/ros2_ws/src/scu2u_sim -DAMENT_CMAKE_SYMLINK_INSTALL=1 -DCMAKE_INSTALL_PREFIX=/home/scu2u/ros2_ws/install/scu2u_sim
