[3.739s] Invoking command in '/home/scu2u/ros2_ws/src/python_package': PYTHONPATH=/home/scu2u/ros2_ws/build/python_package/prefix_override:/usr/lib/python3/dist-packages/colcon_core/task/python/colcon_distutils_commands:/home/scu2u/ros2_ws/install/python_package/lib/python3.10/site-packages:${PYTHONPATH} /usr/bin/python3 -W ignore:setup.py install is deprecated -W ignore:easy_install command is deprecated setup.py egg_info --egg-base ../../build/python_package build --build-base /home/scu2u/ros2_ws/build/python_package/build install --record /home/scu2u/ros2_ws/build/python_package/install.log --single-version-externally-managed install_data
[5.129s] running egg_info
[5.132s] writing ../../build/python_package/python_package.egg-info/PKG-INFO
[5.133s] writing dependency_links to ../../build/python_package/python_package.egg-info/dependency_links.txt
[5.134s] writing entry points to ../../build/python_package/python_package.egg-info/entry_points.txt
[5.135s] writing requirements to ../../build/python_package/python_package.egg-info/requires.txt
[5.136s] writing top-level names to ../../build/python_package/python_package.egg-info/top_level.txt
[5.144s] reading manifest file '../../build/python_package/python_package.egg-info/SOURCES.txt'
[5.149s] writing manifest file '../../build/python_package/python_package.egg-info/SOURCES.txt'
[5.150s] running build
[5.150s] running build_py
[5.154s] running install
[5.155s] running install_lib
[5.164s] running install_data
[5.165s] running install_egg_info
[5.185s] removing '/home/scu2u/ros2_ws/install/python_package/lib/python3.10/site-packages/python_package-0.0.0-py3.10.egg-info' (and everything under it)
[5.188s] Copying ../../build/python_package/python_package.egg-info to /home/scu2u/ros2_ws/install/python_package/lib/python3.10/site-packages/python_package-0.0.0-py3.10.egg-info
[5.194s] running install_scripts
[5.289s] Installing log_imu_data_wifi script to /home/scu2u/ros2_ws/install/python_package/lib/python_package
[5.290s] Installing send_commands script to /home/scu2u/ros2_ws/install/python_package/lib/python_package
[5.291s] Installing test_pub script to /home/scu2u/ros2_ws/install/python_package/lib/python_package
[5.292s] Installing test_sub script to /home/scu2u/ros2_ws/install/python_package/lib/python_package
[5.295s] writing list of installed files to '/home/scu2u/ros2_ws/build/python_package/install.log'
[5.450s] Invoked command in '/home/scu2u/ros2_ws/src/python_package' returned '0': PYTHONPATH=/home/scu2u/ros2_ws/build/python_package/prefix_override:/usr/lib/python3/dist-packages/colcon_core/task/python/colcon_distutils_commands:/home/scu2u/ros2_ws/install/python_package/lib/python3.10/site-packages:${PYTHONPATH} /usr/bin/python3 -W ignore:setup.py install is deprecated -W ignore:easy_install command is deprecated setup.py egg_info --egg-base ../../build/python_package build --build-base /home/scu2u/ros2_ws/build/python_package/build install --record /home/scu2u/ros2_ws/build/python_package/install.log --single-version-externally-managed install_data
