[0.512s] DEBUG:colcon:Command line arguments: ['/usr/bin/colcon', 'build']
[0.513s] DEBUG:colcon:Parsed command line arguments: Namespace(log_base=None, log_level=None, verb_name='build', build_base='build', install_base='install', merge_install=False, symlink_install=False, test_result_base=None, continue_on_error=False, executor='parallel', parallel_workers=4, event_handlers=None, ignore_user_meta=False, metas=['./colcon.meta'], base_paths=['.'], packages_ignore=None, packages_ignore_regex=None, paths=None, packages_up_to=None, packages_up_to_regex=None, packages_above=None, packages_above_and_dependencies=None, packages_above_depth=None, packages_select_by_dep=None, packages_skip_by_dep=None, packages_skip_up_to=None, packages_select_build_failed=False, packages_skip_build_finished=False, packages_select_test_failures=False, packages_skip_test_passed=False, packages_select=None, packages_skip=None, packages_select_regex=None, packages_skip_regex=None, packages_start=None, packages_end=None, allow_overriding=[], cmake_args=None, cmake_target=None, cmake_target_skip_unavailable=False, cmake_clean_cache=False, cmake_clean_first=False, cmake_force_configure=False, ament_cmake_args=None, catkin_cmake_args=None, catkin_skip_building_tests=False, mixin_files=None, mixin=None, verb_parser=<colcon_mixin.mixin.mixin_argument.MixinArgumentDecorator object at 0xffffa3c393c0>, verb_extension=<colcon_core.verb.build.BuildVerb object at 0xffffa3dee3b0>, main=<bound method BuildVerb.main of <colcon_core.verb.build.BuildVerb object at 0xffffa3dee3b0>>, mixin_verb=('build',))
[1.512s] Level 1:colcon.colcon_core.package_discovery:discover_packages(colcon_meta) check parameters
[1.513s] Level 1:colcon.colcon_core.package_discovery:discover_packages(recursive) check parameters
[1.513s] Level 1:colcon.colcon_core.package_discovery:discover_packages(ignore) check parameters
[1.513s] Level 1:colcon.colcon_core.package_discovery:discover_packages(path) check parameters
[1.513s] Level 1:colcon.colcon_core.package_discovery:discover_packages(colcon_meta) discover
[1.514s] Level 1:colcon.colcon_core.package_discovery:discover_packages(recursive) discover
[1.514s] INFO:colcon.colcon_core.package_discovery:Crawling recursively for packages in '/home/scu2u/ros2_ws'
[1.514s] Level 1:colcon.colcon_core.package_identification:_identify(.) by extensions ['ignore', 'ignore_ament_install']
[1.515s] Level 1:colcon.colcon_core.package_identification:_identify(.) by extension 'ignore'
[1.515s] Level 1:colcon.colcon_core.package_identification:_identify(.) by extension 'ignore_ament_install'
[1.515s] Level 1:colcon.colcon_core.package_identification:_identify(.) by extensions ['colcon_pkg']
[1.515s] Level 1:colcon.colcon_core.package_identification:_identify(.) by extension 'colcon_pkg'
[1.516s] Level 1:colcon.colcon_core.package_identification:_identify(.) by extensions ['colcon_meta']
[1.516s] Level 1:colcon.colcon_core.package_identification:_identify(.) by extension 'colcon_meta'
[1.516s] Level 1:colcon.colcon_core.package_identification:_identify(.) by extensions ['ros']
[1.516s] Level 1:colcon.colcon_core.package_identification:_identify(.) by extension 'ros'
[1.561s] Level 1:colcon.colcon_core.package_identification:_identify(.) by extensions ['cmake', 'python']
[1.561s] Level 1:colcon.colcon_core.package_identification:_identify(.) by extension 'cmake'
[1.561s] Level 1:colcon.colcon_core.package_identification:_identify(.) by extension 'python'
[1.561s] Level 1:colcon.colcon_core.package_identification:_identify(.) by extensions ['python_setup_py']
[1.561s] Level 1:colcon.colcon_core.package_identification:_identify(.) by extension 'python_setup_py'
[1.562s] Level 1:colcon.colcon_core.package_identification:_identify(build) by extensions ['ignore', 'ignore_ament_install']
[1.562s] Level 1:colcon.colcon_core.package_identification:_identify(build) by extension 'ignore'
[1.563s] Level 1:colcon.colcon_core.package_identification:_identify(build) ignored
[1.563s] Level 1:colcon.colcon_core.package_identification:_identify(install) by extensions ['ignore', 'ignore_ament_install']
[1.564s] Level 1:colcon.colcon_core.package_identification:_identify(install) by extension 'ignore'
[1.564s] Level 1:colcon.colcon_core.package_identification:_identify(install) ignored
[1.565s] Level 1:colcon.colcon_core.package_identification:_identify(log) by extensions ['ignore', 'ignore_ament_install']
[1.565s] Level 1:colcon.colcon_core.package_identification:_identify(log) by extension 'ignore'
[1.565s] Level 1:colcon.colcon_core.package_identification:_identify(log) ignored
[1.566s] Level 1:colcon.colcon_core.package_identification:_identify(src) by extensions ['ignore', 'ignore_ament_install']
[1.566s] Level 1:colcon.colcon_core.package_identification:_identify(src) by extension 'ignore'
[1.566s] Level 1:colcon.colcon_core.package_identification:_identify(src) by extension 'ignore_ament_install'
[1.566s] Level 1:colcon.colcon_core.package_identification:_identify(src) by extensions ['colcon_pkg']
[1.567s] Level 1:colcon.colcon_core.package_identification:_identify(src) by extension 'colcon_pkg'
[1.567s] Level 1:colcon.colcon_core.package_identification:_identify(src) by extensions ['colcon_meta']
[1.567s] Level 1:colcon.colcon_core.package_identification:_identify(src) by extension 'colcon_meta'
[1.567s] Level 1:colcon.colcon_core.package_identification:_identify(src) by extensions ['ros']
[1.567s] Level 1:colcon.colcon_core.package_identification:_identify(src) by extension 'ros'
[1.568s] Level 1:colcon.colcon_core.package_identification:_identify(src) by extensions ['cmake', 'python']
[1.568s] Level 1:colcon.colcon_core.package_identification:_identify(src) by extension 'cmake'
[1.568s] Level 1:colcon.colcon_core.package_identification:_identify(src) by extension 'python'
[1.568s] Level 1:colcon.colcon_core.package_identification:_identify(src) by extensions ['python_setup_py']
[1.568s] Level 1:colcon.colcon_core.package_identification:_identify(src) by extension 'python_setup_py'
[1.569s] Level 1:colcon.colcon_core.package_identification:_identify(src/python_package) by extensions ['ignore', 'ignore_ament_install']
[1.569s] Level 1:colcon.colcon_core.package_identification:_identify(src/python_package) by extension 'ignore'
[1.569s] Level 1:colcon.colcon_core.package_identification:_identify(src/python_package) by extension 'ignore_ament_install'
[1.570s] Level 1:colcon.colcon_core.package_identification:_identify(src/python_package) by extensions ['colcon_pkg']
[1.570s] Level 1:colcon.colcon_core.package_identification:_identify(src/python_package) by extension 'colcon_pkg'
[1.570s] Level 1:colcon.colcon_core.package_identification:_identify(src/python_package) by extensions ['colcon_meta']
[1.570s] Level 1:colcon.colcon_core.package_identification:_identify(src/python_package) by extension 'colcon_meta'
[1.570s] Level 1:colcon.colcon_core.package_identification:_identify(src/python_package) by extensions ['ros']
[1.570s] Level 1:colcon.colcon_core.package_identification:_identify(src/python_package) by extension 'ros'
[1.579s] DEBUG:colcon.colcon_core.package_identification:Package 'src/python_package' with type 'ros.ament_python' and name 'python_package'
[1.580s] Level 1:colcon.colcon_core.package_identification:_identify(src/scu2u_description) by extensions ['ignore', 'ignore_ament_install']
[1.580s] Level 1:colcon.colcon_core.package_identification:_identify(src/scu2u_description) by extension 'ignore'
[1.580s] Level 1:colcon.colcon_core.package_identification:_identify(src/scu2u_description) by extension 'ignore_ament_install'
[1.581s] Level 1:colcon.colcon_core.package_identification:_identify(src/scu2u_description) by extensions ['colcon_pkg']
[1.581s] Level 1:colcon.colcon_core.package_identification:_identify(src/scu2u_description) by extension 'colcon_pkg'
[1.581s] Level 1:colcon.colcon_core.package_identification:_identify(src/scu2u_description) by extensions ['colcon_meta']
[1.581s] Level 1:colcon.colcon_core.package_identification:_identify(src/scu2u_description) by extension 'colcon_meta'
[1.581s] Level 1:colcon.colcon_core.package_identification:_identify(src/scu2u_description) by extensions ['ros']
[1.581s] Level 1:colcon.colcon_core.package_identification:_identify(src/scu2u_description) by extension 'ros'
[1.582s] Level 1:colcon.colcon_core.package_identification:_identify(src/scu2u_description) by extensions ['cmake', 'python']
[1.582s] Level 1:colcon.colcon_core.package_identification:_identify(src/scu2u_description) by extension 'cmake'
[1.582s] Level 1:colcon.colcon_core.package_identification:_identify(src/scu2u_description) by extension 'python'
[1.582s] Level 1:colcon.colcon_core.package_identification:_identify(src/scu2u_description) by extensions ['python_setup_py']
[1.582s] Level 1:colcon.colcon_core.package_identification:_identify(src/scu2u_description) by extension 'python_setup_py'
[1.583s] Level 1:colcon.colcon_core.package_identification:_identify(src/scu2u_description/launch) by extensions ['ignore', 'ignore_ament_install']
[1.583s] Level 1:colcon.colcon_core.package_identification:_identify(src/scu2u_description/launch) by extension 'ignore'
[1.584s] Level 1:colcon.colcon_core.package_identification:_identify(src/scu2u_description/launch) by extension 'ignore_ament_install'
[1.584s] Level 1:colcon.colcon_core.package_identification:_identify(src/scu2u_description/launch) by extensions ['colcon_pkg']
[1.584s] Level 1:colcon.colcon_core.package_identification:_identify(src/scu2u_description/launch) by extension 'colcon_pkg'
[1.584s] Level 1:colcon.colcon_core.package_identification:_identify(src/scu2u_description/launch) by extensions ['colcon_meta']
[1.584s] Level 1:colcon.colcon_core.package_identification:_identify(src/scu2u_description/launch) by extension 'colcon_meta'
[1.585s] Level 1:colcon.colcon_core.package_identification:_identify(src/scu2u_description/launch) by extensions ['ros']
[1.585s] Level 1:colcon.colcon_core.package_identification:_identify(src/scu2u_description/launch) by extension 'ros'
[1.585s] Level 1:colcon.colcon_core.package_identification:_identify(src/scu2u_description/launch) by extensions ['cmake', 'python']
[1.585s] Level 1:colcon.colcon_core.package_identification:_identify(src/scu2u_description/launch) by extension 'cmake'
[1.586s] Level 1:colcon.colcon_core.package_identification:_identify(src/scu2u_description/launch) by extension 'python'
[1.586s] Level 1:colcon.colcon_core.package_identification:_identify(src/scu2u_description/launch) by extensions ['python_setup_py']
[1.586s] Level 1:colcon.colcon_core.package_identification:_identify(src/scu2u_description/launch) by extension 'python_setup_py'
[1.586s] Level 1:colcon.colcon_core.package_identification:_identify(src/scu2u_description/urdf) by extensions ['ignore', 'ignore_ament_install']
[1.587s] Level 1:colcon.colcon_core.package_identification:_identify(src/scu2u_description/urdf) by extension 'ignore'
[1.587s] Level 1:colcon.colcon_core.package_identification:_identify(src/scu2u_description/urdf) by extension 'ignore_ament_install'
[1.587s] Level 1:colcon.colcon_core.package_identification:_identify(src/scu2u_description/urdf) by extensions ['colcon_pkg']
[1.587s] Level 1:colcon.colcon_core.package_identification:_identify(src/scu2u_description/urdf) by extension 'colcon_pkg'
[1.588s] Level 1:colcon.colcon_core.package_identification:_identify(src/scu2u_description/urdf) by extensions ['colcon_meta']
[1.588s] Level 1:colcon.colcon_core.package_identification:_identify(src/scu2u_description/urdf) by extension 'colcon_meta'
[1.588s] Level 1:colcon.colcon_core.package_identification:_identify(src/scu2u_description/urdf) by extensions ['ros']
[1.588s] Level 1:colcon.colcon_core.package_identification:_identify(src/scu2u_description/urdf) by extension 'ros'
[1.589s] Level 1:colcon.colcon_core.package_identification:_identify(src/scu2u_description/urdf) by extensions ['cmake', 'python']
[1.589s] Level 1:colcon.colcon_core.package_identification:_identify(src/scu2u_description/urdf) by extension 'cmake'
[1.589s] Level 1:colcon.colcon_core.package_identification:_identify(src/scu2u_description/urdf) by extension 'python'
[1.590s] Level 1:colcon.colcon_core.package_identification:_identify(src/scu2u_description/urdf) by extensions ['python_setup_py']
[1.590s] Level 1:colcon.colcon_core.package_identification:_identify(src/scu2u_description/urdf) by extension 'python_setup_py'
[1.591s] Level 1:colcon.colcon_core.package_identification:_identify(src/scu2u_description/worlds) by extensions ['ignore', 'ignore_ament_install']
[1.591s] Level 1:colcon.colcon_core.package_identification:_identify(src/scu2u_description/worlds) by extension 'ignore'
[1.592s] Level 1:colcon.colcon_core.package_identification:_identify(src/scu2u_description/worlds) by extension 'ignore_ament_install'
[1.593s] Level 1:colcon.colcon_core.package_identification:_identify(src/scu2u_description/worlds) by extensions ['colcon_pkg']
[1.593s] Level 1:colcon.colcon_core.package_identification:_identify(src/scu2u_description/worlds) by extension 'colcon_pkg'
[1.593s] Level 1:colcon.colcon_core.package_identification:_identify(src/scu2u_description/worlds) by extensions ['colcon_meta']
[1.594s] Level 1:colcon.colcon_core.package_identification:_identify(src/scu2u_description/worlds) by extension 'colcon_meta'
[1.594s] Level 1:colcon.colcon_core.package_identification:_identify(src/scu2u_description/worlds) by extensions ['ros']
[1.594s] Level 1:colcon.colcon_core.package_identification:_identify(src/scu2u_description/worlds) by extension 'ros'
[1.594s] Level 1:colcon.colcon_core.package_identification:_identify(src/scu2u_description/worlds) by extensions ['cmake', 'python']
[1.595s] Level 1:colcon.colcon_core.package_identification:_identify(src/scu2u_description/worlds) by extension 'cmake'
[1.595s] Level 1:colcon.colcon_core.package_identification:_identify(src/scu2u_description/worlds) by extension 'python'
[1.595s] Level 1:colcon.colcon_core.package_identification:_identify(src/scu2u_description/worlds) by extensions ['python_setup_py']
[1.595s] Level 1:colcon.colcon_core.package_identification:_identify(src/scu2u_description/worlds) by extension 'python_setup_py'
[1.596s] Level 1:colcon.colcon_core.package_identification:_identify(src/scu2u_sim) by extensions ['ignore', 'ignore_ament_install']
[1.596s] Level 1:colcon.colcon_core.package_identification:_identify(src/scu2u_sim) by extension 'ignore'
[1.596s] Level 1:colcon.colcon_core.package_identification:_identify(src/scu2u_sim) by extension 'ignore_ament_install'
[1.597s] Level 1:colcon.colcon_core.package_identification:_identify(src/scu2u_sim) by extensions ['colcon_pkg']
[1.597s] Level 1:colcon.colcon_core.package_identification:_identify(src/scu2u_sim) by extension 'colcon_pkg'
[1.597s] Level 1:colcon.colcon_core.package_identification:_identify(src/scu2u_sim) by extensions ['colcon_meta']
[1.597s] Level 1:colcon.colcon_core.package_identification:_identify(src/scu2u_sim) by extension 'colcon_meta'
[1.597s] Level 1:colcon.colcon_core.package_identification:_identify(src/scu2u_sim) by extensions ['ros']
[1.597s] Level 1:colcon.colcon_core.package_identification:_identify(src/scu2u_sim) by extension 'ros'
[1.600s] DEBUG:colcon.colcon_core.package_identification:Package 'src/scu2u_sim' with type 'ros.ament_cmake' and name 'scu2u_sim'
[1.600s] Level 1:colcon.colcon_core.package_discovery:discover_packages(recursive) using defaults
[1.601s] Level 1:colcon.colcon_core.package_discovery:discover_packages(ignore) discover
[1.601s] Level 1:colcon.colcon_core.package_discovery:discover_packages(ignore) using defaults
[1.601s] Level 1:colcon.colcon_core.package_discovery:discover_packages(path) discover
[1.601s] Level 1:colcon.colcon_core.package_discovery:discover_packages(path) using defaults
[1.721s] Level 1:colcon.colcon_core.package_discovery:discover_packages(prefix_path) check parameters
[1.721s] Level 1:colcon.colcon_core.package_discovery:discover_packages(prefix_path) discover
[1.736s] DEBUG:colcon.colcon_installed_package_information.package_discovery:Found 287 installed packages in /opt/ros/humble
[1.743s] Level 1:colcon.colcon_core.package_discovery:discover_packages(prefix_path) using defaults
[1.923s] Level 5:colcon.colcon_core.verb:set package 'python_package' build argument 'cmake_args' from command line to 'None'
[1.923s] Level 5:colcon.colcon_core.verb:set package 'python_package' build argument 'cmake_target' from command line to 'None'
[1.924s] Level 5:colcon.colcon_core.verb:set package 'python_package' build argument 'cmake_target_skip_unavailable' from command line to 'False'
[1.924s] Level 5:colcon.colcon_core.verb:set package 'python_package' build argument 'cmake_clean_cache' from command line to 'False'
[1.924s] Level 5:colcon.colcon_core.verb:set package 'python_package' build argument 'cmake_clean_first' from command line to 'False'
[1.924s] Level 5:colcon.colcon_core.verb:set package 'python_package' build argument 'cmake_force_configure' from command line to 'False'
[1.924s] Level 5:colcon.colcon_core.verb:set package 'python_package' build argument 'ament_cmake_args' from command line to 'None'
[1.924s] Level 5:colcon.colcon_core.verb:set package 'python_package' build argument 'catkin_cmake_args' from command line to 'None'
[1.924s] Level 5:colcon.colcon_core.verb:set package 'python_package' build argument 'catkin_skip_building_tests' from command line to 'False'
[1.924s] DEBUG:colcon.colcon_core.verb:Building package 'python_package' with the following arguments: {'ament_cmake_args': None, 'build_base': '/home/scu2u/ros2_ws/build/python_package', 'catkin_cmake_args': None, 'catkin_skip_building_tests': False, 'cmake_args': None, 'cmake_clean_cache': False, 'cmake_clean_first': False, 'cmake_force_configure': False, 'cmake_target': None, 'cmake_target_skip_unavailable': False, 'install_base': '/home/scu2u/ros2_ws/install/python_package', 'merge_install': False, 'path': '/home/scu2u/ros2_ws/src/python_package', 'symlink_install': False, 'test_result_base': None}
[1.926s] Level 5:colcon.colcon_core.verb:set package 'scu2u_sim' build argument 'cmake_args' from command line to 'None'
[1.926s] Level 5:colcon.colcon_core.verb:set package 'scu2u_sim' build argument 'cmake_target' from command line to 'None'
[1.926s] Level 5:colcon.colcon_core.verb:set package 'scu2u_sim' build argument 'cmake_target_skip_unavailable' from command line to 'False'
[1.927s] Level 5:colcon.colcon_core.verb:set package 'scu2u_sim' build argument 'cmake_clean_cache' from command line to 'False'
[1.927s] Level 5:colcon.colcon_core.verb:set package 'scu2u_sim' build argument 'cmake_clean_first' from command line to 'False'
[1.927s] Level 5:colcon.colcon_core.verb:set package 'scu2u_sim' build argument 'cmake_force_configure' from command line to 'False'
[1.927s] Level 5:colcon.colcon_core.verb:set package 'scu2u_sim' build argument 'ament_cmake_args' from command line to 'None'
[1.927s] Level 5:colcon.colcon_core.verb:set package 'scu2u_sim' build argument 'catkin_cmake_args' from command line to 'None'
[1.927s] Level 5:colcon.colcon_core.verb:set package 'scu2u_sim' build argument 'catkin_skip_building_tests' from command line to 'False'
[1.927s] DEBUG:colcon.colcon_core.verb:Building package 'scu2u_sim' with the following arguments: {'ament_cmake_args': None, 'build_base': '/home/scu2u/ros2_ws/build/scu2u_sim', 'catkin_cmake_args': None, 'catkin_skip_building_tests': False, 'cmake_args': None, 'cmake_clean_cache': False, 'cmake_clean_first': False, 'cmake_force_configure': False, 'cmake_target': None, 'cmake_target_skip_unavailable': False, 'install_base': '/home/scu2u/ros2_ws/install/scu2u_sim', 'merge_install': False, 'path': '/home/scu2u/ros2_ws/src/scu2u_sim', 'symlink_install': False, 'test_result_base': None}
[1.928s] INFO:colcon.colcon_core.executor:Executing jobs using 'parallel' executor
[1.931s] DEBUG:colcon.colcon_parallel_executor.executor.parallel:run_until_complete
[1.933s] INFO:colcon.colcon_ros.task.ament_python.build:Building ROS package in '/home/scu2u/ros2_ws/src/python_package' with build type 'ament_python'
[1.933s] Level 1:colcon.colcon_core.shell:create_environment_hook('python_package', 'ament_prefix_path')
[1.945s] INFO:colcon.colcon_core.plugin_system:Skipping extension 'colcon_core.shell.bat': Not used on non-Windows systems
[1.946s] INFO:colcon.colcon_core.shell:Creating environment hook '/home/scu2u/ros2_ws/install/python_package/share/python_package/hook/ament_prefix_path.ps1'
[1.949s] INFO:colcon.colcon_core.shell:Creating environment descriptor '/home/scu2u/ros2_ws/install/python_package/share/python_package/hook/ament_prefix_path.dsv'
[1.953s] INFO:colcon.colcon_core.shell:Creating environment hook '/home/scu2u/ros2_ws/install/python_package/share/python_package/hook/ament_prefix_path.sh'
[1.958s] INFO:colcon.colcon_core.shell:Skip shell extension 'powershell' for command environment: Not usable outside of PowerShell
[1.958s] DEBUG:colcon.colcon_core.shell:Skip shell extension 'dsv' for command environment
[1.977s] INFO:colcon.colcon_ros.task.ament_cmake.build:Building ROS package in '/home/scu2u/ros2_ws/src/scu2u_sim' with build type 'ament_cmake'
[1.978s] INFO:colcon.colcon_cmake.task.cmake.build:Building CMake package in '/home/scu2u/ros2_ws/src/scu2u_sim'
[1.981s] INFO:colcon.colcon_core.shell:Skip shell extension 'powershell' for command environment: Not usable outside of PowerShell
[1.983s] DEBUG:colcon.colcon_core.shell:Skip shell extension 'dsv' for command environment
[3.563s] INFO:colcon.colcon_core.task.python.build:Building Python package in '/home/scu2u/ros2_ws/src/python_package'
[3.564s] INFO:colcon.colcon_core.shell:Skip shell extension 'powershell' for command environment: Not usable outside of PowerShell
[3.565s] DEBUG:colcon.colcon_core.shell:Skip shell extension 'dsv' for command environment
[3.616s] DEBUG:colcon.colcon_core.event_handler.log_command:Invoking command in '/home/scu2u/ros2_ws/build/scu2u_sim': CMAKE_PREFIX_PATH=/opt/ros/humble /usr/bin/cmake --build /home/scu2u/ros2_ws/build/scu2u_sim -- -j4 -l4
[3.812s] DEBUG:colcon.colcon_core.event_handler.log_command:Invoked command in '/home/scu2u/ros2_ws/build/scu2u_sim' returned '0': CMAKE_PREFIX_PATH=/opt/ros/humble /usr/bin/cmake --build /home/scu2u/ros2_ws/build/scu2u_sim -- -j4 -l4
[3.854s] DEBUG:colcon.colcon_core.event_handler.log_command:Invoking command in '/home/scu2u/ros2_ws/build/scu2u_sim': CMAKE_PREFIX_PATH=/opt/ros/humble /usr/bin/cmake --install /home/scu2u/ros2_ws/build/scu2u_sim
[3.932s] Level 1:colcon.colcon_core.environment:create_environment_scripts_only(scu2u_sim)
[3.934s] DEBUG:colcon.colcon_core.event_handler.log_command:Invoked command in '/home/scu2u/ros2_ws/build/scu2u_sim' returned '0': CMAKE_PREFIX_PATH=/opt/ros/humble /usr/bin/cmake --install /home/scu2u/ros2_ws/build/scu2u_sim
[3.946s] Level 1:colcon.colcon_core.environment:checking '/home/scu2u/ros2_ws/install/scu2u_sim' for CMake module files
[3.950s] Level 1:colcon.colcon_core.environment:checking '/home/scu2u/ros2_ws/install/scu2u_sim' for CMake config files
[3.952s] Level 1:colcon.colcon_core.shell:create_environment_hook('scu2u_sim', 'cmake_prefix_path')
[3.954s] INFO:colcon.colcon_core.shell:Creating environment hook '/home/scu2u/ros2_ws/install/scu2u_sim/share/scu2u_sim/hook/cmake_prefix_path.ps1'
[3.958s] INFO:colcon.colcon_core.shell:Creating environment descriptor '/home/scu2u/ros2_ws/install/scu2u_sim/share/scu2u_sim/hook/cmake_prefix_path.dsv'
[3.960s] INFO:colcon.colcon_core.shell:Creating environment hook '/home/scu2u/ros2_ws/install/scu2u_sim/share/scu2u_sim/hook/cmake_prefix_path.sh'
[3.964s] Level 1:colcon.colcon_core.environment:checking '/home/scu2u/ros2_ws/install/scu2u_sim/bin'
[3.965s] Level 1:colcon.colcon_core.environment:checking '/home/scu2u/ros2_ws/install/scu2u_sim/lib/pkgconfig/scu2u_sim.pc'
[3.967s] Level 1:colcon.colcon_core.environment:checking '/home/scu2u/ros2_ws/install/scu2u_sim/lib/python3.10/site-packages'
[3.970s] Level 1:colcon.colcon_core.environment:checking '/home/scu2u/ros2_ws/install/scu2u_sim/bin'
[3.971s] INFO:colcon.colcon_core.shell:Creating package script '/home/scu2u/ros2_ws/install/scu2u_sim/share/scu2u_sim/package.ps1'
[3.978s] INFO:colcon.colcon_core.shell:Creating package descriptor '/home/scu2u/ros2_ws/install/scu2u_sim/share/scu2u_sim/package.dsv'
[3.986s] INFO:colcon.colcon_core.shell:Creating package script '/home/scu2u/ros2_ws/install/scu2u_sim/share/scu2u_sim/package.sh'
[3.993s] INFO:colcon.colcon_core.shell:Creating package script '/home/scu2u/ros2_ws/install/scu2u_sim/share/scu2u_sim/package.bash'
[4.000s] INFO:colcon.colcon_core.shell:Creating package script '/home/scu2u/ros2_ws/install/scu2u_sim/share/scu2u_sim/package.zsh'
[4.006s] Level 1:colcon.colcon_core.environment:create_file_with_runtime_dependencies(/home/scu2u/ros2_ws/install/scu2u_sim/share/colcon-core/packages/scu2u_sim)
[4.009s] Level 1:colcon.colcon_core.environment:create_environment_scripts_only(scu2u_sim)
[4.011s] Level 1:colcon.colcon_core.environment:checking '/home/scu2u/ros2_ws/install/scu2u_sim' for CMake module files
[4.015s] Level 1:colcon.colcon_core.environment:checking '/home/scu2u/ros2_ws/install/scu2u_sim' for CMake config files
[4.018s] Level 1:colcon.colcon_core.shell:create_environment_hook('scu2u_sim', 'cmake_prefix_path')
[4.019s] INFO:colcon.colcon_core.shell:Creating environment hook '/home/scu2u/ros2_ws/install/scu2u_sim/share/scu2u_sim/hook/cmake_prefix_path.ps1'
[4.022s] INFO:colcon.colcon_core.shell:Creating environment descriptor '/home/scu2u/ros2_ws/install/scu2u_sim/share/scu2u_sim/hook/cmake_prefix_path.dsv'
[4.024s] INFO:colcon.colcon_core.shell:Creating environment hook '/home/scu2u/ros2_ws/install/scu2u_sim/share/scu2u_sim/hook/cmake_prefix_path.sh'
[4.028s] Level 1:colcon.colcon_core.environment:checking '/home/scu2u/ros2_ws/install/scu2u_sim/bin'
[4.028s] Level 1:colcon.colcon_core.environment:checking '/home/scu2u/ros2_ws/install/scu2u_sim/lib/pkgconfig/scu2u_sim.pc'
[4.030s] Level 1:colcon.colcon_core.environment:checking '/home/scu2u/ros2_ws/install/scu2u_sim/lib/python3.10/site-packages'
[4.031s] Level 1:colcon.colcon_core.environment:checking '/home/scu2u/ros2_ws/install/scu2u_sim/bin'
[4.033s] INFO:colcon.colcon_core.shell:Creating package script '/home/scu2u/ros2_ws/install/scu2u_sim/share/scu2u_sim/package.ps1'
[4.036s] INFO:colcon.colcon_core.shell:Creating package descriptor '/home/scu2u/ros2_ws/install/scu2u_sim/share/scu2u_sim/package.dsv'
[4.039s] INFO:colcon.colcon_core.shell:Creating package script '/home/scu2u/ros2_ws/install/scu2u_sim/share/scu2u_sim/package.sh'
[4.042s] INFO:colcon.colcon_core.shell:Creating package script '/home/scu2u/ros2_ws/install/scu2u_sim/share/scu2u_sim/package.bash'
[4.044s] INFO:colcon.colcon_core.shell:Creating package script '/home/scu2u/ros2_ws/install/scu2u_sim/share/scu2u_sim/package.zsh'
[4.047s] Level 1:colcon.colcon_core.environment:create_file_with_runtime_dependencies(/home/scu2u/ros2_ws/install/scu2u_sim/share/colcon-core/packages/scu2u_sim)
[5.675s] DEBUG:colcon.colcon_core.event_handler.log_command:Invoking command in '/home/scu2u/ros2_ws/src/python_package': PYTHONPATH=/home/scu2u/ros2_ws/build/python_package/prefix_override:/usr/lib/python3/dist-packages/colcon_core/task/python/colcon_distutils_commands:/home/scu2u/ros2_ws/install/python_package/lib/python3.10/site-packages:${PYTHONPATH} /usr/bin/python3 -W ignore:setup.py install is deprecated -W ignore:easy_install command is deprecated setup.py egg_info --egg-base ../../build/python_package build --build-base /home/scu2u/ros2_ws/build/python_package/build install --record /home/scu2u/ros2_ws/build/python_package/install.log --single-version-externally-managed install_data
[7.383s] Level 1:colcon.colcon_core.environment:checking '/home/scu2u/ros2_ws/install/python_package' for CMake module files
[7.385s] DEBUG:colcon.colcon_core.event_handler.log_command:Invoked command in '/home/scu2u/ros2_ws/src/python_package' returned '0': PYTHONPATH=/home/scu2u/ros2_ws/build/python_package/prefix_override:/usr/lib/python3/dist-packages/colcon_core/task/python/colcon_distutils_commands:/home/scu2u/ros2_ws/install/python_package/lib/python3.10/site-packages:${PYTHONPATH} /usr/bin/python3 -W ignore:setup.py install is deprecated -W ignore:easy_install command is deprecated setup.py egg_info --egg-base ../../build/python_package build --build-base /home/scu2u/ros2_ws/build/python_package/build install --record /home/scu2u/ros2_ws/build/python_package/install.log --single-version-externally-managed install_data
[7.387s] Level 1:colcon.colcon_core.environment:checking '/home/scu2u/ros2_ws/install/python_package' for CMake config files
[7.392s] Level 1:colcon.colcon_core.environment:checking '/home/scu2u/ros2_ws/install/python_package/lib'
[7.394s] Level 1:colcon.colcon_core.environment:checking '/home/scu2u/ros2_ws/install/python_package/bin'
[7.394s] Level 1:colcon.colcon_core.environment:checking '/home/scu2u/ros2_ws/install/python_package/lib/pkgconfig/python_package.pc'
[7.396s] Level 1:colcon.colcon_core.environment:checking '/home/scu2u/ros2_ws/install/python_package/lib/python3.10/site-packages'
[7.397s] Level 1:colcon.colcon_core.shell:create_environment_hook('python_package', 'pythonpath')
[7.398s] INFO:colcon.colcon_core.shell:Creating environment hook '/home/scu2u/ros2_ws/install/python_package/share/python_package/hook/pythonpath.ps1'
[7.401s] INFO:colcon.colcon_core.shell:Creating environment descriptor '/home/scu2u/ros2_ws/install/python_package/share/python_package/hook/pythonpath.dsv'
[7.405s] INFO:colcon.colcon_core.shell:Creating environment hook '/home/scu2u/ros2_ws/install/python_package/share/python_package/hook/pythonpath.sh'
[7.413s] Level 1:colcon.colcon_core.environment:checking '/home/scu2u/ros2_ws/install/python_package/bin'
[7.414s] Level 1:colcon.colcon_core.environment:create_environment_scripts_only(python_package)
[7.418s] INFO:colcon.colcon_core.shell:Creating package script '/home/scu2u/ros2_ws/install/python_package/share/python_package/package.ps1'
[7.423s] INFO:colcon.colcon_core.shell:Creating package descriptor '/home/scu2u/ros2_ws/install/python_package/share/python_package/package.dsv'
[7.426s] INFO:colcon.colcon_core.shell:Creating package script '/home/scu2u/ros2_ws/install/python_package/share/python_package/package.sh'
[7.428s] INFO:colcon.colcon_core.shell:Creating package script '/home/scu2u/ros2_ws/install/python_package/share/python_package/package.bash'
[7.432s] INFO:colcon.colcon_core.shell:Creating package script '/home/scu2u/ros2_ws/install/python_package/share/python_package/package.zsh'
[7.435s] Level 1:colcon.colcon_core.environment:create_file_with_runtime_dependencies(/home/scu2u/ros2_ws/install/python_package/share/colcon-core/packages/python_package)
[7.436s] DEBUG:colcon.colcon_parallel_executor.executor.parallel:closing loop
[7.437s] DEBUG:colcon.colcon_parallel_executor.executor.parallel:loop closed
[7.437s] DEBUG:colcon.colcon_parallel_executor.executor.parallel:run_until_complete finished with '0'
[7.438s] DEBUG:colcon.colcon_core.event_reactor:joining thread
[7.468s] INFO:colcon.colcon_core.plugin_system:Skipping extension 'colcon_notification.desktop_notification.terminal_notifier': Not used on non-Darwin systems
[7.468s] INFO:colcon.colcon_core.plugin_system:Skipping extension 'colcon_notification.desktop_notification.win32': Not used on non-Windows systems
[7.469s] INFO:colcon.colcon_notification.desktop_notification:Sending desktop notification using 'notify2'
[7.533s] DEBUG:colcon.colcon_core.event_reactor:joined thread
[7.534s] INFO:colcon.colcon_core.shell:Creating prefix script '/home/scu2u/ros2_ws/install/local_setup.ps1'
[7.539s] INFO:colcon.colcon_core.shell:Creating prefix util module '/home/scu2u/ros2_ws/install/_local_setup_util_ps1.py'
[7.550s] INFO:colcon.colcon_core.shell:Creating prefix chain script '/home/scu2u/ros2_ws/install/setup.ps1'
[7.556s] INFO:colcon.colcon_core.shell:Creating prefix script '/home/scu2u/ros2_ws/install/local_setup.sh'
[7.562s] INFO:colcon.colcon_core.shell:Creating prefix util module '/home/scu2u/ros2_ws/install/_local_setup_util_sh.py'
[7.566s] INFO:colcon.colcon_core.shell:Creating prefix chain script '/home/scu2u/ros2_ws/install/setup.sh'
[7.572s] INFO:colcon.colcon_core.shell:Creating prefix script '/home/scu2u/ros2_ws/install/local_setup.bash'
[7.577s] INFO:colcon.colcon_core.shell:Creating prefix chain script '/home/scu2u/ros2_ws/install/setup.bash'
[7.584s] INFO:colcon.colcon_core.shell:Creating prefix script '/home/scu2u/ros2_ws/install/local_setup.zsh'
[7.589s] INFO:colcon.colcon_core.shell:Creating prefix chain script '/home/scu2u/ros2_ws/install/setup.zsh'
