[0.644s] Invoking command in '/home/scu2u/senior_design/senior_design/ros2_ws/build/scu2u_sim': CMAKE_PREFIX_PATH=/opt/ros/humble /usr/bin/cmake --build /home/scu2u/senior_design/senior_design/ros2_ws/build/scu2u_sim -- -j6 -l6
[0.737s] Invoked command in '/home/scu2u/senior_design/senior_design/ros2_ws/build/scu2u_sim' returned '0': CMAKE_PREFIX_PATH=/opt/ros/humble /usr/bin/cmake --build /home/scu2u/senior_design/senior_design/ros2_ws/build/scu2u_sim -- -j6 -l6
[0.757s] Invoking command in '/home/scu2u/senior_design/senior_design/ros2_ws/build/scu2u_sim': CMAKE_PREFIX_PATH=/opt/ros/humble /usr/bin/cmake --install /home/scu2u/senior_design/senior_design/ros2_ws/build/scu2u_sim
[0.775s] -- Install configuration: ""
[0.777s] -- Execute custom install script
[0.778s] -- Up-to-date symlink: /home/scu2u/senior_design/senior_design/ros2_ws/install/scu2u_sim/share/scu2u_sim/launch/sim.launch.py
[0.779s] -- Up-to-date symlink: /home/scu2u/senior_design/senior_design/ros2_ws/install/scu2u_sim/share/scu2u_sim/worlds/campus.sdf
[0.780s] -- Up-to-date symlink: /home/scu2u/senior_design/senior_design/ros2_ws/install/scu2u_sim/share/scu2u_sim/worlds/shapes2.sdf
[0.782s] -- Up-to-date symlink: /home/scu2u/senior_design/senior_design/ros2_ws/install/scu2u_sim/share/ament_index/resource_index/package_run_dependencies/scu2u_sim
[0.782s] -- Up-to-date symlink: /home/scu2u/senior_design/senior_design/ros2_ws/install/scu2u_sim/share/ament_index/resource_index/parent_prefix_path/scu2u_sim
[0.782s] -- Up-to-date symlink: /home/scu2u/senior_design/senior_design/ros2_ws/install/scu2u_sim/share/scu2u_sim/environment/ament_prefix_path.sh
[0.783s] -- Up-to-date symlink: /home/scu2u/senior_design/senior_design/ros2_ws/install/scu2u_sim/share/scu2u_sim/environment/ament_prefix_path.dsv
[0.783s] -- Up-to-date symlink: /home/scu2u/senior_design/senior_design/ros2_ws/install/scu2u_sim/share/scu2u_sim/environment/path.sh
[0.785s] -- Up-to-date symlink: /home/scu2u/senior_design/senior_design/ros2_ws/install/scu2u_sim/share/scu2u_sim/environment/path.dsv
[0.785s] -- Up-to-date symlink: /home/scu2u/senior_design/senior_design/ros2_ws/install/scu2u_sim/share/scu2u_sim/local_setup.bash
[0.785s] -- Up-to-date symlink: /home/scu2u/senior_design/senior_design/ros2_ws/install/scu2u_sim/share/scu2u_sim/local_setup.sh
[0.785s] -- Up-to-date symlink: /home/scu2u/senior_design/senior_design/ros2_ws/install/scu2u_sim/share/scu2u_sim/local_setup.zsh
[0.785s] -- Up-to-date symlink: /home/scu2u/senior_design/senior_design/ros2_ws/install/scu2u_sim/share/scu2u_sim/local_setup.dsv
[0.786s] -- Symlinking: /home/scu2u/senior_design/senior_design/ros2_ws/install/scu2u_sim/share/scu2u_sim/package.dsv
[0.812s] -- Up-to-date symlink: /home/scu2u/senior_design/senior_design/ros2_ws/install/scu2u_sim/share/ament_index/resource_index/packages/scu2u_sim
[0.812s] -- Up-to-date symlink: /home/scu2u/senior_design/senior_design/ros2_ws/install/scu2u_sim/share/scu2u_sim/cmake/scu2u_simConfig.cmake
[0.813s] -- Up-to-date symlink: /home/scu2u/senior_design/senior_design/ros2_ws/install/scu2u_sim/share/scu2u_sim/cmake/scu2u_simConfig-version.cmake
[0.813s] -- Up-to-date symlink: /home/scu2u/senior_design/senior_design/ros2_ws/install/scu2u_sim/share/scu2u_sim/package.xml
[0.819s] Invoked command in '/home/scu2u/senior_design/senior_design/ros2_ws/build/scu2u_sim' returned '0': CMAKE_PREFIX_PATH=/opt/ros/humble /usr/bin/cmake --install /home/scu2u/senior_design/senior_design/ros2_ws/build/scu2u_sim
