[4.884s] Invoking command in '/home/scu2u/ros2_ws/src/python_package': PYTHONPATH=/home/scu2u/ros2_ws/build/python_package/prefix_override:/usr/lib/python3/dist-packages/colcon_core/task/python/colcon_distutils_commands:/home/scu2u/ros2_ws/install/python_package/lib/python3.10/site-packages:${PYTHONPATH} /usr/bin/python3 -W ignore:setup.py install is deprecated -W ignore:easy_install command is deprecated setup.py egg_info --egg-base ../../build/python_package build --build-base /home/scu2u/ros2_ws/build/python_package/build install --record /home/scu2u/ros2_ws/build/python_package/install.log --single-version-externally-managed install_data
[6.452s] running egg_info
[6.454s] creating ../../build/python_package/python_package.egg-info
[6.455s] writing ../../build/python_package/python_package.egg-info/PKG-INFO
[6.457s] writing dependency_links to ../../build/python_package/python_package.egg-info/dependency_links.txt
[6.457s] writing entry points to ../../build/python_package/python_package.egg-info/entry_points.txt
[6.458s] writing requirements to ../../build/python_package/python_package.egg-info/requires.txt
[6.459s] writing top-level names to ../../build/python_package/python_package.egg-info/top_level.txt
[6.460s] writing manifest file '../../build/python_package/python_package.egg-info/SOURCES.txt'
[6.468s] reading manifest file '../../build/python_package/python_package.egg-info/SOURCES.txt'
[6.471s] writing manifest file '../../build/python_package/python_package.egg-info/SOURCES.txt'
[6.472s] running build
[6.473s] running build_py
[6.474s] creating /home/scu2u/ros2_ws/build/python_package/build
[6.475s] creating /home/scu2u/ros2_ws/build/python_package/build/lib
[6.476s] creating /home/scu2u/ros2_ws/build/python_package/build/lib/python_package
[6.476s] copying python_package/__init__.py -> /home/scu2u/ros2_ws/build/python_package/build/lib/python_package
[6.478s] copying python_package/log_imu_data_wifi.py -> /home/scu2u/ros2_ws/build/python_package/build/lib/python_package
[6.479s] creating /home/scu2u/ros2_ws/build/python_package/build/lib/python_package/testing
[6.480s] copying python_package/testing/__init__.py -> /home/scu2u/ros2_ws/build/python_package/build/lib/python_package/testing
[6.481s] copying python_package/testing/test_sub.py -> /home/scu2u/ros2_ws/build/python_package/build/lib/python_package/testing
[6.482s] copying python_package/testing/test_pub.py -> /home/scu2u/ros2_ws/build/python_package/build/lib/python_package/testing
[6.484s] running install
[6.487s] running install_lib
[6.496s] creating /home/scu2u/ros2_ws/install/python_package/lib/python3.10/site-packages/python_package
[6.499s] copying /home/scu2u/ros2_ws/build/python_package/build/lib/python_package/__init__.py -> /home/scu2u/ros2_ws/install/python_package/lib/python3.10/site-packages/python_package
[6.502s] creating /home/scu2u/ros2_ws/install/python_package/lib/python3.10/site-packages/python_package/testing
[6.504s] copying /home/scu2u/ros2_ws/build/python_package/build/lib/python_package/testing/__init__.py -> /home/scu2u/ros2_ws/install/python_package/lib/python3.10/site-packages/python_package/testing
[6.505s] copying /home/scu2u/ros2_ws/build/python_package/build/lib/python_package/testing/test_sub.py -> /home/scu2u/ros2_ws/install/python_package/lib/python3.10/site-packages/python_package/testing
[6.506s] copying /home/scu2u/ros2_ws/build/python_package/build/lib/python_package/testing/test_pub.py -> /home/scu2u/ros2_ws/install/python_package/lib/python3.10/site-packages/python_package/testing
[6.507s] copying /home/scu2u/ros2_ws/build/python_package/build/lib/python_package/log_imu_data_wifi.py -> /home/scu2u/ros2_ws/install/python_package/lib/python3.10/site-packages/python_package
[6.510s] byte-compiling /home/scu2u/ros2_ws/install/python_package/lib/python3.10/site-packages/python_package/__init__.py to __init__.cpython-310.pyc
[6.512s] byte-compiling /home/scu2u/ros2_ws/install/python_package/lib/python3.10/site-packages/python_package/testing/__init__.py to __init__.cpython-310.pyc
[6.516s] byte-compiling /home/scu2u/ros2_ws/install/python_package/lib/python3.10/site-packages/python_package/testing/test_sub.py to test_sub.cpython-310.pyc
[6.520s] byte-compiling /home/scu2u/ros2_ws/install/python_package/lib/python3.10/site-packages/python_package/testing/test_pub.py to test_pub.cpython-310.pyc
[6.523s] byte-compiling /home/scu2u/ros2_ws/install/python_package/lib/python3.10/site-packages/python_package/log_imu_data_wifi.py to log_imu_data_wifi.cpython-310.pyc
[6.535s] running install_data
[6.536s] creating /home/scu2u/ros2_ws/install/python_package/share/ament_index
[6.536s] creating /home/scu2u/ros2_ws/install/python_package/share/ament_index/resource_index
[6.537s] creating /home/scu2u/ros2_ws/install/python_package/share/ament_index/resource_index/packages
[6.538s] copying resource/python_package -> /home/scu2u/ros2_ws/install/python_package/share/ament_index/resource_index/packages
[6.539s] copying package.xml -> /home/scu2u/ros2_ws/install/python_package/share/python_package
[6.540s] running install_egg_info
[6.542s] Copying ../../build/python_package/python_package.egg-info to /home/scu2u/ros2_ws/install/python_package/lib/python3.10/site-packages/python_package-0.0.0-py3.10.egg-info
[6.550s] running install_scripts
[6.664s] Installing log_imu_data_wifi script to /home/scu2u/ros2_ws/install/python_package/lib/python_package
[6.665s] Installing test_pub script to /home/scu2u/ros2_ws/install/python_package/lib/python_package
[6.666s] Installing test_sub script to /home/scu2u/ros2_ws/install/python_package/lib/python_package
[6.668s] writing list of installed files to '/home/scu2u/ros2_ws/build/python_package/install.log'
[6.852s] Invoked command in '/home/scu2u/ros2_ws/src/python_package' returned '0': PYTHONPATH=/home/scu2u/ros2_ws/build/python_package/prefix_override:/usr/lib/python3/dist-packages/colcon_core/task/python/colcon_distutils_commands:/home/scu2u/ros2_ws/install/python_package/lib/python3.10/site-packages:${PYTHONPATH} /usr/bin/python3 -W ignore:setup.py install is deprecated -W ignore:easy_install command is deprecated setup.py egg_info --egg-base ../../build/python_package build --build-base /home/scu2u/ros2_ws/build/python_package/build install --record /home/scu2u/ros2_ws/build/python_package/install.log --single-version-externally-managed install_data
