[1.617s] DEBUG:colcon:Command line arguments: ['/usr/bin/colcon', 'build', '--packages-select', 'python_package']
[1.617s] DEBUG:colcon:Parsed command line arguments: Namespace(log_base=None, log_level=None, verb_name='build', build_base='build', install_base='install', merge_install=False, symlink_install=False, test_result_base=None, continue_on_error=False, executor='parallel', parallel_workers=4, event_handlers=None, ignore_user_meta=False, metas=['./colcon.meta'], base_paths=['.'], packages_ignore=None, packages_ignore_regex=None, paths=None, packages_up_to=None, packages_up_to_regex=None, packages_above=None, packages_above_and_dependencies=None, packages_above_depth=None, packages_select_by_dep=None, packages_skip_by_dep=None, packages_skip_up_to=None, packages_select_build_failed=False, packages_skip_build_finished=False, packages_select_test_failures=False, packages_skip_test_passed=False, packages_select=['python_package'], packages_skip=None, packages_select_regex=None, packages_skip_regex=None, packages_start=None, packages_end=None, allow_overriding=[], cmake_args=None, cmake_target=None, cmake_target_skip_unavailable=False, cmake_clean_cache=False, cmake_clean_first=False, cmake_force_configure=False, ament_cmake_args=None, catkin_cmake_args=None, catkin_skip_building_tests=False, mixin_files=None, mixin=None, verb_parser=<colcon_mixin.mixin.mixin_argument.MixinArgumentDecorator object at 0xffff80890ac0>, verb_extension=<colcon_core.verb.build.BuildVerb object at 0xffff809b9ab0>, main=<bound method BuildVerb.main of <colcon_core.verb.build.BuildVerb object at 0xffff809b9ab0>>, mixin_verb=('build',))
[2.765s] Level 1:colcon.colcon_core.package_discovery:discover_packages(colcon_meta) check parameters
[2.766s] Level 1:colcon.colcon_core.package_discovery:discover_packages(recursive) check parameters
[2.766s] Level 1:colcon.colcon_core.package_discovery:discover_packages(ignore) check parameters
[2.767s] Level 1:colcon.colcon_core.package_discovery:discover_packages(path) check parameters
[2.767s] Level 1:colcon.colcon_core.package_discovery:discover_packages(colcon_meta) discover
[2.768s] Level 1:colcon.colcon_core.package_discovery:discover_packages(recursive) discover
[2.768s] INFO:colcon.colcon_core.package_discovery:Crawling recursively for packages in '/home/scu2u/ros2_ws'
[2.769s] Level 1:colcon.colcon_core.package_identification:_identify(.) by extensions ['ignore', 'ignore_ament_install']
[2.769s] Level 1:colcon.colcon_core.package_identification:_identify(.) by extension 'ignore'
[2.770s] Level 1:colcon.colcon_core.package_identification:_identify(.) by extension 'ignore_ament_install'
[2.770s] Level 1:colcon.colcon_core.package_identification:_identify(.) by extensions ['colcon_pkg']
[2.770s] Level 1:colcon.colcon_core.package_identification:_identify(.) by extension 'colcon_pkg'
[2.771s] Level 1:colcon.colcon_core.package_identification:_identify(.) by extensions ['colcon_meta']
[2.771s] Level 1:colcon.colcon_core.package_identification:_identify(.) by extension 'colcon_meta'
[2.771s] Level 1:colcon.colcon_core.package_identification:_identify(.) by extensions ['ros']
[2.771s] Level 1:colcon.colcon_core.package_identification:_identify(.) by extension 'ros'
[2.836s] Level 1:colcon.colcon_core.package_identification:_identify(.) by extensions ['cmake', 'python']
[2.837s] Level 1:colcon.colcon_core.package_identification:_identify(.) by extension 'cmake'
[2.837s] Level 1:colcon.colcon_core.package_identification:_identify(.) by extension 'python'
[2.837s] Level 1:colcon.colcon_core.package_identification:_identify(.) by extensions ['python_setup_py']
[2.837s] Level 1:colcon.colcon_core.package_identification:_identify(.) by extension 'python_setup_py'
[2.838s] Level 1:colcon.colcon_core.package_identification:_identify(build) by extensions ['ignore', 'ignore_ament_install']
[2.838s] Level 1:colcon.colcon_core.package_identification:_identify(build) by extension 'ignore'
[2.838s] Level 1:colcon.colcon_core.package_identification:_identify(build) ignored
[2.839s] Level 1:colcon.colcon_core.package_identification:_identify(install) by extensions ['ignore', 'ignore_ament_install']
[2.840s] Level 1:colcon.colcon_core.package_identification:_identify(install) by extension 'ignore'
[2.840s] Level 1:colcon.colcon_core.package_identification:_identify(install) ignored
[2.841s] Level 1:colcon.colcon_core.package_identification:_identify(log) by extensions ['ignore', 'ignore_ament_install']
[2.842s] Level 1:colcon.colcon_core.package_identification:_identify(log) by extension 'ignore'
[2.843s] Level 1:colcon.colcon_core.package_identification:_identify(log) ignored
[2.843s] Level 1:colcon.colcon_core.package_identification:_identify(src) by extensions ['ignore', 'ignore_ament_install']
[2.844s] Level 1:colcon.colcon_core.package_identification:_identify(src) by extension 'ignore'
[2.845s] Level 1:colcon.colcon_core.package_identification:_identify(src) by extension 'ignore_ament_install'
[2.845s] Level 1:colcon.colcon_core.package_identification:_identify(src) by extensions ['colcon_pkg']
[2.846s] Level 1:colcon.colcon_core.package_identification:_identify(src) by extension 'colcon_pkg'
[2.847s] Level 1:colcon.colcon_core.package_identification:_identify(src) by extensions ['colcon_meta']
[2.847s] Level 1:colcon.colcon_core.package_identification:_identify(src) by extension 'colcon_meta'
[2.848s] Level 1:colcon.colcon_core.package_identification:_identify(src) by extensions ['ros']
[2.848s] Level 1:colcon.colcon_core.package_identification:_identify(src) by extension 'ros'
[2.849s] Level 1:colcon.colcon_core.package_identification:_identify(src) by extensions ['cmake', 'python']
[2.849s] Level 1:colcon.colcon_core.package_identification:_identify(src) by extension 'cmake'
[2.850s] Level 1:colcon.colcon_core.package_identification:_identify(src) by extension 'python'
[2.850s] Level 1:colcon.colcon_core.package_identification:_identify(src) by extensions ['python_setup_py']
[2.850s] Level 1:colcon.colcon_core.package_identification:_identify(src) by extension 'python_setup_py'
[2.851s] Level 1:colcon.colcon_core.package_identification:_identify(src/python_package) by extensions ['ignore', 'ignore_ament_install']
[2.851s] Level 1:colcon.colcon_core.package_identification:_identify(src/python_package) by extension 'ignore'
[2.851s] Level 1:colcon.colcon_core.package_identification:_identify(src/python_package) by extension 'ignore_ament_install'
[2.852s] Level 1:colcon.colcon_core.package_identification:_identify(src/python_package) by extensions ['colcon_pkg']
[2.852s] Level 1:colcon.colcon_core.package_identification:_identify(src/python_package) by extension 'colcon_pkg'
[2.852s] Level 1:colcon.colcon_core.package_identification:_identify(src/python_package) by extensions ['colcon_meta']
[2.852s] Level 1:colcon.colcon_core.package_identification:_identify(src/python_package) by extension 'colcon_meta'
[2.852s] Level 1:colcon.colcon_core.package_identification:_identify(src/python_package) by extensions ['ros']
[2.853s] Level 1:colcon.colcon_core.package_identification:_identify(src/python_package) by extension 'ros'
[2.865s] DEBUG:colcon.colcon_core.package_identification:Package 'src/python_package' with type 'ros.ament_python' and name 'python_package'
[2.865s] Level 1:colcon.colcon_core.package_discovery:discover_packages(recursive) using defaults
[2.865s] Level 1:colcon.colcon_core.package_discovery:discover_packages(ignore) discover
[2.865s] Level 1:colcon.colcon_core.package_discovery:discover_packages(ignore) using defaults
[2.865s] Level 1:colcon.colcon_core.package_discovery:discover_packages(path) discover
[2.866s] Level 1:colcon.colcon_core.package_discovery:discover_packages(path) using defaults
[3.015s] Level 1:colcon.colcon_core.package_discovery:discover_packages(prefix_path) check parameters
[3.016s] Level 1:colcon.colcon_core.package_discovery:discover_packages(prefix_path) discover
[3.024s] Level 1:colcon.colcon_core.package_discovery:discover_packages(prefix_path) using defaults
[3.030s] Level 5:colcon.colcon_core.verb:set package 'python_package' build argument 'cmake_args' from command line to 'None'
[3.030s] Level 5:colcon.colcon_core.verb:set package 'python_package' build argument 'cmake_target' from command line to 'None'
[3.031s] Level 5:colcon.colcon_core.verb:set package 'python_package' build argument 'cmake_target_skip_unavailable' from command line to 'False'
[3.031s] Level 5:colcon.colcon_core.verb:set package 'python_package' build argument 'cmake_clean_cache' from command line to 'False'
[3.031s] Level 5:colcon.colcon_core.verb:set package 'python_package' build argument 'cmake_clean_first' from command line to 'False'
[3.031s] Level 5:colcon.colcon_core.verb:set package 'python_package' build argument 'cmake_force_configure' from command line to 'False'
[3.031s] Level 5:colcon.colcon_core.verb:set package 'python_package' build argument 'ament_cmake_args' from command line to 'None'
[3.031s] Level 5:colcon.colcon_core.verb:set package 'python_package' build argument 'catkin_cmake_args' from command line to 'None'
[3.031s] Level 5:colcon.colcon_core.verb:set package 'python_package' build argument 'catkin_skip_building_tests' from command line to 'False'
[3.031s] DEBUG:colcon.colcon_core.verb:Building package 'python_package' with the following arguments: {'ament_cmake_args': None, 'build_base': '/home/scu2u/ros2_ws/build/python_package', 'catkin_cmake_args': None, 'catkin_skip_building_tests': False, 'cmake_args': None, 'cmake_clean_cache': False, 'cmake_clean_first': False, 'cmake_force_configure': False, 'cmake_target': None, 'cmake_target_skip_unavailable': False, 'install_base': '/home/scu2u/ros2_ws/install/python_package', 'merge_install': False, 'path': '/home/scu2u/ros2_ws/src/python_package', 'symlink_install': False, 'test_result_base': None}
[3.032s] INFO:colcon.colcon_core.executor:Executing jobs using 'parallel' executor
[3.036s] DEBUG:colcon.colcon_parallel_executor.executor.parallel:run_until_complete
[3.037s] INFO:colcon.colcon_ros.task.ament_python.build:Building ROS package in '/home/scu2u/ros2_ws/src/python_package' with build type 'ament_python'
[3.038s] Level 1:colcon.colcon_core.shell:create_environment_hook('python_package', 'ament_prefix_path')
[3.060s] INFO:colcon.colcon_core.plugin_system:Skipping extension 'colcon_core.shell.bat': Not used on non-Windows systems
[3.062s] INFO:colcon.colcon_core.shell:Creating environment hook '/home/scu2u/ros2_ws/install/python_package/share/python_package/hook/ament_prefix_path.ps1'
[3.069s] INFO:colcon.colcon_core.shell:Creating environment descriptor '/home/scu2u/ros2_ws/install/python_package/share/python_package/hook/ament_prefix_path.dsv'
[3.075s] INFO:colcon.colcon_core.shell:Creating environment hook '/home/scu2u/ros2_ws/install/python_package/share/python_package/hook/ament_prefix_path.sh'
[3.082s] INFO:colcon.colcon_core.shell:Skip shell extension 'powershell' for command environment: Not usable outside of PowerShell
[3.083s] DEBUG:colcon.colcon_core.shell:Skip shell extension 'dsv' for command environment
[5.031s] INFO:colcon.colcon_core.task.python.build:Building Python package in '/home/scu2u/ros2_ws/src/python_package'
[5.035s] INFO:colcon.colcon_core.shell:Skip shell extension 'powershell' for command environment: Not usable outside of PowerShell
[5.037s] DEBUG:colcon.colcon_core.shell:Skip shell extension 'dsv' for command environment
[7.394s] DEBUG:colcon.colcon_core.event_handler.log_command:Invoking command in '/home/scu2u/ros2_ws/src/python_package': PYTHONPATH=/home/scu2u/ros2_ws/build/python_package/prefix_override:/usr/lib/python3/dist-packages/colcon_core/task/python/colcon_distutils_commands:/home/scu2u/ros2_ws/install/python_package/lib/python3.10/site-packages: /usr/bin/python3 -W ignore:setup.py install is deprecated -W ignore:easy_install command is deprecated setup.py egg_info --egg-base ../../build/python_package build --build-base /home/scu2u/ros2_ws/build/python_package/build install --record /home/scu2u/ros2_ws/build/python_package/install.log --single-version-externally-managed install_data
[9.085s] DEBUG:colcon.colcon_core.event_handler.log_command:Invoked command in '/home/scu2u/ros2_ws/src/python_package' returned '0': PYTHONPATH=/home/scu2u/ros2_ws/build/python_package/prefix_override:/usr/lib/python3/dist-packages/colcon_core/task/python/colcon_distutils_commands:/home/scu2u/ros2_ws/install/python_package/lib/python3.10/site-packages: /usr/bin/python3 -W ignore:setup.py install is deprecated -W ignore:easy_install command is deprecated setup.py egg_info --egg-base ../../build/python_package build --build-base /home/scu2u/ros2_ws/build/python_package/build install --record /home/scu2u/ros2_ws/build/python_package/install.log --single-version-externally-managed install_data
[9.131s] Level 1:colcon.colcon_core.environment:checking '/home/scu2u/ros2_ws/install/python_package' for CMake module files
[9.135s] Level 1:colcon.colcon_core.environment:checking '/home/scu2u/ros2_ws/install/python_package' for CMake config files
[9.145s] Level 1:colcon.colcon_core.environment:checking '/home/scu2u/ros2_ws/install/python_package/lib'
[9.147s] Level 1:colcon.colcon_core.environment:checking '/home/scu2u/ros2_ws/install/python_package/bin'
[9.148s] Level 1:colcon.colcon_core.environment:checking '/home/scu2u/ros2_ws/install/python_package/lib/pkgconfig/python_package.pc'
[9.149s] Level 1:colcon.colcon_core.environment:checking '/home/scu2u/ros2_ws/install/python_package/lib/python3.10/site-packages'
[9.150s] Level 1:colcon.colcon_core.shell:create_environment_hook('python_package', 'pythonpath')
[9.151s] INFO:colcon.colcon_core.shell:Creating environment hook '/home/scu2u/ros2_ws/install/python_package/share/python_package/hook/pythonpath.ps1'
[9.158s] INFO:colcon.colcon_core.shell:Creating environment descriptor '/home/scu2u/ros2_ws/install/python_package/share/python_package/hook/pythonpath.dsv'
[9.161s] INFO:colcon.colcon_core.shell:Creating environment hook '/home/scu2u/ros2_ws/install/python_package/share/python_package/hook/pythonpath.sh'
[9.170s] Level 1:colcon.colcon_core.environment:checking '/home/scu2u/ros2_ws/install/python_package/bin'
[9.172s] Level 1:colcon.colcon_core.environment:create_environment_scripts_only(python_package)
[9.177s] INFO:colcon.colcon_core.shell:Creating package script '/home/scu2u/ros2_ws/install/python_package/share/python_package/package.ps1'
[9.191s] INFO:colcon.colcon_core.shell:Creating package descriptor '/home/scu2u/ros2_ws/install/python_package/share/python_package/package.dsv'
[9.199s] INFO:colcon.colcon_core.shell:Creating package script '/home/scu2u/ros2_ws/install/python_package/share/python_package/package.sh'
[9.210s] INFO:colcon.colcon_core.shell:Creating package script '/home/scu2u/ros2_ws/install/python_package/share/python_package/package.bash'
[9.219s] INFO:colcon.colcon_core.shell:Creating package script '/home/scu2u/ros2_ws/install/python_package/share/python_package/package.zsh'
[9.228s] Level 1:colcon.colcon_core.environment:create_file_with_runtime_dependencies(/home/scu2u/ros2_ws/install/python_package/share/colcon-core/packages/python_package)
[9.233s] DEBUG:colcon.colcon_parallel_executor.executor.parallel:closing loop
[9.234s] DEBUG:colcon.colcon_parallel_executor.executor.parallel:loop closed
[9.234s] DEBUG:colcon.colcon_parallel_executor.executor.parallel:run_until_complete finished with '0'
[9.235s] DEBUG:colcon.colcon_core.event_reactor:joining thread
[9.295s] INFO:colcon.colcon_core.plugin_system:Skipping extension 'colcon_notification.desktop_notification.terminal_notifier': Not used on non-Darwin systems
[9.296s] INFO:colcon.colcon_core.plugin_system:Skipping extension 'colcon_notification.desktop_notification.win32': Not used on non-Windows systems
[9.296s] INFO:colcon.colcon_notification.desktop_notification:Sending desktop notification using 'notify2'
[9.631s] DEBUG:colcon.colcon_core.event_reactor:joined thread
[9.633s] INFO:colcon.colcon_core.shell:Creating prefix script '/home/scu2u/ros2_ws/install/local_setup.ps1'
[9.644s] INFO:colcon.colcon_core.shell:Creating prefix util module '/home/scu2u/ros2_ws/install/_local_setup_util_ps1.py'
[9.657s] INFO:colcon.colcon_core.shell:Creating prefix chain script '/home/scu2u/ros2_ws/install/setup.ps1'
[9.662s] INFO:colcon.colcon_core.shell:Creating prefix script '/home/scu2u/ros2_ws/install/local_setup.sh'
[9.672s] INFO:colcon.colcon_core.shell:Creating prefix util module '/home/scu2u/ros2_ws/install/_local_setup_util_sh.py'
[9.678s] INFO:colcon.colcon_core.shell:Creating prefix chain script '/home/scu2u/ros2_ws/install/setup.sh'
[9.684s] INFO:colcon.colcon_core.shell:Creating prefix script '/home/scu2u/ros2_ws/install/local_setup.bash'
[9.693s] INFO:colcon.colcon_core.shell:Creating prefix chain script '/home/scu2u/ros2_ws/install/setup.bash'
[9.699s] INFO:colcon.colcon_core.shell:Creating prefix script '/home/scu2u/ros2_ws/install/local_setup.zsh'
[9.705s] INFO:colcon.colcon_core.shell:Creating prefix chain script '/home/scu2u/ros2_ws/install/setup.zsh'
